Archive member included to satisfy reference by file (symbol)

c:/st/stm32cubeide_1.6.1/stm32cubeide/plugins/com.st.stm32cube.ide.mcu.externaltools.gnu-tools-for-stm32.9-2020-q2-update.win32_2.0.0.202105311346/tools/bin/../lib/gcc/arm-none-eabi/9.3.1/../../../../arm-none-eabi/lib/thumb/v7e-m+fp/hard\libc_nano.a(lib_a-errno.o)
                              ./Core/Src/syscalls.o (__errno)
c:/st/stm32cubeide_1.6.1/stm32cubeide/plugins/com.st.stm32cube.ide.mcu.externaltools.gnu-tools-for-stm32.9-2020-q2-update.win32_2.0.0.202105311346/tools/bin/../lib/gcc/arm-none-eabi/9.3.1/../../../../arm-none-eabi/lib/thumb/v7e-m+fp/hard\libc_nano.a(lib_a-exit.o)
                              c:/st/stm32cubeide_1.6.1/stm32cubeide/plugins/com.st.stm32cube.ide.mcu.externaltools.gnu-tools-for-stm32.9-2020-q2-update.win32_2.0.0.202105311346/tools/bin/../lib/gcc/arm-none-eabi/9.3.1/../../../../arm-none-eabi/lib/thumb/v7e-m+fp/hard/crt0.o (exit)
c:/st/stm32cubeide_1.6.1/stm32cubeide/plugins/com.st.stm32cube.ide.mcu.externaltools.gnu-tools-for-stm32.9-2020-q2-update.win32_2.0.0.202105311346/tools/bin/../lib/gcc/arm-none-eabi/9.3.1/../../../../arm-none-eabi/lib/thumb/v7e-m+fp/hard\libc_nano.a(lib_a-findfp.o)
                              ./Middlewares/Third_Party/FreeRTOS/Source/tasks.o (__sf_fake_stderr)
c:/st/stm32cubeide_1.6.1/stm32cubeide/plugins/com.st.stm32cube.ide.mcu.externaltools.gnu-tools-for-stm32.9-2020-q2-update.win32_2.0.0.202105311346/tools/bin/../lib/gcc/arm-none-eabi/9.3.1/../../../../arm-none-eabi/lib/thumb/v7e-m+fp/hard\libc_nano.a(lib_a-fwalk.o)
                              c:/st/stm32cubeide_1.6.1/stm32cubeide/plugins/com.st.stm32cube.ide.mcu.externaltools.gnu-tools-for-stm32.9-2020-q2-update.win32_2.0.0.202105311346/tools/bin/../lib/gcc/arm-none-eabi/9.3.1/../../../../arm-none-eabi/lib/thumb/v7e-m+fp/hard\libc_nano.a(lib_a-findfp.o) (_fwalk)
c:/st/stm32cubeide_1.6.1/stm32cubeide/plugins/com.st.stm32cube.ide.mcu.externaltools.gnu-tools-for-stm32.9-2020-q2-update.win32_2.0.0.202105311346/tools/bin/../lib/gcc/arm-none-eabi/9.3.1/../../../../arm-none-eabi/lib/thumb/v7e-m+fp/hard\libc_nano.a(lib_a-impure.o)
                              c:/st/stm32cubeide_1.6.1/stm32cubeide/plugins/com.st.stm32cube.ide.mcu.externaltools.gnu-tools-for-stm32.9-2020-q2-update.win32_2.0.0.202105311346/tools/bin/../lib/gcc/arm-none-eabi/9.3.1/../../../../arm-none-eabi/lib/thumb/v7e-m+fp/hard\libc_nano.a(lib_a-exit.o) (_global_impure_ptr)
c:/st/stm32cubeide_1.6.1/stm32cubeide/plugins/com.st.stm32cube.ide.mcu.externaltools.gnu-tools-for-stm32.9-2020-q2-update.win32_2.0.0.202105311346/tools/bin/../lib/gcc/arm-none-eabi/9.3.1/../../../../arm-none-eabi/lib/thumb/v7e-m+fp/hard\libc_nano.a(lib_a-init.o)
                              c:/st/stm32cubeide_1.6.1/stm32cubeide/plugins/com.st.stm32cube.ide.mcu.externaltools.gnu-tools-for-stm32.9-2020-q2-update.win32_2.0.0.202105311346/tools/bin/../lib/gcc/arm-none-eabi/9.3.1/../../../../arm-none-eabi/lib/thumb/v7e-m+fp/hard/crt0.o (__libc_init_array)
c:/st/stm32cubeide_1.6.1/stm32cubeide/plugins/com.st.stm32cube.ide.mcu.externaltools.gnu-tools-for-stm32.9-2020-q2-update.win32_2.0.0.202105311346/tools/bin/../lib/gcc/arm-none-eabi/9.3.1/../../../../arm-none-eabi/lib/thumb/v7e-m+fp/hard\libc_nano.a(lib_a-lock.o)
                              c:/st/stm32cubeide_1.6.1/stm32cubeide/plugins/com.st.stm32cube.ide.mcu.externaltools.gnu-tools-for-stm32.9-2020-q2-update.win32_2.0.0.202105311346/tools/bin/../lib/gcc/arm-none-eabi/9.3.1/../../../../arm-none-eabi/lib/thumb/v7e-m+fp/hard\libc_nano.a(lib_a-findfp.o) (__retarget_lock_init_recursive)
c:/st/stm32cubeide_1.6.1/stm32cubeide/plugins/com.st.stm32cube.ide.mcu.externaltools.gnu-tools-for-stm32.9-2020-q2-update.win32_2.0.0.202105311346/tools/bin/../lib/gcc/arm-none-eabi/9.3.1/../../../../arm-none-eabi/lib/thumb/v7e-m+fp/hard\libc_nano.a(lib_a-memcpy-stub.o)
                              ./Middlewares/Third_Party/FreeRTOS/Source/CMSIS_RTOS_V2/cmsis_os2.o (memcpy)
c:/st/stm32cubeide_1.6.1/stm32cubeide/plugins/com.st.stm32cube.ide.mcu.externaltools.gnu-tools-for-stm32.9-2020-q2-update.win32_2.0.0.202105311346/tools/bin/../lib/gcc/arm-none-eabi/9.3.1/../../../../arm-none-eabi/lib/thumb/v7e-m+fp/hard\libc_nano.a(lib_a-memset.o)
                              c:/st/stm32cubeide_1.6.1/stm32cubeide/plugins/com.st.stm32cube.ide.mcu.externaltools.gnu-tools-for-stm32.9-2020-q2-update.win32_2.0.0.202105311346/tools/bin/../lib/gcc/arm-none-eabi/9.3.1/../../../../arm-none-eabi/lib/thumb/v7e-m+fp/hard/crt0.o (memset)
c:/st/stm32cubeide_1.6.1/stm32cubeide/plugins/com.st.stm32cube.ide.mcu.externaltools.gnu-tools-for-stm32.9-2020-q2-update.win32_2.0.0.202105311346/tools/bin/../lib/gcc/arm-none-eabi/9.3.1/../../../../arm-none-eabi/lib/thumb/v7e-m+fp/hard\libc_nano.a(lib_a-nano-mallocr.o)
[...]
Memory Configuration

Name             Origin             Length             Attributes
CCMRAM           0x0000000010000000 0x0000000000010000 xrw
RAM              0x0000000020000000 0x0000000000020000 xrw
FLASH            0x0000000008000000 0x0000000000080000 xr
*default*        0x0000000000000000 0xffffffffffffffff

Linker script and memory map

LOAD c:/st/stm32cubeide_1.6.1/stm32cubeide/plugins/com.st.stm32cube.ide.mcu.externaltools.gnu-tools-for-stm32.9-2020-q2-update.win32_2.0.0.202105311346/tools/bin/../lib/gcc/arm-none-eabi/9.3.1/thumb/v7e-m+fp/hard/crti.o
LOAD c:/st/stm32cubeide_1.6.1/stm32cubeide/plugins/com.st.stm32cube.ide.mcu.externaltools.gnu-tools-for-stm32.9-2020-q2-update.win32_2.0.0.202105311346/tools/bin/../lib/gcc/arm-none-eabi/9.3.1/thumb/v7e-m+fp/hard/crtbegin.o
LOAD c:/st/stm32cubeide_1.6.1/stm32cubeide/plugins/com.st.stm32cube.ide.mcu.externaltools.gnu-tools-for-stm32.9-2020-q2-update.win32_2.0.0.202105311346/tools/bin/../lib/gcc/arm-none-eabi/9.3.1/../../../../arm-none-eabi/lib/thumb/v7e-m+fp/hard/crt0.o
LOAD ./Core/Src/adc.o
LOAD ./Core/Src/dma.o
LOAD ./Core/Src/freertos.o
LOAD ./Core/Src/gpio.o
LOAD ./Core/Src/i2c.o
LOAD ./Core/Src/main.o
LOAD ./Core/Src/stm32f4xx_hal_msp.o
LOAD ./Core/Src/stm32f4xx_hal_timebase_tim.o
LOAD ./Core/Src/stm32f4xx_it.o
LOAD ./Core/Src/syscalls.o
LOAD ./Core/Src/sysmem.o
LOAD ./Core/Src/system_stm32f4xx.o
LOAD ./Core/Src/tim.o
LOAD ./Core/Src/usart.o
LOAD ./Core/Startup/startup_stm32f407vetx.o
LOAD ./Csro/Foundation/fnd_com/fnd_com.o
LOAD ./Csro/Foundation/fnd_eeprom/fnd_eeprom.o
LOAD ./Csro/Foundation/fnd_input/fnd_input.o
LOAD ./Csro/Foundation/fnd_input/fnd_input_adc.o
LOAD ./Csro/Foundation/fnd_input/fnd_input_gpio.o
LOAD ./Csro/Foundation/fnd_input/fnd_input_i2c.o
LOAD ./Csro/Foundation/fnd_input/fnd_input_tim.o
LOAD ./Csro/Foundation/fnd_output/fnd_output.o
LOAD ./Csro/Foundation/fnd_output/fnd_output_gpio.o
LOAD ./Csro/Foundation/fnd_output/fnd_output_pwm.o
LOAD ./Csro/Foundation/fnd_output/fnd_output_stepper.o
LOAD ./Drivers/STM32F4xx_HAL_Driver/Src/stm32f4xx_hal.o
LOAD ./Drivers/STM32F4xx_HAL_Driver/Src/stm32f4xx_hal_adc.o
LOAD ./Drivers/STM32F4xx_HAL_Driver/Src/stm32f4xx_hal_adc_ex.o
LOAD ./Drivers/STM32F4xx_HAL_Driver/Src/stm32f4xx_hal_cortex.o
LOAD ./Drivers/STM32F4xx_HAL_Driver/Src/stm32f4xx_hal_dma.o
LOAD ./Drivers/STM32F4xx_HAL_Driver/Src/stm32f4xx_hal_dma_ex.o
LOAD ./Drivers/STM32F4xx_HAL_Driver/Src/stm32f4xx_hal_exti.o
LOAD ./Drivers/STM32F4xx_HAL_Driver/Src/stm32f4xx_hal_flash.o
LOAD ./Drivers/STM32F4xx_HAL_Driver/Src/stm32f4xx_hal_flash_ex.o
LOAD ./Drivers/STM32F4xx_HAL_Driver/Src/stm32f4xx_hal_flash_ramfunc.o
LOAD ./Drivers/STM32F4xx_HAL_Driver/Src/stm32f4xx_hal_gpio.o
LOAD ./Drivers/STM32F4xx_HAL_Driver/Src/stm32f4xx_hal_i2c.o
LOAD ./Drivers/STM32F4xx_HAL_Driver/Src/stm32f4xx_hal_i2c_ex.o
LOAD ./Drivers/STM32F4xx_HAL_Driver/Src/stm32f4xx_hal_pwr.o
LOAD ./Drivers/STM32F4xx_HAL_Driver/Src/stm32f4xx_hal_pwr_ex.o
LOAD ./Drivers/STM32F4xx_HAL_Driver/Src/stm32f4xx_hal_rcc.o
LOAD ./Drivers/STM32F4xx_HAL_Driver/Src/stm32f4xx_hal_rcc_ex.o
LOAD ./Drivers/STM32F4xx_HAL_Driver/Src/stm32f4xx_hal_tim.o
LOAD ./Drivers/STM32F4xx_HAL_Driver/Src/stm32f4xx_hal_tim_ex.o
LOAD ./Drivers/STM32F4xx_HAL_Driver/Src/stm32f4xx_hal_uart.o
LOAD ./Drivers/STM32F4xx_HAL_Driver/Src/stm32f4xx_ll_adc.o
LOAD ./Middlewares/Third_Party/FreeRTOS/Source/CMSIS_RTOS_V2/cmsis_os2.o
LOAD ./Middlewares/Third_Party/FreeRTOS/Source/croutine.o
LOAD ./Middlewares/Third_Party/FreeRTOS/Source/event_groups.o
LOAD ./Middlewares/Third_Party/FreeRTOS/Source/list.o
LOAD ./Middlewares/Third_Party/FreeRTOS/Source/queue.o
LOAD ./Middlewares/Third_Party/FreeRTOS/Source/stream_buffer.o
LOAD ./Middlewares/Third_Party/FreeRTOS/Source/tasks.o
LOAD ./Middlewares/Third_Party/FreeRTOS/Source/timers.o
LOAD ./Middlewares/Third_Party/FreeRTOS/Source/portable/GCC/ARM_CM4F/port.o
LOAD ./Middlewares/Third_Party/FreeRTOS/Source/portable/MemMang/heap_4.o
LOAD ./Modbus_RTU/mb_master.o
LOAD ./Modbus_RTU/mb_slave.o
START GROUP
LOAD c:/st/stm32cubeide_1.6.1/stm32cubeide/plugins/com.st.stm32cube.ide.mcu.externaltools.gnu-tools-for-stm32.9-2020-q2-update.win32_2.0.0.202105311346/tools/bin/../lib/gcc/arm-none-eabi/9.3.1/../../../../arm-none-eabi/lib/thumb/v7e-m+fp/hard\libc_nano.a
LOAD c:/st/stm32cubeide_1.6.1/stm32cubeide/plugins/com.st.stm32cube.ide.mcu.externaltools.gnu-tools-for-stm32.9-2020-q2-update.win32_2.0.0.202105311346/tools/bin/../lib/gcc/arm-none-eabi/9.3.1/../../../../arm-none-eabi/lib/thumb/v7e-m+fp/hard\libm.a
END GROUP
START GROUP
LOAD c:/st/stm32cubeide_1.6.1/stm32cubeide/plugins/com.st.stm32cube.ide.mcu.externaltools.gnu-tools-for-stm32.9-2020-q2-update.win32_2.0.0.202105311346/tools/bin/../lib/gcc/arm-none-eabi/9.3.1/thumb/v7e-m+fp/hard\libgcc.a
LOAD c:/st/stm32cubeide_1.6.1/stm32cubeide/plugins/com.st.stm32cube.ide.mcu.externaltools.gnu-tools-for-stm32.9-2020-q2-update.win32_2.0.0.202105311346/tools/bin/../lib/gcc/arm-none-eabi/9.3.1/../../../../arm-none-eabi/lib/thumb/v7e-m+fp/hard\libc_nano.a
END GROUP
START GROUP
LOAD c:/st/stm32cubeide_1.6.1/stm32cubeide/plugins/com.st.stm32cube.ide.mcu.externaltools.gnu-tools-for-stm32.9-2020-q2-update.win32_2.0.0.202105311346/tools/bin/../lib/gcc/arm-none-eabi/9.3.1/thumb/v7e-m+fp/hard\libgcc.a
LOAD c:/st/stm32cubeide_1.6.1/stm32cubeide/plugins/com.st.stm32cube.ide.mcu.externaltools.gnu-tools-for-stm32.9-2020-q2-update.win32_2.0.0.202105311346/tools/bin/../lib/gcc/arm-none-eabi/9.3.1/../../../../arm-none-eabi/lib/thumb/v7e-m+fp/hard\libc_nano.a
LOAD c:/st/stm32cubeide_1.6.1/stm32cubeide/plugins/com.st.stm32cube.ide.mcu.externaltools.gnu-tools-for-stm32.9-2020-q2-update.win32_2.0.0.202105311346/tools/bin/../lib/gcc/arm-none-eabi/9.3.1/../../../../arm-none-eabi/lib/thumb/v7e-m+fp/hard\libnosys.a
END GROUP
START GROUP
LOAD c:/st/stm32cubeide_1.6.1/stm32cubeide/plugins/com.st.stm32cube.ide.mcu.externaltools.gnu-tools-for-stm32.9-2020-q2-update.win32_2.0.0.202105311346/tools/bin/../lib/gcc/arm-none-eabi/9.3.1/thumb/v7e-m+fp/hard\libgcc.a
LOAD c:/st/stm32cubeide_1.6.1/stm32cubeide/plugins/com.st.stm32cube.ide.mcu.externaltools.gnu-tools-for-stm32.9-2020-q2-update.win32_2.0.0.202105311346/tools/bin/../lib/gcc/arm-none-eabi/9.3.1/../../../../arm-none-eabi/lib/thumb/v7e-m+fp/hard\libc_nano.a
LOAD c:/st/stm32cubeide_1.6.1/stm32cubeide/plugins/com.st.stm32cube.ide.mcu.externaltools.gnu-tools-for-stm32.9-2020-q2-update.win32_2.0.0.202105311346/tools/bin/../lib/gcc/arm-none-eabi/9.3.1/../../../../arm-none-eabi/lib/thumb/v7e-m+fp/hard\libnosys.a
END GROUP
LOAD c:/st/stm32cubeide_1.6.1/stm32cubeide/plugins/com.st.stm32cube.ide.mcu.externaltools.gnu-tools-for-stm32.9-2020-q2-update.win32_2.0.0.202105311346/tools/bin/../lib/gcc/arm-none-eabi/9.3.1/thumb/v7e-m+fp/hard/crtend.o
LOAD c:/st/stm32cubeide_1.6.1/stm32cubeide/plugins/com.st.stm32cube.ide.mcu.externaltools.gnu-tools-for-stm32.9-2020-q2-update.win32_2.0.0.202105311346/tools/bin/../lib/gcc/arm-none-eabi/9.3.1/thumb/v7e-m+fp/hard/crtn.o
                0x0000000020020000                _estack = (ORIGIN (RAM) + LENGTH (RAM))
                0x0000000000000800                _Min_Heap_Size = 0x800
                0x0000000000000800                _Min_Stack_Size = 0x800

.isr_vector     0x0000000008000000      0x188
                0x0000000008000000                . = ALIGN (0x4)
 *(.isr_vector)
 .isr_vector    0x0000000008000000      0x188 ./Core/Startup/startup_stm32f407vetx.o
                0x0000000008000000                g_pfnVectors
                0x0000000008000188                . = ALIGN (0x4)

.text           0x0000000008000190     0xee20
                0x0000000008000190                . = ALIGN (0x4)
 *(.text)
 .text          0x0000000008000190       0x40 c:/st/stm32cubeide_1.6.1/stm32cubeide/plugins/com.st.stm32cube.ide.mcu.externaltools.gnu-tools-for-stm32.9-2020-q2-update.win32_2.0.0.202105311346/tools/bin/../lib/gcc/arm-none-eabi/9.3.1/thumb/v7e-m+fp/hard/crtbegin.o
 .text          0x00000000080001d0      0x378 c:/st/stm32cubeide_1.6.1/stm32cubeide/plugins/com.st.stm32cube.ide.mcu.externaltools.gnu-tools-for-stm32.9-2020-q2-update.win32_2.0.0.202105311346/tools/bin/../lib/gcc/arm-none-eabi/9.3.1/thumb/v7e-m+fp/hard\libgcc.a(_arm_addsubdf3.o)
                0x00000000080001d0                __aeabi_drsub
                0x00000000080001d8                __aeabi_dsub
                0x00000000080001d8                __subdf3
                0x00000000080001dc                __aeabi_dadd
                0x00000000080001dc                __adddf3
                0x0000000008000454                __floatunsidf
                0x0000000008000454                __aeabi_ui2d
                0x0000000008000474                __floatsidf
                0x0000000008000474                __aeabi_i2d
                0x0000000008000498                __aeabi_f2d
                0x0000000008000498                __extendsfdf2
                0x00000000080004dc                __floatundidf
                0x00000000080004dc                __aeabi_ul2d
                0x00000000080004ec                __floatdidf
                0x00000000080004ec                __aeabi_l2d
 .text          0x0000000008000548      0x424 c:/st/stm32cubeide_1.6.1/stm32cubeide/plugins/com.st.stm32cube.ide.mcu.externaltools.gnu-tools-for-stm32.9-2020-q2-update.win32_2.0.0.202105311346/tools/bin/../lib/gcc/arm-none-eabi/9.3.1/thumb/v7e-m+fp/hard\libgcc.a(_arm_muldivdf3.o)
                0x0000000008000548                __aeabi_dmul
                0x0000000008000548                __muldf3
                0x000000000800079c                __divdf3
                0x000000000800079c                __aeabi_ddiv
 .text          0x000000000800096c      0x110 c:/st/stm32cubeide_1.6.1/stm32cubeide/plugins/com.st.stm32cube.ide.mcu.externaltools.gnu-tools-for-stm32.9-2020-q2-update.win32_2.0.0.202105311346/tools/bin/../lib/gcc/arm-none-eabi/9.3.1/thumb/v7e-m+fp/hard\libgcc.a(_arm_cmpdf2.o)
                0x000000000800096c                __gtdf2
                0x000000000800096c                __gedf2
                0x0000000008000974                __ltdf2
                0x0000000008000974                __ledf2
                0x000000000800097c                __nedf2
                0x000000000800097c                __eqdf2
                0x000000000800097c                __cmpdf2
                0x00000000080009f8                __aeabi_cdrcmple
                0x0000000008000a08                __aeabi_cdcmpeq
                0x0000000008000a08                __aeabi_cdcmple
                0x0000000008000a18                __aeabi_dcmpeq
                0x0000000008000a2c                __aeabi_dcmplt
                0x0000000008000a40                __aeabi_dcmple
                0x0000000008000a54                __aeabi_dcmpge
                0x0000000008000a68                __aeabi_dcmpgt
 .text          0x0000000008000a7c       0x2c c:/st/stm32cubeide_1.6.1/stm32cubeide/plugins/com.st.stm32cube.ide.mcu.externaltools.gnu-tools-for-stm32.9-2020-q2-update.win32_2.0.0.202105311346/tools/bin/../lib/gcc/arm-none-eabi/9.3.1/thumb/v7e-m+fp/hard\libgcc.a(_arm_unorddf2.o)
                0x0000000008000a7c                __unorddf2
                0x0000000008000a7c                __aeabi_dcmpun
 .text          0x0000000008000aa8       0x40 c:/st/stm32cubeide_1.6.1/stm32cubeide/plugins/com.st.stm32cube.ide.mcu.externaltools.gnu-tools-for-stm32.9-2020-q2-update.win32_2.0.0.202105311346/tools/bin/../lib/gcc/arm-none-eabi/9.3.1/thumb/v7e-m+fp/hard\libgcc.a(_arm_fixunsdfsi.o)
                0x0000000008000aa8                __aeabi_d2uiz
                0x0000000008000aa8                __fixunsdfsi
 .text          0x0000000008000ae8       0xa0 c:/st/stm32cubeide_1.6.1/stm32cubeide/plugins/com.st.stm32cube.ide.mcu.externaltools.gnu-tools-for-stm32.9-2020-q2-update.win32_2.0.0.202105311346/tools/bin/../lib/gcc/arm-none-eabi/9.3.1/thumb/v7e-m+fp/hard\libgcc.a(_arm_truncdfsf2.o)
                0x0000000008000ae8                __truncdfsf2
                0x0000000008000ae8                __aeabi_d2f
 .text          0x0000000008000b88       0x30 c:/st/stm32cubeide_1.6.1/stm32cubeide/plugins/com.st.stm32cube.ide.mcu.externaltools.gnu-tools-for-stm32.9-2020-q2-update.win32_2.0.0.202105311346/tools/bin/../lib/gcc/arm-none-eabi/9.3.1/thumb/v7e-m+fp/hard\libgcc.a(_aeabi_uldivmod.o)
                0x0000000008000b88                __aeabi_uldivmod
 .text          0x0000000008000bb8      0x2c4 c:/st/stm32cubeide_1.6.1/stm32cubeide/plugins/com.st.stm32cube.ide.mcu.externaltools.gnu-tools-for-stm32.9-2020-q2-update.win32_2.0.0.202105311346/tools/bin/../lib/gcc/arm-none-eabi/9.3.1/thumb/v7e-m+fp/hard\libgcc.a(_udivmoddi4.o)
                0x0000000008000bb8                __udivmoddi4
 .text          0x0000000008000e7c        0x4 c:/st/stm32cubeide_1.6.1/stm32cubeide/plugins/com.st.stm32cube.ide.mcu.externaltools.gnu-tools-for-stm32.9-2020-q2-update.win32_2.0.0.202105311346/tools/bin/../lib/gcc/arm-none-eabi/9.3.1/thumb/v7e-m+fp/hard\libgcc.a(_dvmd_tls.o)
                0x0000000008000e7c                __aeabi_idiv0
                0x0000000008000e7c                __aeabi_ldiv0
 *(.text*)
 .text.MX_ADC1_Init
                0x0000000008000e80      0x1f4 ./Core/Src/adc.o
                0x0000000008000e80                MX_ADC1_Init
 .text.HAL_ADC_MspInit
                0x0000000008001074      0x170 ./Core/Src/adc.o
                0x0000000008001074                HAL_ADC_MspInit
 .text.MX_DMA_Init
                0x00000000080011e4       0xdc ./Core/Src/dma.o
                0x00000000080011e4                MX_DMA_Init
 .text.MX_FREERTOS_Init
                0x00000000080012c0      0x11c ./Core/Src/freertos.o
                0x00000000080012c0                MX_FREERTOS_Init
 .text.StartTask01
                0x00000000080013dc        0xe ./Core/Src/freertos.o
                0x00000000080013dc                StartTask01
 .text.StartTask02
                0x00000000080013ea        0xe ./Core/Src/freertos.o
                0x00000000080013ea                StartTask02
 .text.StartTask03
                0x00000000080013f8       0x16 ./Core/Src/freertos.o
                0x00000000080013f8                StartTask03
 .text.StartTask04
                0x000000000800140e        0xe ./Core/Src/freertos.o
                0x000000000800140e                StartTask04
 .text.StartTask05
                0x000000000800141c       0x18 ./Core/Src/freertos.o
                0x000000000800141c                StartTask05
 .text.StartTask06
                0x0000000008001434       0x54 ./Core/Src/freertos.o
                0x0000000008001434                StartTask06
 .text.StartTask07
                0x0000000008001488       0x16 ./Core/Src/freertos.o
                0x0000000008001488                StartTask07
 .text.StartTask08
                0x000000000800149e       0x12 ./Core/Src/freertos.o
                0x000000000800149e                StartTask08
 .text.MX_GPIO_Init
                0x00000000080014b0      0x280 ./Core/Src/gpio.o
                0x00000000080014b0                MX_GPIO_Init
 .text.MX_I2C1_Init
                0x0000000008001730       0x5c ./Core/Src/i2c.o
                0x0000000008001730                MX_I2C1_Init
 .text.MX_I2C3_Init
                0x000000000800178c       0x5c ./Core/Src/i2c.o
                0x000000000800178c                MX_I2C3_Init
 .text.HAL_I2C_MspInit
                0x00000000080017e8      0x140 ./Core/Src/i2c.o
                0x00000000080017e8                HAL_I2C_MspInit
 .text.main     0x0000000008001928       0x4a ./Core/Src/main.o
                0x0000000008001928                main
 *fill*         0x0000000008001972        0x2 
 .text.SystemClock_Config
                0x0000000008001974       0xd4 ./Core/Src/main.o
                0x0000000008001974                SystemClock_Config
 .text.HAL_TIM_PeriodElapsedCallback
                0x0000000008001a48       0x24 ./Core/Src/main.o
                0x0000000008001a48                HAL_TIM_PeriodElapsedCallback
 .text.Error_Handler
                0x0000000008001a6c        0xa ./Core/Src/main.o
                0x0000000008001a6c                Error_Handler
 *fill*         0x0000000008001a76        0x2 
 .text.HAL_MspInit
                0x0000000008001a78       0x58 ./Core/Src/stm32f4xx_hal_msp.o
                0x0000000008001a78                HAL_MspInit
 .text.HAL_InitTick
                0x0000000008001ad0       0xb4 ./Core/Src/stm32f4xx_hal_timebase_tim.o
                0x0000000008001ad0                HAL_InitTick
 .text.NMI_Handler
                0x0000000008001b84        0x6 ./Core/Src/stm32f4xx_it.o
                0x0000000008001b84                NMI_Handler
 .text.HardFault_Handler
                0x0000000008001b8a        0x6 ./Core/Src/stm32f4xx_it.o
                0x0000000008001b8a                HardFault_Handler
 .text.MemManage_Handler
                0x0000000008001b90        0x6 ./Core/Src/stm32f4xx_it.o
                0x0000000008001b90                MemManage_Handler
 .text.BusFault_Handler
                0x0000000008001b96        0x6 ./Core/Src/stm32f4xx_it.o
                0x0000000008001b96                BusFault_Handler
 .text.UsageFault_Handler
                0x0000000008001b9c        0x6 ./Core/Src/stm32f4xx_it.o
                0x0000000008001b9c                UsageFault_Handler
 .text.DebugMon_Handler
                0x0000000008001ba2        0xe ./Core/Src/stm32f4xx_it.o
                0x0000000008001ba2                DebugMon_Handler
 .text.DMA1_Stream1_IRQHandler
                0x0000000008001bb0       0x14 ./Core/Src/stm32f4xx_it.o
                0x0000000008001bb0                DMA1_Stream1_IRQHandler
 .text.DMA1_Stream3_IRQHandler
                0x0000000008001bc4       0x14 ./Core/Src/stm32f4xx_it.o
                0x0000000008001bc4                DMA1_Stream3_IRQHandler
 .text.DMA1_Stream5_IRQHandler
                0x0000000008001bd8       0x14 ./Core/Src/stm32f4xx_it.o
                0x0000000008001bd8                DMA1_Stream5_IRQHandler
 .text.DMA1_Stream6_IRQHandler
                0x0000000008001bec       0x14 ./Core/Src/stm32f4xx_it.o
                0x0000000008001bec                DMA1_Stream6_IRQHandler
 .text.ADC_IRQHandler
                0x0000000008001c00       0x14 ./Core/Src/stm32f4xx_it.o
                0x0000000008001c00                ADC_IRQHandler
 .text.TIM3_IRQHandler
                0x0000000008001c14       0x14 ./Core/Src/stm32f4xx_it.o
                0x0000000008001c14                TIM3_IRQHandler
 .text.USART1_IRQHandler
                0x0000000008001c28       0x18 ./Core/Src/stm32f4xx_it.o
                0x0000000008001c28                USART1_IRQHandler
 .text.USART2_IRQHandler
                0x0000000008001c40       0x18 ./Core/Src/stm32f4xx_it.o
                0x0000000008001c40                USART2_IRQHandler
 .text.USART3_IRQHandler
                0x0000000008001c58       0x18 ./Core/Src/stm32f4xx_it.o
                0x0000000008001c58                USART3_IRQHandler
 .text.TIM8_TRG_COM_TIM14_IRQHandler
                0x0000000008001c70       0x14 ./Core/Src/stm32f4xx_it.o
                0x0000000008001c70                TIM8_TRG_COM_TIM14_IRQHandler
 .text.DMA2_Stream0_IRQHandler
                0x0000000008001c84       0x14 ./Core/Src/stm32f4xx_it.o
                0x0000000008001c84                DMA2_Stream0_IRQHandler
 .text.DMA2_Stream1_IRQHandler
                0x0000000008001c98       0x14 ./Core/Src/stm32f4xx_it.o
                0x0000000008001c98                DMA2_Stream1_IRQHandler
 .text.DMA2_Stream2_IRQHandler
                0x0000000008001cac       0x14 ./Core/Src/stm32f4xx_it.o
                0x0000000008001cac                DMA2_Stream2_IRQHandler
 .text.DMA2_Stream6_IRQHandler
                0x0000000008001cc0       0x14 ./Core/Src/stm32f4xx_it.o
                0x0000000008001cc0                DMA2_Stream6_IRQHandler
 .text.DMA2_Stream7_IRQHandler
                0x0000000008001cd4       0x14 ./Core/Src/stm32f4xx_it.o
                0x0000000008001cd4                DMA2_Stream7_IRQHandler
 .text.USART6_IRQHandler
                0x0000000008001ce8       0x18 ./Core/Src/stm32f4xx_it.o
                0x0000000008001ce8                USART6_IRQHandler
 .text.SystemInit
                0x0000000008001d00       0x24 ./Core/Src/system_stm32f4xx.o
                0x0000000008001d00                SystemInit
 .text.MX_TIM1_Init
                0x0000000008001d24      0x160 ./Core/Src/tim.o
                0x0000000008001d24                MX_TIM1_Init
 .text.MX_TIM2_Init
                0x0000000008001e84       0xec ./Core/Src/tim.o
                0x0000000008001e84                MX_TIM2_Init
 .text.MX_TIM3_Init
                0x0000000008001f70       0xf8 ./Core/Src/tim.o
                0x0000000008001f70                MX_TIM3_Init
 .text.HAL_TIM_Base_MspInit
                0x0000000008002068       0xf4 ./Core/Src/tim.o
                0x0000000008002068                HAL_TIM_Base_MspInit
 .text.HAL_TIM_MspPostInit
                0x000000000800215c       0xc0 ./Core/Src/tim.o
                0x000000000800215c                HAL_TIM_MspPostInit
 .text.MX_USART1_UART_Init
                0x000000000800221c       0x54 ./Core/Src/usart.o
                0x000000000800221c                MX_USART1_UART_Init
 .text.MX_USART2_UART_Init
                0x0000000008002270       0x54 ./Core/Src/usart.o
                0x0000000008002270                MX_USART2_UART_Init
 .text.MX_USART3_UART_Init
                0x00000000080022c4       0x54 ./Core/Src/usart.o
                0x00000000080022c4                MX_USART3_UART_Init
 .text.MX_USART6_UART_Init
                0x0000000008002318       0x54 ./Core/Src/usart.o
                0x0000000008002318                MX_USART6_UART_Init
 .text.HAL_UART_MspInit
                0x000000000800236c      0x54c ./Core/Src/usart.o
                0x000000000800236c                HAL_UART_MspInit
 .text.Reset_Handler
                0x00000000080028b8       0x50 ./Core/Startup/startup_stm32f407vetx.o
                0x00000000080028b8                Reset_Handler
 .text.Default_Handler
                0x0000000008002908        0x2 ./Core/Startup/startup_stm32f407vetx.o
                0x0000000008002908                RTC_Alarm_IRQHandler
                0x0000000008002908                HASH_RNG_IRQHandler
                0x0000000008002908                EXTI2_IRQHandler
                0x0000000008002908                TIM8_CC_IRQHandler
                0x0000000008002908                TIM1_CC_IRQHandler
                0x0000000008002908                DMA2_Stream5_IRQHandler
                0x0000000008002908                PVD_IRQHandler
                0x0000000008002908                SDIO_IRQHandler
                0x0000000008002908                TAMP_STAMP_IRQHandler
                0x0000000008002908                CAN2_RX1_IRQHandler
                0x0000000008002908                EXTI3_IRQHandler
                0x0000000008002908                TIM1_UP_TIM10_IRQHandler
                0x0000000008002908                TIM8_UP_TIM13_IRQHandler
                0x0000000008002908                I2C3_ER_IRQHandler
                0x0000000008002908                EXTI0_IRQHandler
                0x0000000008002908                I2C2_EV_IRQHandler
                0x0000000008002908                DMA1_Stream2_IRQHandler
                0x0000000008002908                CAN1_RX0_IRQHandler
                0x0000000008002908                FPU_IRQHandler
                0x0000000008002908                OTG_HS_WKUP_IRQHandler
                0x0000000008002908                CAN2_SCE_IRQHandler
                0x0000000008002908                SPI1_IRQHandler
                0x0000000008002908                TIM6_DAC_IRQHandler
                0x0000000008002908                TIM1_BRK_TIM9_IRQHandler
                0x0000000008002908                DCMI_IRQHandler
                0x0000000008002908                CAN2_RX0_IRQHandler
                0x0000000008002908                DMA2_Stream3_IRQHandler
                0x0000000008002908                CAN1_RX1_IRQHandler
                0x0000000008002908                UART5_IRQHandler
                0x0000000008002908                TIM4_IRQHandler
                0x0000000008002908                I2C1_EV_IRQHandler
                0x0000000008002908                UART4_IRQHandler
                0x0000000008002908                RCC_IRQHandler
                0x0000000008002908                TIM8_BRK_TIM12_IRQHandler
                0x0000000008002908                Default_Handler
                0x0000000008002908                EXTI15_10_IRQHandler
                0x0000000008002908                DMA1_Stream7_IRQHandler
                0x0000000008002908                TIM7_IRQHandler
                0x0000000008002908                CAN2_TX_IRQHandler
                0x0000000008002908                TIM5_IRQHandler
                0x0000000008002908                I2C3_EV_IRQHandler
                0x0000000008002908                EXTI9_5_IRQHandler
                0x0000000008002908                RTC_WKUP_IRQHandler
                0x0000000008002908                ETH_WKUP_IRQHandler
                0x0000000008002908                SPI2_IRQHandler
                0x0000000008002908                OTG_HS_EP1_IN_IRQHandler
                0x0000000008002908                DMA1_Stream0_IRQHandler
                0x0000000008002908                CAN1_TX_IRQHandler
                0x0000000008002908                EXTI4_IRQHandler
                0x0000000008002908                FSMC_IRQHandler
                0x0000000008002908                ETH_IRQHandler
                0x0000000008002908                OTG_HS_EP1_OUT_IRQHandler
                0x0000000008002908                WWDG_IRQHandler
                0x0000000008002908                TIM2_IRQHandler
                0x0000000008002908                OTG_FS_WKUP_IRQHandler
                0x0000000008002908                TIM1_TRG_COM_TIM11_IRQHandler
                0x0000000008002908                OTG_HS_IRQHandler
                0x0000000008002908                EXTI1_IRQHandler
                0x0000000008002908                I2C2_ER_IRQHandler
                0x0000000008002908                CAN1_SCE_IRQHandler
                0x0000000008002908                FLASH_IRQHandler
                0x0000000008002908                DMA2_Stream4_IRQHandler
                0x0000000008002908                OTG_FS_IRQHandler
                0x0000000008002908                SPI3_IRQHandler
                0x0000000008002908                DMA1_Stream4_IRQHandler
                0x0000000008002908                I2C1_ER_IRQHandler
 *fill*         0x000000000800290a        0x2 
 .text.fnd_com_modbus_rtu_init
                0x000000000800290c       0x68 ./Csro/Foundation/fnd_com/fnd_com.o
                0x000000000800290c                fnd_com_modbus_rtu_init
 .text.fnd_com_modbus_rtu_uart_idle_irq
                0x0000000008002974       0x74 ./Csro/Foundation/fnd_com/fnd_com.o
                0x0000000008002974                fnd_com_modbus_rtu_uart_idle_irq
 .text.HAL_UART_TxCpltCallback
                0x00000000080029e8       0x78 ./Csro/Foundation/fnd_com/fnd_com.o
                0x00000000080029e8                HAL_UART_TxCpltCallback
 .text.fnd_com_modbus_rtu_master1_read_write
                0x0000000008002a60       0x1c ./Csro/Foundation/fnd_com/fnd_com.o
                0x0000000008002a60                fnd_com_modbus_rtu_master1_read_write
 .text.fnd_com_modbus_rtu_master2_read_write
                0x0000000008002a7c       0xf4 ./Csro/Foundation/fnd_com/fnd_com.o
                0x0000000008002a7c                fnd_com_modbus_rtu_master2_read_write
 .text.fnd_com_modbus_rtu_slave1_wait
                0x0000000008002b70       0x14 ./Csro/Foundation/fnd_com/fnd_com.o
                0x0000000008002b70                fnd_com_modbus_rtu_slave1_wait
 .text.fnd_com_modbus_rtu_slave2_wait
                0x0000000008002b84       0x14 ./Csro/Foundation/fnd_com/fnd_com.o
                0x0000000008002b84                fnd_com_modbus_rtu_slave2_wait
 .text.fnd_input_peripheral_init
                0x0000000008002b98       0x10 ./Csro/Foundation/fnd_input/fnd_input.o
                0x0000000008002b98                fnd_input_peripheral_init
 .text.fnd_input_update_value
                0x0000000008002ba8      0x1ec ./Csro/Foundation/fnd_input/fnd_input.o
                0x0000000008002ba8                fnd_input_update_value
 .text.fnd_input_update_sht_value
                0x0000000008002d94       0xe0 ./Csro/Foundation/fnd_input/fnd_input.o
                0x0000000008002d94                fnd_input_update_sht_value
 .text.get_channel_average
                0x0000000008002e74       0x70 ./Csro/Foundation/fnd_input/fnd_input_adc.o
 *fill*         0x0000000008002ee4        0x4 
 .text.calculate_ntc_temperature
                0x0000000008002ee8       0xa4 ./Csro/Foundation/fnd_input/fnd_input_adc.o
 .text.fnd_input_adc_init
                0x0000000008002f8c       0x1c ./Csro/Foundation/fnd_input/fnd_input_adc.o
                0x0000000008002f8c                fnd_input_adc_init
 .text.fnd_input_adc_read_pressure_difference
                0x0000000008002fa8       0x94 ./Csro/Foundation/fnd_input/fnd_input_adc.o
                0x0000000008002fa8                fnd_input_adc_read_pressure_difference
 .text.fnd_input_adc_read_valve_feedback
                0x000000000800303c       0x64 ./Csro/Foundation/fnd_input/fnd_input_adc.o
                0x000000000800303c                fnd_input_adc_read_valve_feedback
 .text.fnd_input_adc_read_ntc_temp
                0x00000000080030a0       0xac ./Csro/Foundation/fnd_input/fnd_input_adc.o
                0x00000000080030a0                fnd_input_adc_read_ntc_temp
 .text.fnd_input_gpio_read_di
                0x000000000800314c       0x5c ./Csro/Foundation/fnd_input/fnd_input_gpio.o
                0x000000000800314c                fnd_input_gpio_read_di
 .text.fnd_input_gpio_read_id
                0x00000000080031a8       0x5c ./Csro/Foundation/fnd_input/fnd_input_gpio.o
                0x00000000080031a8                fnd_input_gpio_read_id
 .text.sht_write_cmd
                0x0000000008003204       0x38 ./Csro/Foundation/fnd_input/fnd_input_i2c.o
 .text.calculate_crc
                0x000000000800323c       0x6c ./Csro/Foundation/fnd_input/fnd_input_i2c.o
 .text.fnd_input_i2c_read_sht_temp_humi
                0x00000000080032a8      0x144 ./Csro/Foundation/fnd_input/fnd_input_i2c.o
                0x00000000080032a8                fnd_input_i2c_read_sht_temp_humi
 .text.fnd_input_tim_input_capture_init
                0x00000000080033ec       0x1c ./Csro/Foundation/fnd_input/fnd_input_tim.o
                0x00000000080033ec                fnd_input_tim_input_capture_init
 .text.HAL_TIM_IC_CaptureCallback
                0x0000000008003408       0x40 ./Csro/Foundation/fnd_input/fnd_input_tim.o
                0x0000000008003408                HAL_TIM_IC_CaptureCallback
 .text.fnd_input_tim_input_read_speed
                0x0000000008003448       0x5c ./Csro/Foundation/fnd_input/fnd_input_tim.o
                0x0000000008003448                fnd_input_tim_input_read_speed
 .text.fnd_output_peripheral_init
                0x00000000080034a4       0x24 ./Csro/Foundation/fnd_output/fnd_output.o
                0x00000000080034a4                fnd_output_peripheral_init
 .text.fnd_output_update_value
                0x00000000080034c8       0xac ./Csro/Foundation/fnd_output/fnd_output.o
                0x00000000080034c8                fnd_output_update_value
 .text.fnd_output_gpio_write_dout
                0x0000000008003574       0x54 ./Csro/Foundation/fnd_output/fnd_output_gpio.o
                0x0000000008003574                fnd_output_gpio_write_dout
 .text.fnd_output_pwm_init
                0x00000000080035c8       0x28 ./Csro/Foundation/fnd_output/fnd_output_pwm.o
                0x00000000080035c8                fnd_output_pwm_init
 .text.fnd_output_pwm_write_value
                0x00000000080035f0       0xc0 ./Csro/Foundation/fnd_output/fnd_output_pwm.o
                0x00000000080035f0                fnd_output_pwm_write_value
 .text.fnd_output_stepper_tick
                0x00000000080036b0      0x3c4 ./Csro/Foundation/fnd_output/fnd_output_stepper.o
 .text.fnd_output_stepper_init
                0x0000000008003a74      0x104 ./Csro/Foundation/fnd_output/fnd_output_stepper.o
                0x0000000008003a74                fnd_output_stepper_init
 .text.fnd_output_stepper_set_position
                0x0000000008003b78       0x40 ./Csro/Foundation/fnd_output/fnd_output_stepper.o
                0x0000000008003b78                fnd_output_stepper_set_position
 .text.fnd_output_stepper_10ms_tick
                0x0000000008003bb8       0x30 ./Csro/Foundation/fnd_output/fnd_output_stepper.o
                0x0000000008003bb8                fnd_output_stepper_10ms_tick
 .text.HAL_Init
                0x0000000008003be8       0x44 ./Drivers/STM32F4xx_HAL_Driver/Src/stm32f4xx_hal.o
                0x0000000008003be8                HAL_Init
 .text.HAL_IncTick
                0x0000000008003c2c       0x28 ./Drivers/STM32F4xx_HAL_Driver/Src/stm32f4xx_hal.o
                0x0000000008003c2c                HAL_IncTick
 .text.HAL_GetTick
                0x0000000008003c54       0x18 ./Drivers/STM32F4xx_HAL_Driver/Src/stm32f4xx_hal.o
                0x0000000008003c54                HAL_GetTick
 .text.HAL_ADC_Init
                0x0000000008003c6c       0x86 ./Drivers/STM32F4xx_HAL_Driver/Src/stm32f4xx_hal_adc.o
                0x0000000008003c6c                HAL_ADC_Init
 .text.HAL_ADC_IRQHandler
                0x0000000008003cf2      0x282 ./Drivers/STM32F4xx_HAL_Driver/Src/stm32f4xx_hal_adc.o
                0x0000000008003cf2                HAL_ADC_IRQHandler
 .text.HAL_ADC_Start_DMA
                0x0000000008003f74      0x220 ./Drivers/STM32F4xx_HAL_Driver/Src/stm32f4xx_hal_adc.o
                0x0000000008003f74                HAL_ADC_Start_DMA
 .text.HAL_ADC_ConvCpltCallback
                0x0000000008004194       0x14 ./Drivers/STM32F4xx_HAL_Driver/Src/stm32f4xx_hal_adc.o
                0x0000000008004194                HAL_ADC_ConvCpltCallback
 .text.HAL_ADC_ConvHalfCpltCallback
                0x00000000080041a8       0x14 ./Drivers/STM32F4xx_HAL_Driver/Src/stm32f4xx_hal_adc.o
                0x00000000080041a8                HAL_ADC_ConvHalfCpltCallback
 .text.HAL_ADC_LevelOutOfWindowCallback
                0x00000000080041bc       0x14 ./Drivers/STM32F4xx_HAL_Driver/Src/stm32f4xx_hal_adc.o
                0x00000000080041bc                HAL_ADC_LevelOutOfWindowCallback
 .text.HAL_ADC_ErrorCallback
                0x00000000080041d0       0x14 ./Drivers/STM32F4xx_HAL_Driver/Src/stm32f4xx_hal_adc.o
                0x00000000080041d0                HAL_ADC_ErrorCallback
 .text.HAL_ADC_ConfigChannel
                0x00000000080041e4      0x244 ./Drivers/STM32F4xx_HAL_Driver/Src/stm32f4xx_hal_adc.o
                0x00000000080041e4                HAL_ADC_ConfigChannel
 .text.ADC_Init
                0x0000000008004428      0x1f8 ./Drivers/STM32F4xx_HAL_Driver/Src/stm32f4xx_hal_adc.o
 .text.ADC_DMAConvCplt
                0x0000000008004620       0xba ./Drivers/STM32F4xx_HAL_Driver/Src/stm32f4xx_hal_adc.o
 .text.ADC_DMAHalfConvCplt
                0x00000000080046da       0x1c ./Drivers/STM32F4xx_HAL_Driver/Src/stm32f4xx_hal_adc.o
 .text.ADC_DMAError
                0x00000000080046f6       0x2e ./Drivers/STM32F4xx_HAL_Driver/Src/stm32f4xx_hal_adc.o
 .text.HAL_ADCEx_InjectedConvCpltCallback
                0x0000000008004724       0x14 ./Drivers/STM32F4xx_HAL_Driver/Src/stm32f4xx_hal_adc_ex.o
                0x0000000008004724                HAL_ADCEx_InjectedConvCpltCallback
 .text.__NVIC_SetPriorityGrouping
                0x0000000008004738       0x48 ./Drivers/STM32F4xx_HAL_Driver/Src/stm32f4xx_hal_cortex.o
 .text.__NVIC_GetPriorityGrouping
                0x0000000008004780       0x1c ./Drivers/STM32F4xx_HAL_Driver/Src/stm32f4xx_hal_cortex.o
 .text.__NVIC_EnableIRQ
                0x000000000800479c       0x3c ./Drivers/STM32F4xx_HAL_Driver/Src/stm32f4xx_hal_cortex.o
 .text.__NVIC_SetPriority
                0x00000000080047d8       0x54 ./Drivers/STM32F4xx_HAL_Driver/Src/stm32f4xx_hal_cortex.o
 .text.NVIC_EncodePriority
                0x000000000800482c       0x66 ./Drivers/STM32F4xx_HAL_Driver/Src/stm32f4xx_hal_cortex.o
 .text.HAL_NVIC_SetPriorityGrouping
                0x0000000008004892       0x16 ./Drivers/STM32F4xx_HAL_Driver/Src/stm32f4xx_hal_cortex.o
                0x0000000008004892                HAL_NVIC_SetPriorityGrouping
 .text.HAL_NVIC_SetPriority
                0x00000000080048a8       0x38 ./Drivers/STM32F4xx_HAL_Driver/Src/stm32f4xx_hal_cortex.o
                0x00000000080048a8                HAL_NVIC_SetPriority
 .text.HAL_NVIC_EnableIRQ
                0x00000000080048e0       0x1c ./Drivers/STM32F4xx_HAL_Driver/Src/stm32f4xx_hal_cortex.o
                0x00000000080048e0                HAL_NVIC_EnableIRQ
 .text.HAL_DMA_Init
                0x00000000080048fc      0x15c ./Drivers/STM32F4xx_HAL_Driver/Src/stm32f4xx_hal_dma.o
                0x00000000080048fc                HAL_DMA_Init
 .text.HAL_DMA_Start_IT
                0x0000000008004a58       0xb0 ./Drivers/STM32F4xx_HAL_Driver/Src/stm32f4xx_hal_dma.o
                0x0000000008004a58                HAL_DMA_Start_IT
 .text.HAL_DMA_Abort
                0x0000000008004b08       0xe0 ./Drivers/STM32F4xx_HAL_Driver/Src/stm32f4xx_hal_dma.o
                0x0000000008004b08                HAL_DMA_Abort
 .text.HAL_DMA_Abort_IT
                0x0000000008004be8       0x44 ./Drivers/STM32F4xx_HAL_Driver/Src/stm32f4xx_hal_dma.o
                0x0000000008004be8                HAL_DMA_Abort_IT
 .text.HAL_DMA_IRQHandler
                0x0000000008004c2c      0x314 ./Drivers/STM32F4xx_HAL_Driver/Src/stm32f4xx_hal_dma.o
                0x0000000008004c2c                HAL_DMA_IRQHandler
 .text.DMA_SetConfig
                0x0000000008004f40       0x5c ./Drivers/STM32F4xx_HAL_Driver/Src/stm32f4xx_hal_dma.o
 .text.DMA_CalcBaseAndBitshift
                0x0000000008004f9c       0x6c ./Drivers/STM32F4xx_HAL_Driver/Src/stm32f4xx_hal_dma.o
 .text.DMA_CheckFifoParam
                0x0000000008005008       0xf8 ./Drivers/STM32F4xx_HAL_Driver/Src/stm32f4xx_hal_dma.o
 .text.HAL_GPIO_Init
                0x0000000008005100      0x338 ./Drivers/STM32F4xx_HAL_Driver/Src/stm32f4xx_hal_gpio.o
                0x0000000008005100                HAL_GPIO_Init
 .text.HAL_GPIO_ReadPin
                0x0000000008005438       0x30 ./Drivers/STM32F4xx_HAL_Driver/Src/stm32f4xx_hal_gpio.o
                0x0000000008005438                HAL_GPIO_ReadPin
 .text.HAL_GPIO_WritePin
                0x0000000008005468       0x32 ./Drivers/STM32F4xx_HAL_Driver/Src/stm32f4xx_hal_gpio.o
                0x0000000008005468                HAL_GPIO_WritePin
 *fill*         0x000000000800549a        0x2 
 .text.HAL_I2C_Init
                0x000000000800549c      0x288 ./Drivers/STM32F4xx_HAL_Driver/Src/stm32f4xx_hal_i2c.o
                0x000000000800549c                HAL_I2C_Init
 .text.HAL_I2C_Master_Transmit
                0x0000000008005724      0x1fc ./Drivers/STM32F4xx_HAL_Driver/Src/stm32f4xx_hal_i2c.o
                0x0000000008005724                HAL_I2C_Master_Transmit
 .text.HAL_I2C_Master_Receive
                0x0000000008005920      0x44c ./Drivers/STM32F4xx_HAL_Driver/Src/stm32f4xx_hal_i2c.o
                0x0000000008005920                HAL_I2C_Master_Receive
 .text.HAL_I2C_IsDeviceReady
                0x0000000008005d6c      0x25c ./Drivers/STM32F4xx_HAL_Driver/Src/stm32f4xx_hal_i2c.o
                0x0000000008005d6c                HAL_I2C_IsDeviceReady
 .text.I2C_MasterRequestWrite
                0x0000000008005fc8      0x104 ./Drivers/STM32F4xx_HAL_Driver/Src/stm32f4xx_hal_i2c.o
 .text.I2C_MasterRequestRead
                0x00000000080060cc      0x19c ./Drivers/STM32F4xx_HAL_Driver/Src/stm32f4xx_hal_i2c.o
 .text.I2C_WaitOnFlagUntilTimeout
                0x0000000008006268       0xae ./Drivers/STM32F4xx_HAL_Driver/Src/stm32f4xx_hal_i2c.o
 .text.I2C_WaitOnMasterAddressFlagUntilTimeout
                0x0000000008006316       0xfe ./Drivers/STM32F4xx_HAL_Driver/Src/stm32f4xx_hal_i2c.o
 .text.I2C_WaitOnTXEFlagUntilTimeout
                0x0000000008006414       0x82 ./Drivers/STM32F4xx_HAL_Driver/Src/stm32f4xx_hal_i2c.o
 .text.I2C_WaitOnBTFFlagUntilTimeout
                0x0000000008006496       0x82 ./Drivers/STM32F4xx_HAL_Driver/Src/stm32f4xx_hal_i2c.o
 .text.I2C_WaitOnRXNEFlagUntilTimeout
                0x0000000008006518       0xac ./Drivers/STM32F4xx_HAL_Driver/Src/stm32f4xx_hal_i2c.o
 .text.I2C_IsAcknowledgeFailed
                0x00000000080065c4       0x5e ./Drivers/STM32F4xx_HAL_Driver/Src/stm32f4xx_hal_i2c.o
 *fill*         0x0000000008006622        0x2 
 .text.HAL_RCC_OscConfig
                0x0000000008006624      0x4f0 ./Drivers/STM32F4xx_HAL_Driver/Src/stm32f4xx_hal_rcc.o
                0x0000000008006624                HAL_RCC_OscConfig
 .text.HAL_RCC_ClockConfig
                0x0000000008006b14      0x1cc ./Drivers/STM32F4xx_HAL_Driver/Src/stm32f4xx_hal_rcc.o
                0x0000000008006b14                HAL_RCC_ClockConfig
 .text.HAL_RCC_GetSysClockFreq
                0x0000000008006ce0      0x16c ./Drivers/STM32F4xx_HAL_Driver/Src/stm32f4xx_hal_rcc.o
                0x0000000008006ce0                HAL_RCC_GetSysClockFreq
 .text.HAL_RCC_GetHCLKFreq
                0x0000000008006e4c       0x18 ./Drivers/STM32F4xx_HAL_Driver/Src/stm32f4xx_hal_rcc.o
                0x0000000008006e4c                HAL_RCC_GetHCLKFreq
 .text.HAL_RCC_GetPCLK1Freq
                0x0000000008006e64       0x28 ./Drivers/STM32F4xx_HAL_Driver/Src/stm32f4xx_hal_rcc.o
                0x0000000008006e64                HAL_RCC_GetPCLK1Freq
 .text.HAL_RCC_GetPCLK2Freq
                0x0000000008006e8c       0x28 ./Drivers/STM32F4xx_HAL_Driver/Src/stm32f4xx_hal_rcc.o
                0x0000000008006e8c                HAL_RCC_GetPCLK2Freq
 .text.HAL_RCC_GetClockConfig
                0x0000000008006eb4       0x64 ./Drivers/STM32F4xx_HAL_Driver/Src/stm32f4xx_hal_rcc.o
                0x0000000008006eb4                HAL_RCC_GetClockConfig
 .text.HAL_TIM_Base_Init
                0x0000000008006f18       0x9e ./Drivers/STM32F4xx_HAL_Driver/Src/stm32f4xx_hal_tim.o
                0x0000000008006f18                HAL_TIM_Base_Init
 *fill*         0x0000000008006fb6        0x2 
 .text.HAL_TIM_Base_Start_IT
                0x0000000008006fb8       0xe0 ./Drivers/STM32F4xx_HAL_Driver/Src/stm32f4xx_hal_tim.o
                0x0000000008006fb8                HAL_TIM_Base_Start_IT
 .text.HAL_TIM_PWM_Init
                0x0000000008007098       0x9e ./Drivers/STM32F4xx_HAL_Driver/Src/stm32f4xx_hal_tim.o
                0x0000000008007098                HAL_TIM_PWM_Init
 .text.HAL_TIM_PWM_MspInit
                0x0000000008007136       0x14 ./Drivers/STM32F4xx_HAL_Driver/Src/stm32f4xx_hal_tim.o
                0x0000000008007136                HAL_TIM_PWM_MspInit
 *fill*         0x000000000800714a        0x2 
 .text.HAL_TIM_PWM_Start
                0x000000000800714c      0x190 ./Drivers/STM32F4xx_HAL_Driver/Src/stm32f4xx_hal_tim.o
                0x000000000800714c                HAL_TIM_PWM_Start
 .text.HAL_TIM_IC_Init
                0x00000000080072dc       0x9e ./Drivers/STM32F4xx_HAL_Driver/Src/stm32f4xx_hal_tim.o
                0x00000000080072dc                HAL_TIM_IC_Init
 .text.HAL_TIM_IC_MspInit
                0x000000000800737a       0x14 ./Drivers/STM32F4xx_HAL_Driver/Src/stm32f4xx_hal_tim.o
                0x000000000800737a                HAL_TIM_IC_MspInit
 *fill*         0x000000000800738e        0x2 
 .text.HAL_TIM_IC_Start_IT
                0x0000000008007390      0x250 ./Drivers/STM32F4xx_HAL_Driver/Src/stm32f4xx_hal_tim.o
                0x0000000008007390                HAL_TIM_IC_Start_IT
 .text.HAL_TIM_IRQHandler
                0x00000000080075e0      0x210 ./Drivers/STM32F4xx_HAL_Driver/Src/stm32f4xx_hal_tim.o
                0x00000000080075e0                HAL_TIM_IRQHandler
 .text.HAL_TIM_IC_ConfigChannel
                0x00000000080077f0      0x138 ./Drivers/STM32F4xx_HAL_Driver/Src/stm32f4xx_hal_tim.o
                0x00000000080077f0                HAL_TIM_IC_ConfigChannel
 .text.HAL_TIM_PWM_ConfigChannel
                0x0000000008007928      0x184 ./Drivers/STM32F4xx_HAL_Driver/Src/stm32f4xx_hal_tim.o
                0x0000000008007928                HAL_TIM_PWM_ConfigChannel
 .text.HAL_TIM_ConfigClockSource
                0x0000000008007aac      0x18e ./Drivers/STM32F4xx_HAL_Driver/Src/stm32f4xx_hal_tim.o
                0x0000000008007aac                HAL_TIM_ConfigClockSource
 .text.HAL_TIM_OC_DelayElapsedCallback
                0x0000000008007c3a       0x14 ./Drivers/STM32F4xx_HAL_Driver/Src/stm32f4xx_hal_tim.o
                0x0000000008007c3a                HAL_TIM_OC_DelayElapsedCallback
 .text.HAL_TIM_PWM_PulseFinishedCallback
                0x0000000008007c4e       0x14 ./Drivers/STM32F4xx_HAL_Driver/Src/stm32f4xx_hal_tim.o
                0x0000000008007c4e                HAL_TIM_PWM_PulseFinishedCallback
 .text.HAL_TIM_TriggerCallback
                0x0000000008007c62       0x14 ./Drivers/STM32F4xx_HAL_Driver/Src/stm32f4xx_hal_tim.o
                0x0000000008007c62                HAL_TIM_TriggerCallback
 *fill*         0x0000000008007c76        0x2 
 .text.TIM_Base_SetConfig
                0x0000000008007c78      0x140 ./Drivers/STM32F4xx_HAL_Driver/Src/stm32f4xx_hal_tim.o
                0x0000000008007c78                TIM_Base_SetConfig
 .text.TIM_OC1_SetConfig
                0x0000000008007db8       0xe0 ./Drivers/STM32F4xx_HAL_Driver/Src/stm32f4xx_hal_tim.o
 .text.TIM_OC2_SetConfig
                0x0000000008007e98       0xec ./Drivers/STM32F4xx_HAL_Driver/Src/stm32f4xx_hal_tim.o
                0x0000000008007e98                TIM_OC2_SetConfig
 .text.TIM_OC3_SetConfig
                0x0000000008007f84       0xe8 ./Drivers/STM32F4xx_HAL_Driver/Src/stm32f4xx_hal_tim.o
 .text.TIM_OC4_SetConfig
                0x000000000800806c       0xac ./Drivers/STM32F4xx_HAL_Driver/Src/stm32f4xx_hal_tim.o
 .text.TIM_TI1_SetConfig
                0x0000000008008118       0xe8 ./Drivers/STM32F4xx_HAL_Driver/Src/stm32f4xx_hal_tim.o
                0x0000000008008118                TIM_TI1_SetConfig
 .text.TIM_TI1_ConfigInputStage
                0x0000000008008200       0x5e ./Drivers/STM32F4xx_HAL_Driver/Src/stm32f4xx_hal_tim.o
 .text.TIM_TI2_SetConfig
                0x000000000800825e       0x7a ./Drivers/STM32F4xx_HAL_Driver/Src/stm32f4xx_hal_tim.o
 .text.TIM_TI2_ConfigInputStage
                0x00000000080082d8       0x60 ./Drivers/STM32F4xx_HAL_Driver/Src/stm32f4xx_hal_tim.o
 .text.TIM_TI3_SetConfig
                0x0000000008008338       0x78 ./Drivers/STM32F4xx_HAL_Driver/Src/stm32f4xx_hal_tim.o
 .text.TIM_TI4_SetConfig
                0x00000000080083b0       0x7a ./Drivers/STM32F4xx_HAL_Driver/Src/stm32f4xx_hal_tim.o
 .text.TIM_ITRx_SetConfig
                0x000000000800842a       0x36 ./Drivers/STM32F4xx_HAL_Driver/Src/stm32f4xx_hal_tim.o
 .text.TIM_ETR_SetConfig
                0x0000000008008460       0x40 ./Drivers/STM32F4xx_HAL_Driver/Src/stm32f4xx_hal_tim.o
                0x0000000008008460                TIM_ETR_SetConfig
 .text.TIM_CCxChannelCmd
                0x00000000080084a0       0x4a ./Drivers/STM32F4xx_HAL_Driver/Src/stm32f4xx_hal_tim.o
                0x00000000080084a0                TIM_CCxChannelCmd
 *fill*         0x00000000080084ea        0x2 
 .text.HAL_TIMEx_MasterConfigSynchronization
                0x00000000080084ec       0xf8 ./Drivers/STM32F4xx_HAL_Driver/Src/stm32f4xx_hal_tim_ex.o
                0x00000000080084ec                HAL_TIMEx_MasterConfigSynchronization
 .text.HAL_TIMEx_ConfigBreakDeadTime
                0x00000000080085e4       0xa4 ./Drivers/STM32F4xx_HAL_Driver/Src/stm32f4xx_hal_tim_ex.o
                0x00000000080085e4                HAL_TIMEx_ConfigBreakDeadTime
 .text.HAL_TIMEx_CommutCallback
                0x0000000008008688       0x14 ./Drivers/STM32F4xx_HAL_Driver/Src/stm32f4xx_hal_tim_ex.o
                0x0000000008008688                HAL_TIMEx_CommutCallback
 .text.HAL_TIMEx_BreakCallback
                0x000000000800869c       0x14 ./Drivers/STM32F4xx_HAL_Driver/Src/stm32f4xx_hal_tim_ex.o
                0x000000000800869c                HAL_TIMEx_BreakCallback
 .text.HAL_UART_Init
                0x00000000080086b0       0x9a ./Drivers/STM32F4xx_HAL_Driver/Src/stm32f4xx_hal_uart.o
                0x00000000080086b0                HAL_UART_Init
 *fill*         0x000000000800874a        0x2 
 .text.HAL_UART_Transmit_DMA
                0x000000000800874c       0xfc ./Drivers/STM32F4xx_HAL_Driver/Src/stm32f4xx_hal_uart.o
                0x000000000800874c                HAL_UART_Transmit_DMA
 .text.HAL_UART_Receive_DMA
                0x0000000008008848       0x60 ./Drivers/STM32F4xx_HAL_Driver/Src/stm32f4xx_hal_uart.o
                0x0000000008008848                HAL_UART_Receive_DMA
 .text.HAL_UART_DMAStop
                0x00000000080088a8       0xfe ./Drivers/STM32F4xx_HAL_Driver/Src/stm32f4xx_hal_uart.o
                0x00000000080088a8                HAL_UART_DMAStop
 *fill*         0x00000000080089a6        0x2 
 .text.HAL_UART_IRQHandler
                0x00000000080089a8      0x51c ./Drivers/STM32F4xx_HAL_Driver/Src/stm32f4xx_hal_uart.o
                0x00000000080089a8                HAL_UART_IRQHandler
 .text.HAL_UART_TxHalfCpltCallback
                0x0000000008008ec4       0x14 ./Drivers/STM32F4xx_HAL_Driver/Src/stm32f4xx_hal_uart.o
                0x0000000008008ec4                HAL_UART_TxHalfCpltCallback
 .text.HAL_UART_RxCpltCallback
                0x0000000008008ed8       0x14 ./Drivers/STM32F4xx_HAL_Driver/Src/stm32f4xx_hal_uart.o
                0x0000000008008ed8                HAL_UART_RxCpltCallback
 .text.HAL_UART_RxHalfCpltCallback
                0x0000000008008eec       0x14 ./Drivers/STM32F4xx_HAL_Driver/Src/stm32f4xx_hal_uart.o
                0x0000000008008eec                HAL_UART_RxHalfCpltCallback
 .text.HAL_UART_ErrorCallback
                0x0000000008008f00       0x14 ./Drivers/STM32F4xx_HAL_Driver/Src/stm32f4xx_hal_uart.o
                0x0000000008008f00                HAL_UART_ErrorCallback
 .text.HAL_UARTEx_RxEventCallback
                0x0000000008008f14       0x18 ./Drivers/STM32F4xx_HAL_Driver/Src/stm32f4xx_hal_uart.o
                0x0000000008008f14                HAL_UARTEx_RxEventCallback
 .text.UART_DMATransmitCplt
                0x0000000008008f2c       0x9a ./Drivers/STM32F4xx_HAL_Driver/Src/stm32f4xx_hal_uart.o
 .text.UART_DMATxHalfCplt
                0x0000000008008fc6       0x1c ./Drivers/STM32F4xx_HAL_Driver/Src/stm32f4xx_hal_uart.o
 .text.UART_DMAReceiveCplt
                0x0000000008008fe2      0x126 ./Drivers/STM32F4xx_HAL_Driver/Src/stm32f4xx_hal_uart.o
 .text.UART_DMARxHalfCplt
                0x0000000008009108       0x36 ./Drivers/STM32F4xx_HAL_Driver/Src/stm32f4xx_hal_uart.o
 .text.UART_DMAError
                0x000000000800913e       0x94 ./Drivers/STM32F4xx_HAL_Driver/Src/stm32f4xx_hal_uart.o
 *fill*         0x00000000080091d2        0x2 
 .text.UART_Start_Receive_DMA
                0x00000000080091d4      0x134 ./Drivers/STM32F4xx_HAL_Driver/Src/stm32f4xx_hal_uart.o
                0x00000000080091d4                UART_Start_Receive_DMA
 .text.UART_EndTxTransfer
                0x0000000008009308       0x50 ./Drivers/STM32F4xx_HAL_Driver/Src/stm32f4xx_hal_uart.o
 .text.UART_EndRxTransfer
                0x0000000008009358       0xc6 ./Drivers/STM32F4xx_HAL_Driver/Src/stm32f4xx_hal_uart.o
 .text.UART_DMAAbortOnError
                0x000000000800941e       0x28 ./Drivers/STM32F4xx_HAL_Driver/Src/stm32f4xx_hal_uart.o
 .text.UART_Transmit_IT
                0x0000000008009446       0xa0 ./Drivers/STM32F4xx_HAL_Driver/Src/stm32f4xx_hal_uart.o
 .text.UART_EndTransmit_IT
                0x00000000080094e6       0x30 ./Drivers/STM32F4xx_HAL_Driver/Src/stm32f4xx_hal_uart.o
 .text.UART_Receive_IT
                0x0000000008009516      0x176 ./Drivers/STM32F4xx_HAL_Driver/Src/stm32f4xx_hal_uart.o
 .text.UART_SetConfig
                0x000000000800968c      0x390 ./Drivers/STM32F4xx_HAL_Driver/Src/stm32f4xx_hal_uart.o
 .text.__NVIC_SetPriority
                0x0000000008009a1c       0x54 ./Middlewares/Third_Party/FreeRTOS/Source/CMSIS_RTOS_V2/cmsis_os2.o
 .text.SysTick_Handler
                0x0000000008009a70       0x20 ./Middlewares/Third_Party/FreeRTOS/Source/CMSIS_RTOS_V2/cmsis_os2.o
                0x0000000008009a70                SysTick_Handler
 .text.SVC_Setup
                0x0000000008009a90       0x12 ./Middlewares/Third_Party/FreeRTOS/Source/CMSIS_RTOS_V2/cmsis_os2.o
 *fill*         0x0000000008009aa2        0x2 
 .text.osKernelInitialize
                0x0000000008009aa4       0x48 ./Middlewares/Third_Party/FreeRTOS/Source/CMSIS_RTOS_V2/cmsis_os2.o
                0x0000000008009aa4                osKernelInitialize
 .text.osKernelStart
                0x0000000008009aec       0x4c ./Middlewares/Third_Party/FreeRTOS/Source/CMSIS_RTOS_V2/cmsis_os2.o
                0x0000000008009aec                osKernelStart
 .text.osThreadNew
                0x0000000008009b38      0x124 ./Middlewares/Third_Party/FreeRTOS/Source/CMSIS_RTOS_V2/cmsis_os2.o
                0x0000000008009b38                osThreadNew
 .text.osDelay  0x0000000008009c5c       0x36 ./Middlewares/Third_Party/FreeRTOS/Source/CMSIS_RTOS_V2/cmsis_os2.o
                0x0000000008009c5c                osDelay
 .text.TimerCallback
                0x0000000008009c92       0x2a ./Middlewares/Third_Party/FreeRTOS/Source/CMSIS_RTOS_V2/cmsis_os2.o
 .text.osTimerNew
                0x0000000008009cbc       0xf8 ./Middlewares/Third_Party/FreeRTOS/Source/CMSIS_RTOS_V2/cmsis_os2.o
                0x0000000008009cbc                osTimerNew
 .text.osTimerStart
                0x0000000008009db4       0x5c ./Middlewares/Third_Party/FreeRTOS/Source/CMSIS_RTOS_V2/cmsis_os2.o
                0x0000000008009db4                osTimerStart
 .text.osSemaphoreNew
                0x0000000008009e10      0x112 ./Middlewares/Third_Party/FreeRTOS/Source/CMSIS_RTOS_V2/cmsis_os2.o
                0x0000000008009e10                osSemaphoreNew
 *fill*         0x0000000008009f22        0x2 
 .text.osSemaphoreAcquire
                0x0000000008009f24       0xa4 ./Middlewares/Third_Party/FreeRTOS/Source/CMSIS_RTOS_V2/cmsis_os2.o
                0x0000000008009f24                osSemaphoreAcquire
 .text.osSemaphoreRelease
                0x0000000008009fc8       0x88 ./Middlewares/Third_Party/FreeRTOS/Source/CMSIS_RTOS_V2/cmsis_os2.o
                0x0000000008009fc8                osSemaphoreRelease
 .text.osMessageQueueNew
                0x000000000800a050       0xe6 ./Middlewares/Third_Party/FreeRTOS/Source/CMSIS_RTOS_V2/cmsis_os2.o
                0x000000000800a050                osMessageQueueNew
 *fill*         0x000000000800a136        0x2 
 .text.vApplicationGetIdleTaskMemory
                0x000000000800a138       0x34 ./Middlewares/Third_Party/FreeRTOS/Source/CMSIS_RTOS_V2/cmsis_os2.o
                0x000000000800a138                vApplicationGetIdleTaskMemory
 .text.vApplicationGetTimerTaskMemory
                0x000000000800a16c       0x34 ./Middlewares/Third_Party/FreeRTOS/Source/CMSIS_RTOS_V2/cmsis_os2.o
                0x000000000800a16c                vApplicationGetTimerTaskMemory
 .text.vListInitialise
                0x000000000800a1a0       0x40 ./Middlewares/Third_Party/FreeRTOS/Source/list.o
                0x000000000800a1a0                vListInitialise
 .text.vListInitialiseItem
                0x000000000800a1e0       0x1a ./Middlewares/Third_Party/FreeRTOS/Source/list.o
                0x000000000800a1e0                vListInitialiseItem
 .text.vListInsertEnd
                0x000000000800a1fa       0x48 ./Middlewares/Third_Party/FreeRTOS/Source/list.o
                0x000000000800a1fa                vListInsertEnd
 .text.vListInsert
                0x000000000800a242       0x72 ./Middlewares/Third_Party/FreeRTOS/Source/list.o
                0x000000000800a242                vListInsert
 .text.uxListRemove
                0x000000000800a2b4       0x54 ./Middlewares/Third_Party/FreeRTOS/Source/list.o
                0x000000000800a2b4                uxListRemove
 .text.xQueueGenericReset
                0x000000000800a308       0xd0 ./Middlewares/Third_Party/FreeRTOS/Source/queue.o
                0x000000000800a308                xQueueGenericReset
 .text.xQueueGenericCreateStatic
                0x000000000800a3d8       0xf0 ./Middlewares/Third_Party/FreeRTOS/Source/queue.o
                0x000000000800a3d8                xQueueGenericCreateStatic
 .text.xQueueGenericCreate
                0x000000000800a4c8       0x74 ./Middlewares/Third_Party/FreeRTOS/Source/queue.o
                0x000000000800a4c8                xQueueGenericCreate
 .text.prvInitialiseNewQueue
                0x000000000800a53c       0x46 ./Middlewares/Third_Party/FreeRTOS/Source/queue.o
 .text.xQueueCreateCountingSemaphoreStatic
                0x000000000800a582       0x6e ./Middlewares/Third_Party/FreeRTOS/Source/queue.o
                0x000000000800a582                xQueueCreateCountingSemaphoreStatic
 .text.xQueueCreateCountingSemaphore
                0x000000000800a5f0       0x66 ./Middlewares/Third_Party/FreeRTOS/Source/queue.o
                0x000000000800a5f0                xQueueCreateCountingSemaphore
 *fill*         0x000000000800a656        0x2 
 .text.xQueueGenericSend
                0x000000000800a658      0x1fc ./Middlewares/Third_Party/FreeRTOS/Source/queue.o
                0x000000000800a658                xQueueGenericSend
 .text.xQueueGenericSendFromISR
                0x000000000800a854      0x136 ./Middlewares/Third_Party/FreeRTOS/Source/queue.o
                0x000000000800a854                xQueueGenericSendFromISR
 .text.xQueueGiveFromISR
                0x000000000800a98a      0x11a ./Middlewares/Third_Party/FreeRTOS/Source/queue.o
                0x000000000800a98a                xQueueGiveFromISR
 .text.xQueueReceive
                0x000000000800aaa4      0x1c0 ./Middlewares/Third_Party/FreeRTOS/Source/queue.o
                0x000000000800aaa4                xQueueReceive
 .text.xQueueSemaphoreTake
                0x000000000800ac64      0x218 ./Middlewares/Third_Party/FreeRTOS/Source/queue.o
                0x000000000800ac64                xQueueSemaphoreTake
 .text.xQueueReceiveFromISR
                0x000000000800ae7c      0x100 ./Middlewares/Third_Party/FreeRTOS/Source/queue.o
                0x000000000800ae7c                xQueueReceiveFromISR
 .text.vQueueDelete
                0x000000000800af7c       0x46 ./Middlewares/Third_Party/FreeRTOS/Source/queue.o
                0x000000000800af7c                vQueueDelete
 .text.prvGetDisinheritPriorityAfterTimeout
                0x000000000800afc2       0x30 ./Middlewares/Third_Party/FreeRTOS/Source/queue.o
 .text.prvCopyDataToQueue
                0x000000000800aff2       0xd4 ./Middlewares/Third_Party/FreeRTOS/Source/queue.o
 .text.prvCopyDataFromQueue
                0x000000000800b0c6       0x4c ./Middlewares/Third_Party/FreeRTOS/Source/queue.o
 .text.prvUnlockQueue
                0x000000000800b112       0xa4 ./Middlewares/Third_Party/FreeRTOS/Source/queue.o
 .text.prvIsQueueEmpty
                0x000000000800b1b6       0x2c ./Middlewares/Third_Party/FreeRTOS/Source/queue.o
 .text.prvIsQueueFull
                0x000000000800b1e2       0x30 ./Middlewares/Third_Party/FreeRTOS/Source/queue.o
 *fill*         0x000000000800b212        0x2 
 .text.vQueueAddToRegistry
                0x000000000800b214       0x54 ./Middlewares/Third_Party/FreeRTOS/Source/queue.o
                0x000000000800b214                vQueueAddToRegistry
 .text.vQueueUnregisterQueue
                0x000000000800b268       0x54 ./Middlewares/Third_Party/FreeRTOS/Source/queue.o
                0x000000000800b268                vQueueUnregisterQueue
 .text.vQueueWaitForMessageRestricted
                0x000000000800b2bc       0x68 ./Middlewares/Third_Party/FreeRTOS/Source/queue.o
                0x000000000800b2bc                vQueueWaitForMessageRestricted
 .text.xTaskCreateStatic
                0x000000000800b324       0xba ./Middlewares/Third_Party/FreeRTOS/Source/tasks.o
                0x000000000800b324                xTaskCreateStatic
 .text.xTaskCreate
                0x000000000800b3de       0x8a ./Middlewares/Third_Party/FreeRTOS/Source/tasks.o
                0x000000000800b3de                xTaskCreate
 .text.prvInitialiseNewTask
                0x000000000800b468      0x14c ./Middlewares/Third_Party/FreeRTOS/Source/tasks.o
 .text.prvAddNewTaskToReadyList
                0x000000000800b5b4       0xe0 ./Middlewares/Third_Party/FreeRTOS/Source/tasks.o
 .text.vTaskDelay
                0x000000000800b694       0x68 ./Middlewares/Third_Party/FreeRTOS/Source/tasks.o
                0x000000000800b694                vTaskDelay
 .text.vTaskStartScheduler
                0x000000000800b6fc       0xe0 ./Middlewares/Third_Party/FreeRTOS/Source/tasks.o
                0x000000000800b6fc                vTaskStartScheduler
 .text.vTaskSuspendAll
                0x000000000800b7dc       0x1c ./Middlewares/Third_Party/FreeRTOS/Source/tasks.o
                0x000000000800b7dc                vTaskSuspendAll
 .text.xTaskResumeAll
                0x000000000800b7f8      0x13c ./Middlewares/Third_Party/FreeRTOS/Source/tasks.o
                0x000000000800b7f8                xTaskResumeAll
 .text.xTaskGetTickCount
                0x000000000800b934       0x20 ./Middlewares/Third_Party/FreeRTOS/Source/tasks.o
                0x000000000800b934                xTaskGetTickCount
 .text.xTaskIncrementTick
                0x000000000800b954      0x174 ./Middlewares/Third_Party/FreeRTOS/Source/tasks.o
                0x000000000800b954                xTaskIncrementTick
 .text.vTaskSwitchContext
                0x000000000800bac8       0xc8 ./Middlewares/Third_Party/FreeRTOS/Source/tasks.o
                0x000000000800bac8                vTaskSwitchContext
 .text.vTaskPlaceOnEventList
                0x000000000800bb90       0x48 ./Middlewares/Third_Party/FreeRTOS/Source/tasks.o
                0x000000000800bb90                vTaskPlaceOnEventList
 .text.vTaskPlaceOnEventListRestricted
                0x000000000800bbd8       0x58 ./Middlewares/Third_Party/FreeRTOS/Source/tasks.o
                0x000000000800bbd8                vTaskPlaceOnEventListRestricted
 .text.xTaskRemoveFromEventList
                0x000000000800bc30       0xc8 ./Middlewares/Third_Party/FreeRTOS/Source/tasks.o
                0x000000000800bc30                xTaskRemoveFromEventList
 .text.vTaskInternalSetTimeOutState
                0x000000000800bcf8       0x2c ./Middlewares/Third_Party/FreeRTOS/Source/tasks.o
                0x000000000800bcf8                vTaskInternalSetTimeOutState
 .text.xTaskCheckForTimeOut
                0x000000000800bd24       0xc4 ./Middlewares/Third_Party/FreeRTOS/Source/tasks.o
                0x000000000800bd24                xTaskCheckForTimeOut
 .text.vTaskMissedYield
                0x000000000800bde8       0x18 ./Middlewares/Third_Party/FreeRTOS/Source/tasks.o
                0x000000000800bde8                vTaskMissedYield
 .text.prvIdleTask
                0x000000000800be00       0x30 ./Middlewares/Third_Party/FreeRTOS/Source/tasks.o
 .text.prvInitialiseTaskLists
                0x000000000800be30       0x80 ./Middlewares/Third_Party/FreeRTOS/Source/tasks.o
 .text.prvCheckTasksWaitingTermination
                0x000000000800beb0       0x5c ./Middlewares/Third_Party/FreeRTOS/Source/tasks.o
 .text.prvDeleteTCB
                0x000000000800bf0c       0x68 ./Middlewares/Third_Party/FreeRTOS/Source/tasks.o
 .text.prvResetNextTaskUnblockTime
                0x000000000800bf74       0x40 ./Middlewares/Third_Party/FreeRTOS/Source/tasks.o
 .text.xTaskGetSchedulerState
                0x000000000800bfb4       0x3c ./Middlewares/Third_Party/FreeRTOS/Source/tasks.o
                0x000000000800bfb4                xTaskGetSchedulerState
 .text.xTaskPriorityInherit
                0x000000000800bff0       0xd0 ./Middlewares/Third_Party/FreeRTOS/Source/tasks.o
                0x000000000800bff0                xTaskPriorityInherit
 .text.xTaskPriorityDisinherit
                0x000000000800c0c0       0xdc ./Middlewares/Third_Party/FreeRTOS/Source/tasks.o
                0x000000000800c0c0                xTaskPriorityDisinherit
 .text.vTaskPriorityDisinheritAfterTimeout
                0x000000000800c19c      0x104 ./Middlewares/Third_Party/FreeRTOS/Source/tasks.o
                0x000000000800c19c                vTaskPriorityDisinheritAfterTimeout
 .text.pvTaskIncrementMutexHeldCount
                0x000000000800c2a0       0x28 ./Middlewares/Third_Party/FreeRTOS/Source/tasks.o
                0x000000000800c2a0                pvTaskIncrementMutexHeldCount
 .text.prvAddCurrentTaskToDelayedList
                0x000000000800c2c8       0xa8 ./Middlewares/Third_Party/FreeRTOS/Source/tasks.o
 .text.xTimerCreateTimerTask
                0x000000000800c370       0x90 ./Middlewares/Third_Party/FreeRTOS/Source/timers.o
                0x000000000800c370                xTimerCreateTimerTask
 .text.xTimerCreate
                0x000000000800c400       0x42 ./Middlewares/Third_Party/FreeRTOS/Source/timers.o
                0x000000000800c400                xTimerCreate
 .text.xTimerCreateStatic
                0x000000000800c442       0x7c ./Middlewares/Third_Party/FreeRTOS/Source/timers.o
                0x000000000800c442                xTimerCreateStatic
 .text.prvInitialiseNewTimer
                0x000000000800c4be       0x76 ./Middlewares/Third_Party/FreeRTOS/Source/timers.o
 .text.xTimerGenericCommand
                0x000000000800c534       0x9c ./Middlewares/Third_Party/FreeRTOS/Source/timers.o
                0x000000000800c534                xTimerGenericCommand
 .text.prvProcessExpiredTimer
                0x000000000800c5d0       0x98 ./Middlewares/Third_Party/FreeRTOS/Source/timers.o
 .text.prvTimerTask
                0x000000000800c668       0x24 ./Middlewares/Third_Party/FreeRTOS/Source/timers.o
 .text.prvProcessTimerOrBlockTask
                0x000000000800c68c       0x9c ./Middlewares/Third_Party/FreeRTOS/Source/timers.o
 .text.prvGetNextExpireTime
                0x000000000800c728       0x48 ./Middlewares/Third_Party/FreeRTOS/Source/timers.o
 .text.prvSampleTimeNow
                0x000000000800c770       0x40 ./Middlewares/Third_Party/FreeRTOS/Source/timers.o
 .text.prvInsertTimerInActiveList
                0x000000000800c7b0       0x84 ./Middlewares/Third_Party/FreeRTOS/Source/timers.o
 .text.prvProcessReceivedCommands
                0x000000000800c834      0x1c4 ./Middlewares/Third_Party/FreeRTOS/Source/timers.o
 .text.prvSwitchTimerLists
                0x000000000800c9f8       0xc8 ./Middlewares/Third_Party/FreeRTOS/Source/timers.o
 .text.prvCheckForValidListAndQueue
                0x000000000800cac0       0x80 ./Middlewares/Third_Party/FreeRTOS/Source/timers.o
 .text.pvTimerGetTimerID
                0x000000000800cb40       0x40 ./Middlewares/Third_Party/FreeRTOS/Source/timers.o
                0x000000000800cb40                pvTimerGetTimerID
 .text.pxPortInitialiseStack
                0x000000000800cb80       0x68 ./Middlewares/Third_Party/FreeRTOS/Source/portable/GCC/ARM_CM4F/port.o
                0x000000000800cb80                pxPortInitialiseStack
 .text.prvTaskExitError
                0x000000000800cbe8       0x58 ./Middlewares/Third_Party/FreeRTOS/Source/portable/GCC/ARM_CM4F/port.o
 .text.SVC_Handler
                0x000000000800cc40       0x28 ./Middlewares/Third_Party/FreeRTOS/Source/portable/GCC/ARM_CM4F/port.o
                0x000000000800cc40                SVC_Handler
 .text.prvPortStartFirstTask
                0x000000000800cc68       0x28 ./Middlewares/Third_Party/FreeRTOS/Source/portable/GCC/ARM_CM4F/port.o
 .text.xPortStartScheduler
                0x000000000800cc90      0x144 ./Middlewares/Third_Party/FreeRTOS/Source/portable/GCC/ARM_CM4F/port.o
                0x000000000800cc90                xPortStartScheduler
 .text.vPortEnterCritical
                0x000000000800cdd4       0x60 ./Middlewares/Third_Party/FreeRTOS/Source/portable/GCC/ARM_CM4F/port.o
                0x000000000800cdd4                vPortEnterCritical
 .text.vPortExitCritical
                0x000000000800ce34       0x54 ./Middlewares/Third_Party/FreeRTOS/Source/portable/GCC/ARM_CM4F/port.o
                0x000000000800ce34                vPortExitCritical
 *fill*         0x000000000800ce88        0x8 
 .text.PendSV_Handler
                0x000000000800ce90       0x68 ./Middlewares/Third_Party/FreeRTOS/Source/portable/GCC/ARM_CM4F/port.o
                0x000000000800ce90                PendSV_Handler
 .text.xPortSysTickHandler
                0x000000000800cef8       0x44 ./Middlewares/Third_Party/FreeRTOS/Source/portable/GCC/ARM_CM4F/port.o
                0x000000000800cef8                xPortSysTickHandler
 .text.vPortSetupTimerInterrupt
                0x000000000800cf3c       0x48 ./Middlewares/Third_Party/FreeRTOS/Source/portable/GCC/ARM_CM4F/port.o
                0x000000000800cf3c                vPortSetupTimerInterrupt
 .text.vPortEnableVFP
                0x000000000800cf84       0x14 ./Middlewares/Third_Party/FreeRTOS/Source/portable/GCC/ARM_CM4F/port.o
 .text.vPortValidateInterruptPriority
                0x000000000800cf98       0x80 ./Middlewares/Third_Party/FreeRTOS/Source/portable/GCC/ARM_CM4F/port.o
                0x000000000800cf98                vPortValidateInterruptPriority
 .text.pvPortMalloc
                0x000000000800d018      0x198 ./Middlewares/Third_Party/FreeRTOS/Source/portable/MemMang/heap_4.o
                0x000000000800d018                pvPortMalloc
 .text.vPortFree
                0x000000000800d1b0       0xc4 ./Middlewares/Third_Party/FreeRTOS/Source/portable/MemMang/heap_4.o
                0x000000000800d1b0                vPortFree
 .text.prvHeapInit
                0x000000000800d274       0xc4 ./Middlewares/Third_Party/FreeRTOS/Source/portable/MemMang/heap_4.o
 .text.prvInsertBlockIntoFreeList
                0x000000000800d338       0xb4 ./Middlewares/Third_Party/FreeRTOS/Source/portable/MemMang/heap_4.o
 .text.master_crc16
                0x000000000800d3ec       0x78 ./Modbus_RTU/mb_master.o
 .text.master_validate_reply
                0x000000000800d464       0x8c ./Modbus_RTU/mb_master.o
 .text.master_request
                0x000000000800d4f0      0x150 ./Modbus_RTU/mb_master.o
 .text.ostimer_callback
                0x000000000800d640       0x44 ./Modbus_RTU/mb_master.o
 .text.master_init
                0x000000000800d684       0x68 ./Modbus_RTU/mb_master.o
                0x000000000800d684                master_init
 .text.master_set_tx_rx
                0x000000000800d6ec       0x32 ./Modbus_RTU/mb_master.o
                0x000000000800d6ec                master_set_tx_rx
 .text.master_uart_idle
                0x000000000800d71e       0x80 ./Modbus_RTU/mb_master.o
                0x000000000800d71e                master_uart_idle
 .text.master_compose_tx_buffer
                0x000000000800d79e       0xa6 ./Modbus_RTU/mb_master.o
 .text.master_read_holding_regs
                0x000000000800d844       0xd6 ./Modbus_RTU/mb_master.o
                0x000000000800d844                master_read_holding_regs
 .text.master_write_single_coil
                0x000000000800d91a       0xb6 ./Modbus_RTU/mb_master.o
                0x000000000800d91a                master_write_single_coil
 .text.master_write_multi_holding_regs
                0x000000000800d9d0      0x132 ./Modbus_RTU/mb_master.o
                0x000000000800d9d0                master_write_multi_holding_regs
 *fill*         0x000000000800db02        0x2 
 .text.slave_crc16
                0x000000000800db04       0x78 ./Modbus_RTU/mb_slave.o
 .text.slave_validate_cmd
                0x000000000800db7c       0x7a ./Modbus_RTU/mb_slave.o
 .text.slave_handle_read_discs
                0x000000000800dbf6      0x196 ./Modbus_RTU/mb_slave.o
 .text.slave_handle_read_coils
                0x000000000800dd8c      0x19a ./Modbus_RTU/mb_slave.o
 .text.slave_handle_read_input_regs
                0x000000000800df26      0x168 ./Modbus_RTU/mb_slave.o
 .text.slave_handle_read_holding_regs
                0x000000000800e08e      0x168 ./Modbus_RTU/mb_slave.o
 .text.slave_compose_write_reply_tx_buffer
                0x000000000800e1f6       0xaa ./Modbus_RTU/mb_slave.o
 .text.slave_handle_write_single_coil
                0x000000000800e2a0       0xb6 ./Modbus_RTU/mb_slave.o
 .text.slave_handle_write_multi_coils
                0x000000000800e356       0xfc ./Modbus_RTU/mb_slave.o
 .text.slave_handle_write_single_holding_reg
                0x000000000800e452       0xbe ./Modbus_RTU/mb_slave.o
 .text.slave_handle_write_multi_holding_regs
                0x000000000800e510      0x100 ./Modbus_RTU/mb_slave.o
 .text.slave_response
                0x000000000800e610      0x182 ./Modbus_RTU/mb_slave.o
 .text.ostimer_callback
                0x000000000800e792       0x44 ./Modbus_RTU/mb_slave.o
 *fill*         0x000000000800e7d6        0x2 
 .text.slave_init
                0x000000000800e7d8       0x70 ./Modbus_RTU/mb_slave.o
                0x000000000800e7d8                slave_init
 .text.slave_uart_idle
                0x000000000800e848       0x80 ./Modbus_RTU/mb_slave.o
                0x000000000800e848                slave_uart_idle
 .text.slave_set_tx_rx
                0x000000000800e8c8       0x32 ./Modbus_RTU/mb_slave.o
                0x000000000800e8c8                slave_set_tx_rx
 .text.slave_wait_request
                0x000000000800e8fa       0x74 ./Modbus_RTU/mb_slave.o
                0x000000000800e8fa                slave_wait_request
 *fill*         0x000000000800e96e        0x2 
 .text.__errno  0x000000000800e970        0xc c:/st/stm32cubeide_1.6.1/stm32cubeide/plugins/com.st.stm32cube.ide.mcu.externaltools.gnu-tools-for-stm32.9-2020-q2-update.win32_2.0.0.202105311346/tools/bin/../lib/gcc/arm-none-eabi/9.3.1/../../../../arm-none-eabi/lib/thumb/v7e-m+fp/hard\libc_nano.a(lib_a-errno.o)
                0x000000000800e970                __errno
 .text.__libc_init_array
                0x000000000800e97c       0x48 c:/st/stm32cubeide_1.6.1/stm32cubeide/plugins/com.st.stm32cube.ide.mcu.externaltools.gnu-tools-for-stm32.9-2020-q2-update.win32_2.0.0.202105311346/tools/bin/../lib/gcc/arm-none-eabi/9.3.1/../../../../arm-none-eabi/lib/thumb/v7e-m+fp/hard\libc_nano.a(lib_a-init.o)
                0x000000000800e97c                __libc_init_array
 .text.__retarget_lock_acquire_recursive
                0x000000000800e9c4        0x2 c:/st/stm32cubeide_1.6.1/stm32cubeide/plugins/com.st.stm32cube.ide.mcu.externaltools.gnu-tools-for-stm32.9-2020-q2-update.win32_2.0.0.202105311346/tools/bin/../lib/gcc/arm-none-eabi/9.3.1/../../../../arm-none-eabi/lib/thumb/v7e-m+fp/hard\libc_nano.a(lib_a-lock.o)
                0x000000000800e9c4                __retarget_lock_acquire_recursive
 .text.__retarget_lock_release_recursive
                0x000000000800e9c6        0x2 c:/st/stm32cubeide_1.6.1/stm32cubeide/plugins/com.st.stm32cube.ide.mcu.externaltools.gnu-tools-for-stm32.9-2020-q2-update.win32_2.0.0.202105311346/tools/bin/../lib/gcc/arm-none-eabi/9.3.1/../../../../arm-none-eabi/lib/thumb/v7e-m+fp/hard\libc_nano.a(lib_a-lock.o)
                0x000000000800e9c6                __retarget_lock_release_recursive
 .text.memcpy   0x000000000800e9c8       0x1c c:/st/stm32cubeide_1.6.1/stm32cubeide/plugins/com.st.stm32cube.ide.mcu.externaltools.gnu-tools-for-stm32.9-2020-q2-update.win32_2.0.0.202105311346/tools/bin/../lib/gcc/arm-none-eabi/9.3.1/../../../../arm-none-eabi/lib/thumb/v7e-m+fp/hard\libc_nano.a(lib_a-memcpy-stub.o)
                0x000000000800e9c8                memcpy
 .text.memset   0x000000000800e9e4       0x10 c:/st/stm32cubeide_1.6.1/stm32cubeide/plugins/com.st.stm32cube.ide.mcu.externaltools.gnu-tools-for-stm32.9-2020-q2-update.win32_2.0.0.202105311346/tools/bin/../lib/gcc/arm-none-eabi/9.3.1/../../../../arm-none-eabi/lib/thumb/v7e-m+fp/hard\libc_nano.a(lib_a-memset.o)
                0x000000000800e9e4                memset
 .text.cleanup_glue
                0x000000000800e9f4       0x1a c:/st/stm32cubeide_1.6.1/stm32cubeide/plugins/com.st.stm32cube.ide.mcu.externaltools.gnu-tools-for-stm32.9-2020-q2-update.win32_2.0.0.202105311346/tools/bin/../lib/gcc/arm-none-eabi/9.3.1/../../../../arm-none-eabi/lib/thumb/v7e-m+fp/hard\libc_nano.a(lib_a-reent.o)
                0x000000000800e9f4                cleanup_glue
 *fill*         0x000000000800ea0e        0x2 
 .text._reclaim_reent
                0x000000000800ea10       0xb8 c:/st/stm32cubeide_1.6.1/stm32cubeide/plugins/com.st.stm32cube.ide.mcu.externaltools.gnu-tools-for-stm32.9-2020-q2-update.win32_2.0.0.202105311346/tools/bin/../lib/gcc/arm-none-eabi/9.3.1/../../../../arm-none-eabi/lib/thumb/v7e-m+fp/hard\libc_nano.a(lib_a-reent.o)
                0x000000000800ea10                _reclaim_reent
 .text.__malloc_lock
                0x000000000800eac8        0xc c:/st/stm32cubeide_1.6.1/stm32cubeide/plugins/com.st.stm32cube.ide.mcu.externaltools.gnu-tools-for-stm32.9-2020-q2-update.win32_2.0.0.202105311346/tools/bin/../lib/gcc/arm-none-eabi/9.3.1/../../../../arm-none-eabi/lib/thumb/v7e-m+fp/hard\libc_nano.a(lib_a-mlock.o)
                0x000000000800eac8                __malloc_lock
 .text.__malloc_unlock
                0x000000000800ead4        0xc c:/st/stm32cubeide_1.6.1/stm32cubeide/plugins/com.st.stm32cube.ide.mcu.externaltools.gnu-tools-for-stm32.9-2020-q2-update.win32_2.0.0.202105311346/tools/bin/../lib/gcc/arm-none-eabi/9.3.1/../../../../arm-none-eabi/lib/thumb/v7e-m+fp/hard\libc_nano.a(lib_a-mlock.o)
                0x000000000800ead4                __malloc_unlock
 .text._free_r  0x000000000800eae0       0xa0 c:/st/stm32cubeide_1.6.1/stm32cubeide/plugins/com.st.stm32cube.ide.mcu.externaltools.gnu-tools-for-stm32.9-2020-q2-update.win32_2.0.0.202105311346/tools/bin/../lib/gcc/arm-none-eabi/9.3.1/../../../../arm-none-eabi/lib/thumb/v7e-m+fp/hard\libc_nano.a(lib_a-nano-freer.o)
                0x000000000800eae0                _free_r
 .text.log      0x000000000800eb80       0x90 c:/st/stm32cubeide_1.6.1/stm32cubeide/plugins/com.st.stm32cube.ide.mcu.externaltools.gnu-tools-for-stm32.9-2020-q2-update.win32_2.0.0.202105311346/tools/bin/../lib/gcc/arm-none-eabi/9.3.1/../../../../arm-none-eabi/lib/thumb/v7e-m+fp/hard\libm.a(lib_a-w_log.o)
                0x000000000800eb80                log
 .text.__ieee754_log
                0x000000000800ec10      0x374 c:/st/stm32cubeide_1.6.1/stm32cubeide/plugins/com.st.stm32cube.ide.mcu.externaltools.gnu-tools-for-stm32.9-2020-q2-update.win32_2.0.0.202105311346/tools/bin/../lib/gcc/arm-none-eabi/9.3.1/../../../../arm-none-eabi/lib/thumb/v7e-m+fp/hard\libm.a(lib_a-e_log.o)
                0x000000000800ec10                __ieee754_log
 *fill*         0x000000000800ef84        0x4 
 .text.nan      0x000000000800ef88       0x10 c:/st/stm32cubeide_1.6.1/stm32cubeide/plugins/com.st.stm32cube.ide.mcu.externaltools.gnu-tools-for-stm32.9-2020-q2-update.win32_2.0.0.202105311346/tools/bin/../lib/gcc/arm-none-eabi/9.3.1/../../../../arm-none-eabi/lib/thumb/v7e-m+fp/hard\libm.a(lib_a-s_nan.o)
                0x000000000800ef88                nan
 *(.glue_7)
 .glue_7        0x000000000800ef98        0x0 linker stubs
 *(.glue_7t)
 .glue_7t       0x000000000800ef98        0x0 linker stubs
 *(.eh_frame)
 .eh_frame      0x000000000800ef98        0x0 c:/st/stm32cubeide_1.6.1/stm32cubeide/plugins/com.st.stm32cube.ide.mcu.externaltools.gnu-tools-for-stm32.9-2020-q2-update.win32_2.0.0.202105311346/tools/bin/../lib/gcc/arm-none-eabi/9.3.1/thumb/v7e-m+fp/hard/crtbegin.o
 *(.init)
 .init          0x000000000800ef98        0x4 c:/st/stm32cubeide_1.6.1/stm32cubeide/plugins/com.st.stm32cube.ide.mcu.externaltools.gnu-tools-for-stm32.9-2020-q2-update.win32_2.0.0.202105311346/tools/bin/../lib/gcc/arm-none-eabi/9.3.1/thumb/v7e-m+fp/hard/crti.o
                0x000000000800ef98                _init
 .init          0x000000000800ef9c        0x8 c:/st/stm32cubeide_1.6.1/stm32cubeide/plugins/com.st.stm32cube.ide.mcu.externaltools.gnu-tools-for-stm32.9-2020-q2-update.win32_2.0.0.202105311346/tools/bin/../lib/gcc/arm-none-eabi/9.3.1/thumb/v7e-m+fp/hard/crtn.o
 *(.fini)
 .fini          0x000000000800efa4        0x4 c:/st/stm32cubeide_1.6.1/stm32cubeide/plugins/com.st.stm32cube.ide.mcu.externaltools.gnu-tools-for-stm32.9-2020-q2-update.win32_2.0.0.202105311346/tools/bin/../lib/gcc/arm-none-eabi/9.3.1/thumb/v7e-m+fp/hard/crti.o
                0x000000000800efa4                _fini
 .fini          0x000000000800efa8        0x8 c:/st/stm32cubeide_1.6.1/stm32cubeide/plugins/com.st.stm32cube.ide.mcu.externaltools.gnu-tools-for-stm32.9-2020-q2-update.win32_2.0.0.202105311346/tools/bin/../lib/gcc/arm-none-eabi/9.3.1/thumb/v7e-m+fp/hard/crtn.o
                0x000000000800efb0                . = ALIGN (0x4)
                0x000000000800efb0                _etext = .

.vfp11_veneer   0x000000000800efb0        0x0
 .vfp11_veneer  0x000000000800efb0        0x0 linker stubs

.v4_bx          0x000000000800efb0        0x0
 .v4_bx         0x000000000800efb0        0x0 linker stubs

.iplt           0x000000000800efb0        0x0
 .iplt          0x000000000800efb0        0x0 c:/st/stm32cubeide_1.6.1/stm32cubeide/plugins/com.st.stm32cube.ide.mcu.externaltools.gnu-tools-for-stm32.9-2020-q2-update.win32_2.0.0.202105311346/tools/bin/../lib/gcc/arm-none-eabi/9.3.1/thumb/v7e-m+fp/hard/crtbegin.o

.rodata         0x000000000800efb0      0x63c
                0x000000000800efb0                . = ALIGN (0x4)
 *(.rodata)
 .rodata        0x000000000800efb0       0x50 ./Core/Src/freertos.o
 .rodata        0x000000000800f000        0x5 ./Middlewares/Third_Party/FreeRTOS/Source/tasks.o
 *fill*         0x000000000800f005        0x3 
 .rodata        0x000000000800f008        0xd ./Middlewares/Third_Party/FreeRTOS/Source/timers.o
 *(.rodata*)
 *fill*         0x000000000800f015        0x3 
 .rodata.Task01_attributes
                0x000000000800f018       0x24 ./Core/Src/freertos.o
                0x000000000800f018                Task01_attributes
 .rodata.Task02_attributes
                0x000000000800f03c       0x24 ./Core/Src/freertos.o
                0x000000000800f03c                Task02_attributes
 .rodata.Task03_attributes
                0x000000000800f060       0x24 ./Core/Src/freertos.o
                0x000000000800f060                Task03_attributes
 .rodata.Task04_attributes
                0x000000000800f084       0x24 ./Core/Src/freertos.o
                0x000000000800f084                Task04_attributes
 .rodata.Task05_attributes
                0x000000000800f0a8       0x24 ./Core/Src/freertos.o
                0x000000000800f0a8                Task05_attributes
 .rodata.Task06_attributes
                0x000000000800f0cc       0x24 ./Core/Src/freertos.o
                0x000000000800f0cc                Task06_attributes
 .rodata.Task07_attributes
                0x000000000800f0f0       0x24 ./Core/Src/freertos.o
                0x000000000800f0f0                Task07_attributes
 .rodata.Task08_attributes
                0x000000000800f114       0x24 ./Core/Src/freertos.o
                0x000000000800f114                Task08_attributes
 .rodata.Queue01_attributes
                0x000000000800f138       0x18 ./Core/Src/freertos.o
                0x000000000800f138                Queue01_attributes
 .rodata.Queue02_attributes
                0x000000000800f150       0x18 ./Core/Src/freertos.o
                0x000000000800f150                Queue02_attributes
 .rodata.AHBPrescTable
                0x000000000800f168       0x10 ./Core/Src/system_stm32f4xx.o
                0x000000000800f168                AHBPrescTable
 .rodata.APBPrescTable
                0x000000000800f178        0x8 ./Core/Src/system_stm32f4xx.o
                0x000000000800f178                APBPrescTable
 .rodata.flagBitshiftOffset.9069
                0x000000000800f180        0x8 ./Drivers/STM32F4xx_HAL_Driver/Src/stm32f4xx_hal_dma.o
 .rodata.crc_hi
                0x000000000800f188      0x100 ./Modbus_RTU/mb_master.o
 .rodata.crc_lo
                0x000000000800f288      0x100 ./Modbus_RTU/mb_master.o
 .rodata.crc_hi
                0x000000000800f388      0x100 ./Modbus_RTU/mb_slave.o
 .rodata.crc_lo
                0x000000000800f488      0x100 ./Modbus_RTU/mb_slave.o
 .rodata.__sf_fake_stderr
                0x000000000800f588       0x20 c:/st/stm32cubeide_1.6.1/stm32cubeide/plugins/com.st.stm32cube.ide.mcu.externaltools.gnu-tools-for-stm32.9-2020-q2-update.win32_2.0.0.202105311346/tools/bin/../lib/gcc/arm-none-eabi/9.3.1/../../../../arm-none-eabi/lib/thumb/v7e-m+fp/hard\libc_nano.a(lib_a-findfp.o)
                0x000000000800f588                __sf_fake_stderr
 .rodata.__sf_fake_stdin
                0x000000000800f5a8       0x20 c:/st/stm32cubeide_1.6.1/stm32cubeide/plugins/com.st.stm32cube.ide.mcu.externaltools.gnu-tools-for-stm32.9-2020-q2-update.win32_2.0.0.202105311346/tools/bin/../lib/gcc/arm-none-eabi/9.3.1/../../../../arm-none-eabi/lib/thumb/v7e-m+fp/hard\libc_nano.a(lib_a-findfp.o)
                0x000000000800f5a8                __sf_fake_stdin
 .rodata.__sf_fake_stdout
                0x000000000800f5c8       0x20 c:/st/stm32cubeide_1.6.1/stm32cubeide/plugins/com.st.stm32cube.ide.mcu.externaltools.gnu-tools-for-stm32.9-2020-q2-update.win32_2.0.0.202105311346/tools/bin/../lib/gcc/arm-none-eabi/9.3.1/../../../../arm-none-eabi/lib/thumb/v7e-m+fp/hard\libc_nano.a(lib_a-findfp.o)
                0x000000000800f5c8                __sf_fake_stdout
 .rodata.log.str1.1
                0x000000000800f5e8        0x1 c:/st/stm32cubeide_1.6.1/stm32cubeide/plugins/com.st.stm32cube.ide.mcu.externaltools.gnu-tools-for-stm32.9-2020-q2-update.win32_2.0.0.202105311346/tools/bin/../lib/gcc/arm-none-eabi/9.3.1/../../../../arm-none-eabi/lib/thumb/v7e-m+fp/hard\libm.a(lib_a-w_log.o)
                0x000000000800f5ec                . = ALIGN (0x4)
 *fill*         0x000000000800f5e9        0x3 

.ARM.extab      0x000000000800f5ec        0x0
                0x000000000800f5ec                . = ALIGN (0x4)
 *(.ARM.extab* .gnu.linkonce.armextab.*)
                0x000000000800f5ec                . = ALIGN (0x4)

.ARM            0x000000000800f5ec        0x8
                0x000000000800f5ec                . = ALIGN (0x4)
                0x000000000800f5ec                __exidx_start = .
 *(.ARM.exidx*)
 .ARM.exidx     0x000000000800f5ec        0x8 c:/st/stm32cubeide_1.6.1/stm32cubeide/plugins/com.st.stm32cube.ide.mcu.externaltools.gnu-tools-for-stm32.9-2020-q2-update.win32_2.0.0.202105311346/tools/bin/../lib/gcc/arm-none-eabi/9.3.1/thumb/v7e-m+fp/hard\libgcc.a(_udivmoddi4.o)
                0x000000000800f5f4                __exidx_end = .
                0x000000000800f5f4                . = ALIGN (0x4)

.rel.dyn        0x000000000800f5f4        0x0
 .rel.iplt      0x000000000800f5f4        0x0 c:/st/stm32cubeide_1.6.1/stm32cubeide/plugins/com.st.stm32cube.ide.mcu.externaltools.gnu-tools-for-stm32.9-2020-q2-update.win32_2.0.0.202105311346/tools/bin/../lib/gcc/arm-none-eabi/9.3.1/thumb/v7e-m+fp/hard/crtbegin.o

.preinit_array  0x000000000800f5f4        0x0
                0x000000000800f5f4                . = ALIGN (0x4)
                0x000000000800f5f4                PROVIDE (__preinit_array_start = .)
 *(.preinit_array*)
                0x000000000800f5f4                PROVIDE (__preinit_array_end = .)
                0x000000000800f5f4                . = ALIGN (0x4)

.init_array     0x000000000800f5f4        0x4
                0x000000000800f5f4                . = ALIGN (0x4)
                0x000000000800f5f4                PROVIDE (__init_array_start = .)
 *(SORT_BY_NAME(.init_array.*))
 *(.init_array*)
 .init_array    0x000000000800f5f4        0x4 c:/st/stm32cubeide_1.6.1/stm32cubeide/plugins/com.st.stm32cube.ide.mcu.externaltools.gnu-tools-for-stm32.9-2020-q2-update.win32_2.0.0.202105311346/tools/bin/../lib/gcc/arm-none-eabi/9.3.1/thumb/v7e-m+fp/hard/crtbegin.o
                0x000000000800f5f8                PROVIDE (__init_array_end = .)
                0x000000000800f5f8                . = ALIGN (0x4)

.fini_array     0x000000000800f5f8        0x4
                0x000000000800f5f8                . = ALIGN (0x4)
                [!provide]                        PROVIDE (__fini_array_start = .)
 *(SORT_BY_NAME(.fini_array.*))
 *(.fini_array*)
 .fini_array    0x000000000800f5f8        0x4 c:/st/stm32cubeide_1.6.1/stm32cubeide/plugins/com.st.stm32cube.ide.mcu.externaltools.gnu-tools-for-stm32.9-2020-q2-update.win32_2.0.0.202105311346/tools/bin/../lib/gcc/arm-none-eabi/9.3.1/thumb/v7e-m+fp/hard/crtbegin.o
                [!provide]                        PROVIDE (__fini_array_end = .)
                0x000000000800f5fc                . = ALIGN (0x4)
                0x000000000800f5fc                _sidata = LOADADDR (.data)

.data           0x0000000020000000      0x17c load address 0x000000000800f5fc
                0x0000000020000000                . = ALIGN (0x4)
                0x0000000020000000                _sdata = .
 *(.data)
 *(.data*)
 .data.SystemCoreClock
                0x0000000020000000        0x4 ./Core/Src/system_stm32f4xx.o
                0x0000000020000000                SystemCoreClock
 .data.port     0x0000000020000004       0x30 ./Csro/Foundation/fnd_com/fnd_com.o
                0x0000000020000004                port
 .data.gpio_input_port
                0x0000000020000034       0x10 ./Csro/Foundation/fnd_input/fnd_input_gpio.o
                0x0000000020000034                gpio_input_port
 .data.gpio_input_pin
                0x0000000020000044        0x8 ./Csro/Foundation/fnd_input/fnd_input_gpio.o
                0x0000000020000044                gpio_input_pin
 .data.gpio_id_port
                0x000000002000004c       0x20 ./Csro/Foundation/fnd_input/fnd_input_gpio.o
                0x000000002000004c                gpio_id_port
 .data.gpio_id_pin
                0x000000002000006c       0x10 ./Csro/Foundation/fnd_input/fnd_input_gpio.o
                0x000000002000006c                gpio_id_pin
 .data.sht_i2c  0x000000002000007c        0x8 ./Csro/Foundation/fnd_input/fnd_input_i2c.o
                0x000000002000007c                sht_i2c
 .data.relay_port
                0x0000000020000084       0x18 ./Csro/Foundation/fnd_output/fnd_output_gpio.o
                0x0000000020000084                relay_port
 .data.relay_pin
                0x000000002000009c        0xc ./Csro/Foundation/fnd_output/fnd_output_gpio.o
                0x000000002000009c                relay_pin
 .data.stepper_port
                0x00000000200000a8       0x40 ./Csro/Foundation/fnd_output/fnd_output_stepper.o
                0x00000000200000a8                stepper_port
 .data.stepper_pin
                0x00000000200000e8       0x20 ./Csro/Foundation/fnd_output/fnd_output_stepper.o
                0x00000000200000e8                stepper_pin
 .data.uwTickPrio
                0x0000000020000108        0x4 ./Drivers/STM32F4xx_HAL_Driver/Src/stm32f4xx_hal.o
                0x0000000020000108                uwTickPrio
 .data.uwTickFreq
                0x000000002000010c        0x1 ./Drivers/STM32F4xx_HAL_Driver/Src/stm32f4xx_hal.o
                0x000000002000010c                uwTickFreq
 *fill*         0x000000002000010d        0x3 
 .data.uxCriticalNesting
                0x0000000020000110        0x4 ./Middlewares/Third_Party/FreeRTOS/Source/portable/GCC/ARM_CM4F/port.o
 .data._impure_ptr
                0x0000000020000114        0x4 c:/st/stm32cubeide_1.6.1/stm32cubeide/plugins/com.st.stm32cube.ide.mcu.externaltools.gnu-tools-for-stm32.9-2020-q2-update.win32_2.0.0.202105311346/tools/bin/../lib/gcc/arm-none-eabi/9.3.1/../../../../arm-none-eabi/lib/thumb/v7e-m+fp/hard\libc_nano.a(lib_a-impure.o)
                0x0000000020000114                _impure_ptr
 .data.impure_data
                0x0000000020000118       0x60 c:/st/stm32cubeide_1.6.1/stm32cubeide/plugins/com.st.stm32cube.ide.mcu.externaltools.gnu-tools-for-stm32.9-2020-q2-update.win32_2.0.0.202105311346/tools/bin/../lib/gcc/arm-none-eabi/9.3.1/../../../../arm-none-eabi/lib/thumb/v7e-m+fp/hard\libc_nano.a(lib_a-impure.o)
 .data.__fdlib_version
                0x0000000020000178        0x1 c:/st/stm32cubeide_1.6.1/stm32cubeide/plugins/com.st.stm32cube.ide.mcu.externaltools.gnu-tools-for-stm32.9-2020-q2-update.win32_2.0.0.202105311346/tools/bin/../lib/gcc/arm-none-eabi/9.3.1/../../../../arm-none-eabi/lib/thumb/v7e-m+fp/hard\libm.a(lib_a-s_lib_ver.o)
                0x0000000020000178                __fdlib_version
 *(.RamFunc)
 *(.RamFunc*)
                0x000000002000017c                . = ALIGN (0x4)
 *fill*         0x0000000020000179        0x3 
                0x000000002000017c                _edata = .
                0x000000000800f778                _siccmram = LOADADDR (.ccmram)

.igot.plt       0x000000002000017c        0x0 load address 0x000000000800f778
 .igot.plt      0x000000002000017c        0x0 c:/st/stm32cubeide_1.6.1/stm32cubeide/plugins/com.st.stm32cube.ide.mcu.externaltools.gnu-tools-for-stm32.9-2020-q2-update.win32_2.0.0.202105311346/tools/bin/../lib/gcc/arm-none-eabi/9.3.1/thumb/v7e-m+fp/hard/crtbegin.o

.ccmram         0x0000000010000000        0x0 load address 0x000000000800f778
                0x0000000010000000                . = ALIGN (0x4)
                0x0000000010000000                _sccmram = .
 *(.ccmram)
 *(.ccmram*)
                0x0000000010000000                . = ALIGN (0x4)
                0x0000000010000000                _eccmram = .
                0x0000000010000000                . = ALIGN (0x4)

.bss            0x000000002000017c     0x6a14
                0x000000002000017c                _sbss = .