Archive member included to satisfy reference by file (symbol)

c:/st/stm32cubeide_1.7.0/stm32cubeide/plugins/com.st.stm32cube.ide.mcu.externaltools.gnu-tools-for-stm32.9-2020-q2-update.win32_2.0.0.202105311346/tools/bin/../lib/gcc/arm-none-eabi/9.3.1/../../../../arm-none-eabi/lib/thumb/v7e-m+fp/hard\libc_nano.a(lib_a-errno.o)
                              ./Core/Src/syscalls.o (__errno)
c:/st/stm32cubeide_1.7.0/stm32cubeide/plugins/com.st.stm32cube.ide.mcu.externaltools.gnu-tools-for-stm32.9-2020-q2-update.win32_2.0.0.202105311346/tools/bin/../lib/gcc/arm-none-eabi/9.3.1/../../../../arm-none-eabi/lib/thumb/v7e-m+fp/hard\libc_nano.a(lib_a-exit.o)
                              c:/st/stm32cubeide_1.7.0/stm32cubeide/plugins/com.st.stm32cube.ide.mcu.externaltools.gnu-tools-for-stm32.9-2020-q2-update.win32_2.0.0.202105311346/tools/bin/../lib/gcc/arm-none-eabi/9.3.1/../../../../arm-none-eabi/lib/thumb/v7e-m+fp/hard/crt0.o (exit)
c:/st/stm32cubeide_1.7.0/stm32cubeide/plugins/com.st.stm32cube.ide.mcu.externaltools.gnu-tools-for-stm32.9-2020-q2-update.win32_2.0.0.202105311346/tools/bin/../lib/gcc/arm-none-eabi/9.3.1/../../../../arm-none-eabi/lib/thumb/v7e-m+fp/hard\libc_nano.a(lib_a-findfp.o)
                              ./Middlewares/Third_Party/FreeRTOS/Source/tasks.o (__sf_fake_stderr)
c:/st/stm32cubeide_1.7.0/stm32cubeide/plugins/com.st.stm32cube.ide.mcu.externaltools.gnu-tools-for-stm32.9-2020-q2-update.win32_2.0.0.202105311346/tools/bin/../lib/gcc/arm-none-eabi/9.3.1/../../../../arm-none-eabi/lib/thumb/v7e-m+fp/hard\libc_nano.a(lib_a-fwalk.o)
                              c:/st/stm32cubeide_1.7.0/stm32cubeide/plugins/com.st.stm32cube.ide.mcu.externaltools.gnu-tools-for-stm32.9-2020-q2-update.win32_2.0.0.202105311346/tools/bin/../lib/gcc/arm-none-eabi/9.3.1/../../../../arm-none-eabi/lib/thumb/v7e-m+fp/hard\libc_nano.a(lib_a-findfp.o) (_fwalk)
c:/st/stm32cubeide_1.7.0/stm32cubeide/plugins/com.st.stm32cube.ide.mcu.externaltools.gnu-tools-for-stm32.9-2020-q2-update.win32_2.0.0.202105311346/tools/bin/../lib/gcc/arm-none-eabi/9.3.1/../../../../arm-none-eabi/lib/thumb/v7e-m+fp/hard\libc_nano.a(lib_a-impure.o)
                              c:/st/stm32cubeide_1.7.0/stm32cubeide/plugins/com.st.stm32cube.ide.mcu.externaltools.gnu-tools-for-stm32.9-2020-q2-update.win32_2.0.0.202105311346/tools/bin/../lib/gcc/arm-none-eabi/9.3.1/../../../../arm-none-eabi/lib/thumb/v7e-m+fp/hard\libc_nano.a(lib_a-exit.o) (_global_impure_ptr)
c:/st/stm32cubeide_1.7.0/stm32cubeide/plugins/com.st.stm32cube.ide.mcu.externaltools.gnu-tools-for-stm32.9-2020-q2-update.win32_2.0.0.202105311346/tools/bin/../lib/gcc/arm-none-eabi/9.3.1/../../../../arm-none-eabi/lib/thumb/v7e-m+fp/hard\libc_nano.a(lib_a-init.o)
                              c:/st/stm32cubeide_1.7.0/stm32cubeide/plugins/com.st.stm32cube.ide.mcu.externaltools.gnu-tools-for-stm32.9-2020-q2-update.win32_2.0.0.202105311346/tools/bin/../lib/gcc/arm-none-eabi/9.3.1/../../../../arm-none-eabi/lib/thumb/v7e-m+fp/hard/crt0.o (__libc_init_array)
c:/st/stm32cubeide_1.7.0/stm32cubeide/plugins/com.st.stm32cube.ide.mcu.externaltools.gnu-tools-for-stm32.9-2020-q2-update.win32_2.0.0.202105311346/tools/bin/../lib/gcc/arm-none-eabi/9.3.1/../../../../arm-none-eabi/lib/thumb/v7e-m+fp/hard\libc_nano.a(lib_a-lock.o)
                              c:/st/stm32cubeide_1.7.0/stm32cubeide/plugins/com.st.stm32cube.ide.mcu.externaltools.gnu-tools-for-stm32.9-2020-q2-update.win32_2.0.0.202105311346/tools/bin/../lib/gcc/arm-none-eabi/9.3.1/../../../../arm-none-eabi/lib/thumb/v7e-m+fp/hard\libc_nano.a(lib_a-findfp.o) (__retarget_lock_init_recursive)
c:/st/stm32cubeide_1.7.0/stm32cubeide/plugins/com.st.stm32cube.ide.mcu.externaltools.gnu-tools-for-stm32.9-2020-q2-update.win32_2.0.0.202105311346/tools/bin/../lib/gcc/arm-none-eabi/9.3.1/../../../../arm-none-eabi/lib/thumb/v7e-m+fp/hard\libc_nano.a(lib_a-memcpy-stub.o)
                              ./Middlewares/Third_Party/FreeRTOS/Source/CMSIS_RTOS_V2/cmsis_os2.o (memcpy)
c:/st/stm32cubeide_1.7.0/stm32cubeide/plugins/com.st.stm32cube.ide.mcu.externaltools.gnu-tools-for-stm32.9-2020-q2-update.win32_2.0.0.202105311346/tools/bin/../lib/gcc/arm-none-eabi/9.3.1/../../../../arm-none-eabi/lib/thumb/v7e-m+fp/hard\libc_nano.a(lib_a-memset.o)
                              c:/st/stm32cubeide_1.7.0/stm32cubeide/plugins/com.st.stm32cube.ide.mcu.externaltools.gnu-tools-for-stm32.9-2020-q2-update.win32_2.0.0.202105311346/tools/bin/../lib/gcc/arm-none-eabi/9.3.1/../../../../arm-none-eabi/lib/thumb/v7e-m+fp/hard/crt0.o (memset)
c:/st/stm32cubeide_1.7.0/stm32cubeide/plugins/com.st.stm32cube.ide.mcu.externaltools.gnu-tools-for-stm32.9-2020-q2-update.win32_2.0.0.202105311346/tools/bin/../lib/gcc/arm-none-eabi/9.3.1/../../../../arm-none-eabi/lib/thumb/v7e-m+fp/hard\libc_nano.a(lib_a-nano-mallocr.o)
[...]
Memory Configuration

Name             Origin             Length             Attributes
CCMRAM           0x0000000010000000 0x0000000000010000 xrw
RAM              0x0000000020000000 0x0000000000020000 xrw
FLASH            0x0000000008000000 0x0000000000080000 xr
*default*        0x0000000000000000 0xffffffffffffffff

Linker script and memory map

LOAD c:/st/stm32cubeide_1.7.0/stm32cubeide/plugins/com.st.stm32cube.ide.mcu.externaltools.gnu-tools-for-stm32.9-2020-q2-update.win32_2.0.0.202105311346/tools/bin/../lib/gcc/arm-none-eabi/9.3.1/thumb/v7e-m+fp/hard/crti.o
LOAD c:/st/stm32cubeide_1.7.0/stm32cubeide/plugins/com.st.stm32cube.ide.mcu.externaltools.gnu-tools-for-stm32.9-2020-q2-update.win32_2.0.0.202105311346/tools/bin/../lib/gcc/arm-none-eabi/9.3.1/thumb/v7e-m+fp/hard/crtbegin.o
LOAD c:/st/stm32cubeide_1.7.0/stm32cubeide/plugins/com.st.stm32cube.ide.mcu.externaltools.gnu-tools-for-stm32.9-2020-q2-update.win32_2.0.0.202105311346/tools/bin/../lib/gcc/arm-none-eabi/9.3.1/../../../../arm-none-eabi/lib/thumb/v7e-m+fp/hard/crt0.o
LOAD ./Core/Src/adc.o
LOAD ./Core/Src/dma.o
LOAD ./Core/Src/freertos.o
LOAD ./Core/Src/gpio.o
LOAD ./Core/Src/i2c.o
LOAD ./Core/Src/main.o
LOAD ./Core/Src/stm32f4xx_hal_msp.o
LOAD ./Core/Src/stm32f4xx_hal_timebase_tim.o
LOAD ./Core/Src/stm32f4xx_it.o
LOAD ./Core/Src/syscalls.o
LOAD ./Core/Src/sysmem.o
LOAD ./Core/Src/system_stm32f4xx.o
LOAD ./Core/Src/tim.o
LOAD ./Core/Src/usart.o
LOAD ./Core/Startup/startup_stm32f407vetx.o
LOAD ./Csro/Foundation/fnd_com/fnd_com.o
LOAD ./Csro/Foundation/fnd_eeprom/fnd_eeprom.o
LOAD ./Csro/Foundation/fnd_input/fnd_input.o
LOAD ./Csro/Foundation/fnd_input/fnd_input_adc.o
LOAD ./Csro/Foundation/fnd_input/fnd_input_gpio.o
LOAD ./Csro/Foundation/fnd_input/fnd_input_i2c.o
LOAD ./Csro/Foundation/fnd_input/fnd_input_tim.o
LOAD ./Csro/Foundation/fnd_output/fnd_output.o
LOAD ./Csro/Foundation/fnd_output/fnd_output_gpio.o
LOAD ./Csro/Foundation/fnd_output/fnd_output_pwm.o
LOAD ./Csro/Foundation/fnd_output/fnd_output_stepper.o
LOAD ./Drivers/STM32F4xx_HAL_Driver/Src/stm32f4xx_hal.o
LOAD ./Drivers/STM32F4xx_HAL_Driver/Src/stm32f4xx_hal_adc.o
LOAD ./Drivers/STM32F4xx_HAL_Driver/Src/stm32f4xx_hal_adc_ex.o
LOAD ./Drivers/STM32F4xx_HAL_Driver/Src/stm32f4xx_hal_cortex.o
LOAD ./Drivers/STM32F4xx_HAL_Driver/Src/stm32f4xx_hal_dma.o
LOAD ./Drivers/STM32F4xx_HAL_Driver/Src/stm32f4xx_hal_dma_ex.o
LOAD ./Drivers/STM32F4xx_HAL_Driver/Src/stm32f4xx_hal_exti.o
LOAD ./Drivers/STM32F4xx_HAL_Driver/Src/stm32f4xx_hal_flash.o
LOAD ./Drivers/STM32F4xx_HAL_Driver/Src/stm32f4xx_hal_flash_ex.o
LOAD ./Drivers/STM32F4xx_HAL_Driver/Src/stm32f4xx_hal_flash_ramfunc.o
LOAD ./Drivers/STM32F4xx_HAL_Driver/Src/stm32f4xx_hal_gpio.o
LOAD ./Drivers/STM32F4xx_HAL_Driver/Src/stm32f4xx_hal_i2c.o
LOAD ./Drivers/STM32F4xx_HAL_Driver/Src/stm32f4xx_hal_i2c_ex.o
LOAD ./Drivers/STM32F4xx_HAL_Driver/Src/stm32f4xx_hal_pwr.o
LOAD ./Drivers/STM32F4xx_HAL_Driver/Src/stm32f4xx_hal_pwr_ex.o
LOAD ./Drivers/STM32F4xx_HAL_Driver/Src/stm32f4xx_hal_rcc.o
LOAD ./Drivers/STM32F4xx_HAL_Driver/Src/stm32f4xx_hal_rcc_ex.o
LOAD ./Drivers/STM32F4xx_HAL_Driver/Src/stm32f4xx_hal_tim.o
LOAD ./Drivers/STM32F4xx_HAL_Driver/Src/stm32f4xx_hal_tim_ex.o
LOAD ./Drivers/STM32F4xx_HAL_Driver/Src/stm32f4xx_hal_uart.o
LOAD ./Drivers/STM32F4xx_HAL_Driver/Src/stm32f4xx_ll_adc.o
LOAD ./Middlewares/Third_Party/FreeRTOS/Source/CMSIS_RTOS_V2/cmsis_os2.o
LOAD ./Middlewares/Third_Party/FreeRTOS/Source/croutine.o
LOAD ./Middlewares/Third_Party/FreeRTOS/Source/event_groups.o
LOAD ./Middlewares/Third_Party/FreeRTOS/Source/list.o
LOAD ./Middlewares/Third_Party/FreeRTOS/Source/queue.o
LOAD ./Middlewares/Third_Party/FreeRTOS/Source/stream_buffer.o
LOAD ./Middlewares/Third_Party/FreeRTOS/Source/tasks.o
LOAD ./Middlewares/Third_Party/FreeRTOS/Source/timers.o
LOAD ./Middlewares/Third_Party/FreeRTOS/Source/portable/GCC/ARM_CM4F/port.o
LOAD ./Middlewares/Third_Party/FreeRTOS/Source/portable/MemMang/heap_4.o
LOAD ./Modbus_RTU/mb_master.o
LOAD ./Modbus_RTU/mb_slave.o
START GROUP
LOAD c:/st/stm32cubeide_1.7.0/stm32cubeide/plugins/com.st.stm32cube.ide.mcu.externaltools.gnu-tools-for-stm32.9-2020-q2-update.win32_2.0.0.202105311346/tools/bin/../lib/gcc/arm-none-eabi/9.3.1/../../../../arm-none-eabi/lib/thumb/v7e-m+fp/hard\libc_nano.a
LOAD c:/st/stm32cubeide_1.7.0/stm32cubeide/plugins/com.st.stm32cube.ide.mcu.externaltools.gnu-tools-for-stm32.9-2020-q2-update.win32_2.0.0.202105311346/tools/bin/../lib/gcc/arm-none-eabi/9.3.1/../../../../arm-none-eabi/lib/thumb/v7e-m+fp/hard\libm.a
END GROUP
START GROUP
LOAD c:/st/stm32cubeide_1.7.0/stm32cubeide/plugins/com.st.stm32cube.ide.mcu.externaltools.gnu-tools-for-stm32.9-2020-q2-update.win32_2.0.0.202105311346/tools/bin/../lib/gcc/arm-none-eabi/9.3.1/thumb/v7e-m+fp/hard\libgcc.a
LOAD c:/st/stm32cubeide_1.7.0/stm32cubeide/plugins/com.st.stm32cube.ide.mcu.externaltools.gnu-tools-for-stm32.9-2020-q2-update.win32_2.0.0.202105311346/tools/bin/../lib/gcc/arm-none-eabi/9.3.1/../../../../arm-none-eabi/lib/thumb/v7e-m+fp/hard\libc_nano.a
END GROUP
START GROUP
LOAD c:/st/stm32cubeide_1.7.0/stm32cubeide/plugins/com.st.stm32cube.ide.mcu.externaltools.gnu-tools-for-stm32.9-2020-q2-update.win32_2.0.0.202105311346/tools/bin/../lib/gcc/arm-none-eabi/9.3.1/thumb/v7e-m+fp/hard\libgcc.a
LOAD c:/st/stm32cubeide_1.7.0/stm32cubeide/plugins/com.st.stm32cube.ide.mcu.externaltools.gnu-tools-for-stm32.9-2020-q2-update.win32_2.0.0.202105311346/tools/bin/../lib/gcc/arm-none-eabi/9.3.1/../../../../arm-none-eabi/lib/thumb/v7e-m+fp/hard\libc_nano.a
LOAD c:/st/stm32cubeide_1.7.0/stm32cubeide/plugins/com.st.stm32cube.ide.mcu.externaltools.gnu-tools-for-stm32.9-2020-q2-update.win32_2.0.0.202105311346/tools/bin/../lib/gcc/arm-none-eabi/9.3.1/../../../../arm-none-eabi/lib/thumb/v7e-m+fp/hard\libnosys.a
END GROUP
START GROUP
LOAD c:/st/stm32cubeide_1.7.0/stm32cubeide/plugins/com.st.stm32cube.ide.mcu.externaltools.gnu-tools-for-stm32.9-2020-q2-update.win32_2.0.0.202105311346/tools/bin/../lib/gcc/arm-none-eabi/9.3.1/thumb/v7e-m+fp/hard\libgcc.a
LOAD c:/st/stm32cubeide_1.7.0/stm32cubeide/plugins/com.st.stm32cube.ide.mcu.externaltools.gnu-tools-for-stm32.9-2020-q2-update.win32_2.0.0.202105311346/tools/bin/../lib/gcc/arm-none-eabi/9.3.1/../../../../arm-none-eabi/lib/thumb/v7e-m+fp/hard\libc_nano.a
LOAD c:/st/stm32cubeide_1.7.0/stm32cubeide/plugins/com.st.stm32cube.ide.mcu.externaltools.gnu-tools-for-stm32.9-2020-q2-update.win32_2.0.0.202105311346/tools/bin/../lib/gcc/arm-none-eabi/9.3.1/../../../../arm-none-eabi/lib/thumb/v7e-m+fp/hard\libnosys.a
END GROUP
LOAD c:/st/stm32cubeide_1.7.0/stm32cubeide/plugins/com.st.stm32cube.ide.mcu.externaltools.gnu-tools-for-stm32.9-2020-q2-update.win32_2.0.0.202105311346/tools/bin/../lib/gcc/arm-none-eabi/9.3.1/thumb/v7e-m+fp/hard/crtend.o
LOAD c:/st/stm32cubeide_1.7.0/stm32cubeide/plugins/com.st.stm32cube.ide.mcu.externaltools.gnu-tools-for-stm32.9-2020-q2-update.win32_2.0.0.202105311346/tools/bin/../lib/gcc/arm-none-eabi/9.3.1/thumb/v7e-m+fp/hard/crtn.o
                0x0000000020020000                _estack = (ORIGIN (RAM) + LENGTH (RAM))
                0x0000000000000800                _Min_Heap_Size = 0x800
                0x0000000000000800                _Min_Stack_Size = 0x800

.isr_vector     0x0000000008000000      0x188
                0x0000000008000000                . = ALIGN (0x4)
 *(.isr_vector)
 .isr_vector    0x0000000008000000      0x188 ./Core/Startup/startup_stm32f407vetx.o
                0x0000000008000000                g_pfnVectors
                0x0000000008000188                . = ALIGN (0x4)

.text           0x0000000008000190     0xc100
                0x0000000008000190                . = ALIGN (0x4)
 *(.text)
 .text          0x0000000008000190       0x40 c:/st/stm32cubeide_1.7.0/stm32cubeide/plugins/com.st.stm32cube.ide.mcu.externaltools.gnu-tools-for-stm32.9-2020-q2-update.win32_2.0.0.202105311346/tools/bin/../lib/gcc/arm-none-eabi/9.3.1/thumb/v7e-m+fp/hard/crtbegin.o
 .text          0x00000000080001d0      0x378 c:/st/stm32cubeide_1.7.0/stm32cubeide/plugins/com.st.stm32cube.ide.mcu.externaltools.gnu-tools-for-stm32.9-2020-q2-update.win32_2.0.0.202105311346/tools/bin/../lib/gcc/arm-none-eabi/9.3.1/thumb/v7e-m+fp/hard\libgcc.a(_arm_addsubdf3.o)
                0x00000000080001d0                __aeabi_drsub
                0x00000000080001d8                __aeabi_dsub
                0x00000000080001d8                __subdf3
                0x00000000080001dc                __aeabi_dadd
                0x00000000080001dc                __adddf3
                0x0000000008000454                __floatunsidf
                0x0000000008000454                __aeabi_ui2d
                0x0000000008000474                __floatsidf
                0x0000000008000474                __aeabi_i2d
                0x0000000008000498                __aeabi_f2d
                0x0000000008000498                __extendsfdf2
                0x00000000080004dc                __floatundidf
                0x00000000080004dc                __aeabi_ul2d
                0x00000000080004ec                __floatdidf
                0x00000000080004ec                __aeabi_l2d
 .text          0x0000000008000548      0x424 c:/st/stm32cubeide_1.7.0/stm32cubeide/plugins/com.st.stm32cube.ide.mcu.externaltools.gnu-tools-for-stm32.9-2020-q2-update.win32_2.0.0.202105311346/tools/bin/../lib/gcc/arm-none-eabi/9.3.1/thumb/v7e-m+fp/hard\libgcc.a(_arm_muldivdf3.o)
                0x0000000008000548                __aeabi_dmul
                0x0000000008000548                __muldf3
                0x000000000800079c                __divdf3
                0x000000000800079c                __aeabi_ddiv
 .text          0x000000000800096c      0x110 c:/st/stm32cubeide_1.7.0/stm32cubeide/plugins/com.st.stm32cube.ide.mcu.externaltools.gnu-tools-for-stm32.9-2020-q2-update.win32_2.0.0.202105311346/tools/bin/../lib/gcc/arm-none-eabi/9.3.1/thumb/v7e-m+fp/hard\libgcc.a(_arm_cmpdf2.o)
                0x000000000800096c                __gtdf2
                0x000000000800096c                __gedf2
                0x0000000008000974                __ltdf2
                0x0000000008000974                __ledf2
                0x000000000800097c                __nedf2
                0x000000000800097c                __eqdf2
                0x000000000800097c                __cmpdf2
                0x00000000080009f8                __aeabi_cdrcmple
                0x0000000008000a08                __aeabi_cdcmpeq
                0x0000000008000a08                __aeabi_cdcmple
                0x0000000008000a18                __aeabi_dcmpeq
                0x0000000008000a2c                __aeabi_dcmplt
                0x0000000008000a40                __aeabi_dcmple
                0x0000000008000a54                __aeabi_dcmpge
                0x0000000008000a68                __aeabi_dcmpgt
 .text          0x0000000008000a7c       0x2c c:/st/stm32cubeide_1.7.0/stm32cubeide/plugins/com.st.stm32cube.ide.mcu.externaltools.gnu-tools-for-stm32.9-2020-q2-update.win32_2.0.0.202105311346/tools/bin/../lib/gcc/arm-none-eabi/9.3.1/thumb/v7e-m+fp/hard\libgcc.a(_arm_unorddf2.o)
                0x0000000008000a7c                __unorddf2
                0x0000000008000a7c                __aeabi_dcmpun
 .text          0x0000000008000aa8       0x50 c:/st/stm32cubeide_1.7.0/stm32cubeide/plugins/com.st.stm32cube.ide.mcu.externaltools.gnu-tools-for-stm32.9-2020-q2-update.win32_2.0.0.202105311346/tools/bin/../lib/gcc/arm-none-eabi/9.3.1/thumb/v7e-m+fp/hard\libgcc.a(_arm_fixdfsi.o)
                0x0000000008000aa8                __aeabi_d2iz
                0x0000000008000aa8                __fixdfsi
 .text          0x0000000008000af8       0x40 c:/st/stm32cubeide_1.7.0/stm32cubeide/plugins/com.st.stm32cube.ide.mcu.externaltools.gnu-tools-for-stm32.9-2020-q2-update.win32_2.0.0.202105311346/tools/bin/../lib/gcc/arm-none-eabi/9.3.1/thumb/v7e-m+fp/hard\libgcc.a(_arm_fixunsdfsi.o)
                0x0000000008000af8                __aeabi_d2uiz
                0x0000000008000af8                __fixunsdfsi
 .text          0x0000000008000b38       0xa0 c:/st/stm32cubeide_1.7.0/stm32cubeide/plugins/com.st.stm32cube.ide.mcu.externaltools.gnu-tools-for-stm32.9-2020-q2-update.win32_2.0.0.202105311346/tools/bin/../lib/gcc/arm-none-eabi/9.3.1/thumb/v7e-m+fp/hard\libgcc.a(_arm_truncdfsf2.o)
                0x0000000008000b38                __truncdfsf2
                0x0000000008000b38                __aeabi_d2f
 .text          0x0000000008000bd8       0x30 c:/st/stm32cubeide_1.7.0/stm32cubeide/plugins/com.st.stm32cube.ide.mcu.externaltools.gnu-tools-for-stm32.9-2020-q2-update.win32_2.0.0.202105311346/tools/bin/../lib/gcc/arm-none-eabi/9.3.1/thumb/v7e-m+fp/hard\libgcc.a(_aeabi_uldivmod.o)
                0x0000000008000bd8                __aeabi_uldivmod
 .text          0x0000000008000c08      0x2c4 c:/st/stm32cubeide_1.7.0/stm32cubeide/plugins/com.st.stm32cube.ide.mcu.externaltools.gnu-tools-for-stm32.9-2020-q2-update.win32_2.0.0.202105311346/tools/bin/../lib/gcc/arm-none-eabi/9.3.1/thumb/v7e-m+fp/hard\libgcc.a(_udivmoddi4.o)
                0x0000000008000c08                __udivmoddi4
 .text          0x0000000008000ecc        0x4 c:/st/stm32cubeide_1.7.0/stm32cubeide/plugins/com.st.stm32cube.ide.mcu.externaltools.gnu-tools-for-stm32.9-2020-q2-update.win32_2.0.0.202105311346/tools/bin/../lib/gcc/arm-none-eabi/9.3.1/thumb/v7e-m+fp/hard\libgcc.a(_dvmd_tls.o)
                0x0000000008000ecc                __aeabi_idiv0
                0x0000000008000ecc                __aeabi_ldiv0
 *(.text*)
 .text.MX_ADC1_Init
                0x0000000008000ed0      0x1f4 ./Core/Src/adc.o
                0x0000000008000ed0                MX_ADC1_Init
 .text.HAL_ADC_MspInit
                0x00000000080010c4      0x170 ./Core/Src/adc.o
                0x00000000080010c4                HAL_ADC_MspInit
 .text.MX_DMA_Init
                0x0000000008001234       0xdc ./Core/Src/dma.o
                0x0000000008001234                MX_DMA_Init
 .text.MX_FREERTOS_Init
                0x0000000008001310      0x118 ./Core/Src/freertos.o
                0x0000000008001310                MX_FREERTOS_Init
 .text.StartTask01
                0x0000000008001428       0x10 ./Core/Src/freertos.o
                0x0000000008001428                StartTask01
 .text.StartTask02
                0x0000000008001438       0x10 ./Core/Src/freertos.o
                0x0000000008001438                StartTask02
 .text.StartTask03
                0x0000000008001448       0x10 ./Core/Src/freertos.o
                0x0000000008001448                StartTask03
 .text.StartTask04
                0x0000000008001458       0x10 ./Core/Src/freertos.o
                0x0000000008001458                StartTask04
 .text.StartTask05
                0x0000000008001468       0x18 ./Core/Src/freertos.o
                0x0000000008001468                StartTask05
 .text.StartTask06
                0x0000000008001480       0x1c ./Core/Src/freertos.o
                0x0000000008001480                StartTask06
 .text.StartTask07
                0x000000000800149c       0x16 ./Core/Src/freertos.o
                0x000000000800149c                StartTask07
 .text.StartTask08
                0x00000000080014b2       0x10 ./Core/Src/freertos.o
                0x00000000080014b2                StartTask08
 *fill*         0x00000000080014c2        0x2 
 .text.MX_GPIO_Init
                0x00000000080014c4      0x280 ./Core/Src/gpio.o
                0x00000000080014c4                MX_GPIO_Init
 .text.MX_I2C1_Init
                0x0000000008001744       0x5c ./Core/Src/i2c.o
                0x0000000008001744                MX_I2C1_Init
 .text.MX_I2C3_Init
                0x00000000080017a0       0x5c ./Core/Src/i2c.o
                0x00000000080017a0                MX_I2C3_Init
 .text.HAL_I2C_MspInit
                0x00000000080017fc      0x140 ./Core/Src/i2c.o
                0x00000000080017fc                HAL_I2C_MspInit
 .text.main     0x000000000800193c       0x4a ./Core/Src/main.o
                0x000000000800193c                main
 *fill*         0x0000000008001986        0x2 
 .text.SystemClock_Config
                0x0000000008001988       0xd4 ./Core/Src/main.o
                0x0000000008001988                SystemClock_Config
 .text.HAL_TIM_PeriodElapsedCallback
                0x0000000008001a5c       0x24 ./Core/Src/main.o
                0x0000000008001a5c                HAL_TIM_PeriodElapsedCallback
 .text.Error_Handler
                0x0000000008001a80        0xa ./Core/Src/main.o
                0x0000000008001a80                Error_Handler
 *fill*         0x0000000008001a8a        0x2 
 .text.HAL_MspInit
                0x0000000008001a8c       0x58 ./Core/Src/stm32f4xx_hal_msp.o
                0x0000000008001a8c                HAL_MspInit
 .text.HAL_InitTick
                0x0000000008001ae4       0xb4 ./Core/Src/stm32f4xx_hal_timebase_tim.o
                0x0000000008001ae4                HAL_InitTick
 .text.NMI_Handler
                0x0000000008001b98        0x6 ./Core/Src/stm32f4xx_it.o
                0x0000000008001b98                NMI_Handler
 .text.HardFault_Handler
                0x0000000008001b9e        0x6 ./Core/Src/stm32f4xx_it.o
                0x0000000008001b9e                HardFault_Handler
 .text.MemManage_Handler
                0x0000000008001ba4        0x6 ./Core/Src/stm32f4xx_it.o
                0x0000000008001ba4                MemManage_Handler
 .text.BusFault_Handler
                0x0000000008001baa        0x6 ./Core/Src/stm32f4xx_it.o
                0x0000000008001baa                BusFault_Handler
 .text.UsageFault_Handler
                0x0000000008001bb0        0x6 ./Core/Src/stm32f4xx_it.o
                0x0000000008001bb0                UsageFault_Handler
 .text.DebugMon_Handler
                0x0000000008001bb6        0xe ./Core/Src/stm32f4xx_it.o
                0x0000000008001bb6                DebugMon_Handler
 .text.DMA1_Stream1_IRQHandler
                0x0000000008001bc4       0x14 ./Core/Src/stm32f4xx_it.o
                0x0000000008001bc4                DMA1_Stream1_IRQHandler
 .text.DMA1_Stream3_IRQHandler
                0x0000000008001bd8       0x14 ./Core/Src/stm32f4xx_it.o
                0x0000000008001bd8                DMA1_Stream3_IRQHandler
 .text.DMA1_Stream5_IRQHandler
                0x0000000008001bec       0x14 ./Core/Src/stm32f4xx_it.o
                0x0000000008001bec                DMA1_Stream5_IRQHandler
 .text.DMA1_Stream6_IRQHandler
                0x0000000008001c00       0x14 ./Core/Src/stm32f4xx_it.o
                0x0000000008001c00                DMA1_Stream6_IRQHandler
 .text.ADC_IRQHandler
                0x0000000008001c14       0x14 ./Core/Src/stm32f4xx_it.o
                0x0000000008001c14                ADC_IRQHandler
 .text.TIM3_IRQHandler
                0x0000000008001c28       0x14 ./Core/Src/stm32f4xx_it.o
                0x0000000008001c28                TIM3_IRQHandler
 .text.USART1_IRQHandler
                0x0000000008001c3c       0x14 ./Core/Src/stm32f4xx_it.o
                0x0000000008001c3c                USART1_IRQHandler
 .text.USART2_IRQHandler
                0x0000000008001c50       0x14 ./Core/Src/stm32f4xx_it.o
                0x0000000008001c50                USART2_IRQHandler
 .text.USART3_IRQHandler
                0x0000000008001c64       0x14 ./Core/Src/stm32f4xx_it.o
                0x0000000008001c64                USART3_IRQHandler
 .text.TIM8_TRG_COM_TIM14_IRQHandler
                0x0000000008001c78       0x14 ./Core/Src/stm32f4xx_it.o
                0x0000000008001c78                TIM8_TRG_COM_TIM14_IRQHandler
 .text.DMA2_Stream0_IRQHandler
                0x0000000008001c8c       0x14 ./Core/Src/stm32f4xx_it.o
                0x0000000008001c8c                DMA2_Stream0_IRQHandler
 .text.DMA2_Stream1_IRQHandler
                0x0000000008001ca0       0x14 ./Core/Src/stm32f4xx_it.o
                0x0000000008001ca0                DMA2_Stream1_IRQHandler
 .text.DMA2_Stream2_IRQHandler
                0x0000000008001cb4       0x14 ./Core/Src/stm32f4xx_it.o
                0x0000000008001cb4                DMA2_Stream2_IRQHandler
 .text.DMA2_Stream6_IRQHandler
                0x0000000008001cc8       0x14 ./Core/Src/stm32f4xx_it.o
                0x0000000008001cc8                DMA2_Stream6_IRQHandler
 .text.DMA2_Stream7_IRQHandler
                0x0000000008001cdc       0x14 ./Core/Src/stm32f4xx_it.o
                0x0000000008001cdc                DMA2_Stream7_IRQHandler
 .text.USART6_IRQHandler
                0x0000000008001cf0       0x14 ./Core/Src/stm32f4xx_it.o
                0x0000000008001cf0                USART6_IRQHandler
 .text.SystemInit
                0x0000000008001d04       0x24 ./Core/Src/system_stm32f4xx.o
                0x0000000008001d04                SystemInit
 .text.MX_TIM1_Init
                0x0000000008001d28      0x160 ./Core/Src/tim.o
                0x0000000008001d28                MX_TIM1_Init
 .text.MX_TIM2_Init
                0x0000000008001e88       0xec ./Core/Src/tim.o
                0x0000000008001e88                MX_TIM2_Init
 .text.MX_TIM3_Init
                0x0000000008001f74       0xf8 ./Core/Src/tim.o
                0x0000000008001f74                MX_TIM3_Init
 .text.HAL_TIM_Base_MspInit
                0x000000000800206c       0xf4 ./Core/Src/tim.o
                0x000000000800206c                HAL_TIM_Base_MspInit
 .text.HAL_TIM_MspPostInit
                0x0000000008002160       0xc0 ./Core/Src/tim.o
                0x0000000008002160                HAL_TIM_MspPostInit
 .text.MX_USART1_UART_Init
                0x0000000008002220       0x54 ./Core/Src/usart.o
                0x0000000008002220                MX_USART1_UART_Init
 .text.MX_USART2_UART_Init
                0x0000000008002274       0x54 ./Core/Src/usart.o
                0x0000000008002274                MX_USART2_UART_Init
 .text.MX_USART3_UART_Init
                0x00000000080022c8       0x54 ./Core/Src/usart.o
                0x00000000080022c8                MX_USART3_UART_Init
 .text.MX_USART6_UART_Init
                0x000000000800231c       0x54 ./Core/Src/usart.o
                0x000000000800231c                MX_USART6_UART_Init
 .text.HAL_UART_MspInit
                0x0000000008002370      0x54c ./Core/Src/usart.o
                0x0000000008002370                HAL_UART_MspInit
 .text.Reset_Handler
                0x00000000080028bc       0x50 ./Core/Startup/startup_stm32f407vetx.o
                0x00000000080028bc                Reset_Handler
 .text.Default_Handler
                0x000000000800290c        0x2 ./Core/Startup/startup_stm32f407vetx.o
                0x000000000800290c                RTC_Alarm_IRQHandler
                0x000000000800290c                HASH_RNG_IRQHandler
                0x000000000800290c                EXTI2_IRQHandler
                0x000000000800290c                TIM8_CC_IRQHandler
                0x000000000800290c                TIM1_CC_IRQHandler
                0x000000000800290c                DMA2_Stream5_IRQHandler
                0x000000000800290c                PVD_IRQHandler
                0x000000000800290c                SDIO_IRQHandler
                0x000000000800290c                TAMP_STAMP_IRQHandler
                0x000000000800290c                CAN2_RX1_IRQHandler
                0x000000000800290c                EXTI3_IRQHandler
                0x000000000800290c                TIM1_UP_TIM10_IRQHandler
                0x000000000800290c                TIM8_UP_TIM13_IRQHandler
                0x000000000800290c                I2C3_ER_IRQHandler
                0x000000000800290c                EXTI0_IRQHandler
                0x000000000800290c                I2C2_EV_IRQHandler
                0x000000000800290c                DMA1_Stream2_IRQHandler
                0x000000000800290c                CAN1_RX0_IRQHandler
                0x000000000800290c                FPU_IRQHandler
                0x000000000800290c                OTG_HS_WKUP_IRQHandler
                0x000000000800290c                CAN2_SCE_IRQHandler
                0x000000000800290c                SPI1_IRQHandler
                0x000000000800290c                TIM6_DAC_IRQHandler
                0x000000000800290c                TIM1_BRK_TIM9_IRQHandler
                0x000000000800290c                DCMI_IRQHandler
                0x000000000800290c                CAN2_RX0_IRQHandler
                0x000000000800290c                DMA2_Stream3_IRQHandler
                0x000000000800290c                CAN1_RX1_IRQHandler
                0x000000000800290c                UART5_IRQHandler
                0x000000000800290c                TIM4_IRQHandler
                0x000000000800290c                I2C1_EV_IRQHandler
                0x000000000800290c                UART4_IRQHandler
                0x000000000800290c                RCC_IRQHandler
                0x000000000800290c                TIM8_BRK_TIM12_IRQHandler
                0x000000000800290c                Default_Handler
                0x000000000800290c                EXTI15_10_IRQHandler
                0x000000000800290c                DMA1_Stream7_IRQHandler
                0x000000000800290c                TIM7_IRQHandler
                0x000000000800290c                CAN2_TX_IRQHandler
                0x000000000800290c                TIM5_IRQHandler
                0x000000000800290c                I2C3_EV_IRQHandler
                0x000000000800290c                EXTI9_5_IRQHandler
                0x000000000800290c                RTC_WKUP_IRQHandler
                0x000000000800290c                ETH_WKUP_IRQHandler
                0x000000000800290c                SPI2_IRQHandler
                0x000000000800290c                OTG_HS_EP1_IN_IRQHandler
                0x000000000800290c                DMA1_Stream0_IRQHandler
                0x000000000800290c                CAN1_TX_IRQHandler
                0x000000000800290c                EXTI4_IRQHandler
                0x000000000800290c                FSMC_IRQHandler
                0x000000000800290c                ETH_IRQHandler
                0x000000000800290c                OTG_HS_EP1_OUT_IRQHandler
                0x000000000800290c                WWDG_IRQHandler
                0x000000000800290c                TIM2_IRQHandler
                0x000000000800290c                OTG_FS_WKUP_IRQHandler
                0x000000000800290c                TIM1_TRG_COM_TIM11_IRQHandler
                0x000000000800290c                OTG_HS_IRQHandler
                0x000000000800290c                EXTI1_IRQHandler
                0x000000000800290c                I2C2_ER_IRQHandler
                0x000000000800290c                CAN1_SCE_IRQHandler
                0x000000000800290c                FLASH_IRQHandler
                0x000000000800290c                DMA2_Stream4_IRQHandler
                0x000000000800290c                OTG_FS_IRQHandler
                0x000000000800290c                SPI3_IRQHandler
                0x000000000800290c                DMA1_Stream4_IRQHandler
                0x000000000800290c                I2C1_ER_IRQHandler
 *fill*         0x000000000800290e        0x2 
 .text.HAL_UART_TxCpltCallback
                0x0000000008002910       0x78 ./Csro/Foundation/fnd_com/fnd_com.o
                0x0000000008002910                HAL_UART_TxCpltCallback
 .text.fnd_input_peripheral_init
                0x0000000008002988       0x10 ./Csro/Foundation/fnd_input/fnd_input.o
                0x0000000008002988                fnd_input_peripheral_init
 .text.fnd_input_update_value
                0x0000000008002998      0x1ec ./Csro/Foundation/fnd_input/fnd_input.o
                0x0000000008002998                fnd_input_update_value
 .text.fnd_input_update_sht_value
                0x0000000008002b84       0xe0 ./Csro/Foundation/fnd_input/fnd_input.o
                0x0000000008002b84                fnd_input_update_sht_value
 .text.get_channel_average
                0x0000000008002c64       0x70 ./Csro/Foundation/fnd_input/fnd_input_adc.o
 *fill*         0x0000000008002cd4        0x4 
 .text.calculate_ntc_temperature
                0x0000000008002cd8       0xa4 ./Csro/Foundation/fnd_input/fnd_input_adc.o
 .text.fnd_input_adc_init
                0x0000000008002d7c       0x1c ./Csro/Foundation/fnd_input/fnd_input_adc.o
                0x0000000008002d7c                fnd_input_adc_init
 .text.fnd_input_adc_read_pressure_difference
                0x0000000008002d98       0x3c ./Csro/Foundation/fnd_input/fnd_input_adc.o
                0x0000000008002d98                fnd_input_adc_read_pressure_difference
 .text.fnd_input_adc_read_valve_feedback
                0x0000000008002dd4       0x64 ./Csro/Foundation/fnd_input/fnd_input_adc.o
                0x0000000008002dd4                fnd_input_adc_read_valve_feedback
 .text.fnd_input_adc_read_ntc_temp
                0x0000000008002e38       0xac ./Csro/Foundation/fnd_input/fnd_input_adc.o
                0x0000000008002e38                fnd_input_adc_read_ntc_temp
 .text.fnd_input_gpio_read_di
                0x0000000008002ee4       0x5c ./Csro/Foundation/fnd_input/fnd_input_gpio.o
                0x0000000008002ee4                fnd_input_gpio_read_di
 .text.fnd_input_gpio_read_id
                0x0000000008002f40       0x5c ./Csro/Foundation/fnd_input/fnd_input_gpio.o
                0x0000000008002f40                fnd_input_gpio_read_id
 .text.sht_write_cmd
                0x0000000008002f9c       0x38 ./Csro/Foundation/fnd_input/fnd_input_i2c.o
 .text.calculate_crc
                0x0000000008002fd4       0x6c ./Csro/Foundation/fnd_input/fnd_input_i2c.o
 .text.fnd_input_i2c_read_sht_temp_humi
                0x0000000008003040      0x144 ./Csro/Foundation/fnd_input/fnd_input_i2c.o
                0x0000000008003040                fnd_input_i2c_read_sht_temp_humi
 .text.fnd_input_tim_input_capture_init
                0x0000000008003184       0x1c ./Csro/Foundation/fnd_input/fnd_input_tim.o
                0x0000000008003184                fnd_input_tim_input_capture_init
 .text.HAL_TIM_IC_CaptureCallback
                0x00000000080031a0       0x40 ./Csro/Foundation/fnd_input/fnd_input_tim.o
                0x00000000080031a0                HAL_TIM_IC_CaptureCallback
 .text.fnd_input_tim_input_read_speed
                0x00000000080031e0       0x6c ./Csro/Foundation/fnd_input/fnd_input_tim.o
                0x00000000080031e0                fnd_input_tim_input_read_speed
 .text.fnd_output_update_value
                0x000000000800324c       0xac ./Csro/Foundation/fnd_output/fnd_output.o
                0x000000000800324c                fnd_output_update_value
 .text.fnd_output_gpio_write_dout
                0x00000000080032f8       0x54 ./Csro/Foundation/fnd_output/fnd_output_gpio.o
                0x00000000080032f8                fnd_output_gpio_write_dout
 .text.fnd_output_pwm_write_value
                0x000000000800334c       0xc0 ./Csro/Foundation/fnd_output/fnd_output_pwm.o
                0x000000000800334c                fnd_output_pwm_write_value
 .text.fnd_output_stepper_tick
                0x000000000800340c      0x3a8 ./Csro/Foundation/fnd_output/fnd_output_stepper.o
 .text.fnd_output_stepper_init
                0x00000000080037b4      0x100 ./Csro/Foundation/fnd_output/fnd_output_stepper.o
                0x00000000080037b4                fnd_output_stepper_init
 .text.fnd_output_stepper_set_position
                0x00000000080038b4       0x40 ./Csro/Foundation/fnd_output/fnd_output_stepper.o
                0x00000000080038b4                fnd_output_stepper_set_position
 .text.fnd_output_stepper_10ms_tick
                0x00000000080038f4       0x30 ./Csro/Foundation/fnd_output/fnd_output_stepper.o
                0x00000000080038f4                fnd_output_stepper_10ms_tick
 .text.HAL_Init
                0x0000000008003924       0x44 ./Drivers/STM32F4xx_HAL_Driver/Src/stm32f4xx_hal.o
                0x0000000008003924                HAL_Init
 .text.HAL_IncTick
                0x0000000008003968       0x28 ./Drivers/STM32F4xx_HAL_Driver/Src/stm32f4xx_hal.o
                0x0000000008003968                HAL_IncTick
 .text.HAL_GetTick
                0x0000000008003990       0x18 ./Drivers/STM32F4xx_HAL_Driver/Src/stm32f4xx_hal.o
                0x0000000008003990                HAL_GetTick
 .text.HAL_ADC_Init
                0x00000000080039a8       0x86 ./Drivers/STM32F4xx_HAL_Driver/Src/stm32f4xx_hal_adc.o
                0x00000000080039a8                HAL_ADC_Init
 .text.HAL_ADC_IRQHandler
                0x0000000008003a2e      0x282 ./Drivers/STM32F4xx_HAL_Driver/Src/stm32f4xx_hal_adc.o
                0x0000000008003a2e                HAL_ADC_IRQHandler
 .text.HAL_ADC_Start_DMA
                0x0000000008003cb0      0x220 ./Drivers/STM32F4xx_HAL_Driver/Src/stm32f4xx_hal_adc.o
                0x0000000008003cb0                HAL_ADC_Start_DMA
 .text.HAL_ADC_ConvCpltCallback
                0x0000000008003ed0       0x14 ./Drivers/STM32F4xx_HAL_Driver/Src/stm32f4xx_hal_adc.o
                0x0000000008003ed0                HAL_ADC_ConvCpltCallback
 .text.HAL_ADC_ConvHalfCpltCallback
                0x0000000008003ee4       0x14 ./Drivers/STM32F4xx_HAL_Driver/Src/stm32f4xx_hal_adc.o
                0x0000000008003ee4                HAL_ADC_ConvHalfCpltCallback
 .text.HAL_ADC_LevelOutOfWindowCallback
                0x0000000008003ef8       0x14 ./Drivers/STM32F4xx_HAL_Driver/Src/stm32f4xx_hal_adc.o
                0x0000000008003ef8                HAL_ADC_LevelOutOfWindowCallback
 .text.HAL_ADC_ErrorCallback
                0x0000000008003f0c       0x14 ./Drivers/STM32F4xx_HAL_Driver/Src/stm32f4xx_hal_adc.o
                0x0000000008003f0c                HAL_ADC_ErrorCallback
 .text.HAL_ADC_ConfigChannel
                0x0000000008003f20      0x244 ./Drivers/STM32F4xx_HAL_Driver/Src/stm32f4xx_hal_adc.o
                0x0000000008003f20                HAL_ADC_ConfigChannel
 .text.ADC_Init
                0x0000000008004164      0x1f8 ./Drivers/STM32F4xx_HAL_Driver/Src/stm32f4xx_hal_adc.o
 .text.ADC_DMAConvCplt
                0x000000000800435c       0xba ./Drivers/STM32F4xx_HAL_Driver/Src/stm32f4xx_hal_adc.o
 .text.ADC_DMAHalfConvCplt
                0x0000000008004416       0x1c ./Drivers/STM32F4xx_HAL_Driver/Src/stm32f4xx_hal_adc.o
 .text.ADC_DMAError
                0x0000000008004432       0x2e ./Drivers/STM32F4xx_HAL_Driver/Src/stm32f4xx_hal_adc.o
 .text.HAL_ADCEx_InjectedConvCpltCallback
                0x0000000008004460       0x14 ./Drivers/STM32F4xx_HAL_Driver/Src/stm32f4xx_hal_adc_ex.o
                0x0000000008004460                HAL_ADCEx_InjectedConvCpltCallback
 .text.__NVIC_SetPriorityGrouping
                0x0000000008004474       0x48 ./Drivers/STM32F4xx_HAL_Driver/Src/stm32f4xx_hal_cortex.o
 .text.__NVIC_GetPriorityGrouping
                0x00000000080044bc       0x1c ./Drivers/STM32F4xx_HAL_Driver/Src/stm32f4xx_hal_cortex.o
 .text.__NVIC_EnableIRQ
                0x00000000080044d8       0x3c ./Drivers/STM32F4xx_HAL_Driver/Src/stm32f4xx_hal_cortex.o
 .text.__NVIC_SetPriority
                0x0000000008004514       0x54 ./Drivers/STM32F4xx_HAL_Driver/Src/stm32f4xx_hal_cortex.o
 .text.NVIC_EncodePriority
                0x0000000008004568       0x66 ./Drivers/STM32F4xx_HAL_Driver/Src/stm32f4xx_hal_cortex.o
 .text.HAL_NVIC_SetPriorityGrouping
                0x00000000080045ce       0x16 ./Drivers/STM32F4xx_HAL_Driver/Src/stm32f4xx_hal_cortex.o
                0x00000000080045ce                HAL_NVIC_SetPriorityGrouping
 .text.HAL_NVIC_SetPriority
                0x00000000080045e4       0x38 ./Drivers/STM32F4xx_HAL_Driver/Src/stm32f4xx_hal_cortex.o
                0x00000000080045e4                HAL_NVIC_SetPriority
 .text.HAL_NVIC_EnableIRQ
                0x000000000800461c       0x1c ./Drivers/STM32F4xx_HAL_Driver/Src/stm32f4xx_hal_cortex.o
                0x000000000800461c                HAL_NVIC_EnableIRQ
 .text.HAL_DMA_Init
                0x0000000008004638      0x15c ./Drivers/STM32F4xx_HAL_Driver/Src/stm32f4xx_hal_dma.o
                0x0000000008004638                HAL_DMA_Init
 .text.HAL_DMA_Start_IT
                0x0000000008004794       0xb0 ./Drivers/STM32F4xx_HAL_Driver/Src/stm32f4xx_hal_dma.o
                0x0000000008004794                HAL_DMA_Start_IT
 .text.HAL_DMA_Abort
                0x0000000008004844       0xe0 ./Drivers/STM32F4xx_HAL_Driver/Src/stm32f4xx_hal_dma.o
                0x0000000008004844                HAL_DMA_Abort
 .text.HAL_DMA_Abort_IT
                0x0000000008004924       0x44 ./Drivers/STM32F4xx_HAL_Driver/Src/stm32f4xx_hal_dma.o
                0x0000000008004924                HAL_DMA_Abort_IT
 .text.HAL_DMA_IRQHandler
                0x0000000008004968      0x314 ./Drivers/STM32F4xx_HAL_Driver/Src/stm32f4xx_hal_dma.o
                0x0000000008004968                HAL_DMA_IRQHandler
 .text.DMA_SetConfig
                0x0000000008004c7c       0x5c ./Drivers/STM32F4xx_HAL_Driver/Src/stm32f4xx_hal_dma.o
 .text.DMA_CalcBaseAndBitshift
                0x0000000008004cd8       0x6c ./Drivers/STM32F4xx_HAL_Driver/Src/stm32f4xx_hal_dma.o
 .text.DMA_CheckFifoParam
                0x0000000008004d44       0xf8 ./Drivers/STM32F4xx_HAL_Driver/Src/stm32f4xx_hal_dma.o
 .text.HAL_GPIO_Init
                0x0000000008004e3c      0x338 ./Drivers/STM32F4xx_HAL_Driver/Src/stm32f4xx_hal_gpio.o
                0x0000000008004e3c                HAL_GPIO_Init
 .text.HAL_GPIO_ReadPin
                0x0000000008005174       0x30 ./Drivers/STM32F4xx_HAL_Driver/Src/stm32f4xx_hal_gpio.o
                0x0000000008005174                HAL_GPIO_ReadPin
 .text.HAL_GPIO_WritePin
                0x00000000080051a4       0x32 ./Drivers/STM32F4xx_HAL_Driver/Src/stm32f4xx_hal_gpio.o
                0x00000000080051a4                HAL_GPIO_WritePin
 *fill*         0x00000000080051d6        0x2 
 .text.HAL_I2C_Init
                0x00000000080051d8      0x288 ./Drivers/STM32F4xx_HAL_Driver/Src/stm32f4xx_hal_i2c.o
                0x00000000080051d8                HAL_I2C_Init
 .text.HAL_I2C_Master_Transmit
                0x0000000008005460      0x1fc ./Drivers/STM32F4xx_HAL_Driver/Src/stm32f4xx_hal_i2c.o
                0x0000000008005460                HAL_I2C_Master_Transmit
 .text.HAL_I2C_Master_Receive
                0x000000000800565c      0x44c ./Drivers/STM32F4xx_HAL_Driver/Src/stm32f4xx_hal_i2c.o
                0x000000000800565c                HAL_I2C_Master_Receive
 .text.HAL_I2C_IsDeviceReady
                0x0000000008005aa8      0x25c ./Drivers/STM32F4xx_HAL_Driver/Src/stm32f4xx_hal_i2c.o
                0x0000000008005aa8                HAL_I2C_IsDeviceReady
 .text.I2C_MasterRequestWrite
                0x0000000008005d04      0x104 ./Drivers/STM32F4xx_HAL_Driver/Src/stm32f4xx_hal_i2c.o
 .text.I2C_MasterRequestRead
                0x0000000008005e08      0x19c ./Drivers/STM32F4xx_HAL_Driver/Src/stm32f4xx_hal_i2c.o
 .text.I2C_WaitOnFlagUntilTimeout
                0x0000000008005fa4       0xae ./Drivers/STM32F4xx_HAL_Driver/Src/stm32f4xx_hal_i2c.o
 .text.I2C_WaitOnMasterAddressFlagUntilTimeout
                0x0000000008006052       0xfe ./Drivers/STM32F4xx_HAL_Driver/Src/stm32f4xx_hal_i2c.o
 .text.I2C_WaitOnTXEFlagUntilTimeout
                0x0000000008006150       0x82 ./Drivers/STM32F4xx_HAL_Driver/Src/stm32f4xx_hal_i2c.o
 .text.I2C_WaitOnBTFFlagUntilTimeout
                0x00000000080061d2       0x82 ./Drivers/STM32F4xx_HAL_Driver/Src/stm32f4xx_hal_i2c.o
 .text.I2C_WaitOnRXNEFlagUntilTimeout
                0x0000000008006254       0xac ./Drivers/STM32F4xx_HAL_Driver/Src/stm32f4xx_hal_i2c.o
 .text.I2C_IsAcknowledgeFailed
                0x0000000008006300       0x5e ./Drivers/STM32F4xx_HAL_Driver/Src/stm32f4xx_hal_i2c.o
 *fill*         0x000000000800635e        0x2 
 .text.HAL_RCC_OscConfig
                0x0000000008006360      0x4f0 ./Drivers/STM32F4xx_HAL_Driver/Src/stm32f4xx_hal_rcc.o
                0x0000000008006360                HAL_RCC_OscConfig
 .text.HAL_RCC_ClockConfig
                0x0000000008006850      0x1cc ./Drivers/STM32F4xx_HAL_Driver/Src/stm32f4xx_hal_rcc.o
                0x0000000008006850                HAL_RCC_ClockConfig
 .text.HAL_RCC_GetSysClockFreq
                0x0000000008006a1c      0x16c ./Drivers/STM32F4xx_HAL_Driver/Src/stm32f4xx_hal_rcc.o
                0x0000000008006a1c                HAL_RCC_GetSysClockFreq
 .text.HAL_RCC_GetHCLKFreq
                0x0000000008006b88       0x18 ./Drivers/STM32F4xx_HAL_Driver/Src/stm32f4xx_hal_rcc.o
                0x0000000008006b88                HAL_RCC_GetHCLKFreq
 .text.HAL_RCC_GetPCLK1Freq
                0x0000000008006ba0       0x28 ./Drivers/STM32F4xx_HAL_Driver/Src/stm32f4xx_hal_rcc.o
                0x0000000008006ba0                HAL_RCC_GetPCLK1Freq
 .text.HAL_RCC_GetPCLK2Freq
                0x0000000008006bc8       0x28 ./Drivers/STM32F4xx_HAL_Driver/Src/stm32f4xx_hal_rcc.o
                0x0000000008006bc8                HAL_RCC_GetPCLK2Freq
 .text.HAL_RCC_GetClockConfig
                0x0000000008006bf0       0x64 ./Drivers/STM32F4xx_HAL_Driver/Src/stm32f4xx_hal_rcc.o
                0x0000000008006bf0                HAL_RCC_GetClockConfig
 .text.HAL_TIM_Base_Init
                0x0000000008006c54       0x9e ./Drivers/STM32F4xx_HAL_Driver/Src/stm32f4xx_hal_tim.o
                0x0000000008006c54                HAL_TIM_Base_Init
 *fill*         0x0000000008006cf2        0x2 
 .text.HAL_TIM_Base_Start_IT
                0x0000000008006cf4       0xe0 ./Drivers/STM32F4xx_HAL_Driver/Src/stm32f4xx_hal_tim.o
                0x0000000008006cf4                HAL_TIM_Base_Start_IT
 .text.HAL_TIM_PWM_Init
                0x0000000008006dd4       0x9e ./Drivers/STM32F4xx_HAL_Driver/Src/stm32f4xx_hal_tim.o
                0x0000000008006dd4                HAL_TIM_PWM_Init
 .text.HAL_TIM_PWM_MspInit
                0x0000000008006e72       0x14 ./Drivers/STM32F4xx_HAL_Driver/Src/stm32f4xx_hal_tim.o
                0x0000000008006e72                HAL_TIM_PWM_MspInit
 .text.HAL_TIM_IC_Init
                0x0000000008006e86       0x9e ./Drivers/STM32F4xx_HAL_Driver/Src/stm32f4xx_hal_tim.o
                0x0000000008006e86                HAL_TIM_IC_Init
 .text.HAL_TIM_IC_MspInit
                0x0000000008006f24       0x14 ./Drivers/STM32F4xx_HAL_Driver/Src/stm32f4xx_hal_tim.o
                0x0000000008006f24                HAL_TIM_IC_MspInit
 .text.HAL_TIM_IC_Start_IT
                0x0000000008006f38      0x250 ./Drivers/STM32F4xx_HAL_Driver/Src/stm32f4xx_hal_tim.o
                0x0000000008006f38                HAL_TIM_IC_Start_IT
 .text.HAL_TIM_IRQHandler
                0x0000000008007188      0x210 ./Drivers/STM32F4xx_HAL_Driver/Src/stm32f4xx_hal_tim.o
                0x0000000008007188                HAL_TIM_IRQHandler
 .text.HAL_TIM_IC_ConfigChannel
                0x0000000008007398      0x138 ./Drivers/STM32F4xx_HAL_Driver/Src/stm32f4xx_hal_tim.o
                0x0000000008007398                HAL_TIM_IC_ConfigChannel
 .text.HAL_TIM_PWM_ConfigChannel
                0x00000000080074d0      0x184 ./Drivers/STM32F4xx_HAL_Driver/Src/stm32f4xx_hal_tim.o
                0x00000000080074d0                HAL_TIM_PWM_ConfigChannel
 .text.HAL_TIM_ConfigClockSource
                0x0000000008007654      0x18e ./Drivers/STM32F4xx_HAL_Driver/Src/stm32f4xx_hal_tim.o
                0x0000000008007654                HAL_TIM_ConfigClockSource
 .text.HAL_TIM_OC_DelayElapsedCallback
                0x00000000080077e2       0x14 ./Drivers/STM32F4xx_HAL_Driver/Src/stm32f4xx_hal_tim.o
                0x00000000080077e2                HAL_TIM_OC_DelayElapsedCallback
 .text.HAL_TIM_PWM_PulseFinishedCallback
                0x00000000080077f6       0x14 ./Drivers/STM32F4xx_HAL_Driver/Src/stm32f4xx_hal_tim.o
                0x00000000080077f6                HAL_TIM_PWM_PulseFinishedCallback
 .text.HAL_TIM_TriggerCallback
                0x000000000800780a       0x14 ./Drivers/STM32F4xx_HAL_Driver/Src/stm32f4xx_hal_tim.o
                0x000000000800780a                HAL_TIM_TriggerCallback
 *fill*         0x000000000800781e        0x2 
 .text.TIM_Base_SetConfig
                0x0000000008007820      0x140 ./Drivers/STM32F4xx_HAL_Driver/Src/stm32f4xx_hal_tim.o
                0x0000000008007820                TIM_Base_SetConfig
 .text.TIM_OC1_SetConfig
                0x0000000008007960       0xe0 ./Drivers/STM32F4xx_HAL_Driver/Src/stm32f4xx_hal_tim.o
 .text.TIM_OC2_SetConfig
                0x0000000008007a40       0xec ./Drivers/STM32F4xx_HAL_Driver/Src/stm32f4xx_hal_tim.o
                0x0000000008007a40                TIM_OC2_SetConfig
 .text.TIM_OC3_SetConfig
                0x0000000008007b2c       0xe8 ./Drivers/STM32F4xx_HAL_Driver/Src/stm32f4xx_hal_tim.o
 .text.TIM_OC4_SetConfig
                0x0000000008007c14       0xac ./Drivers/STM32F4xx_HAL_Driver/Src/stm32f4xx_hal_tim.o
 .text.TIM_TI1_SetConfig
                0x0000000008007cc0       0xe8 ./Drivers/STM32F4xx_HAL_Driver/Src/stm32f4xx_hal_tim.o
                0x0000000008007cc0                TIM_TI1_SetConfig
 .text.TIM_TI1_ConfigInputStage
                0x0000000008007da8       0x5e ./Drivers/STM32F4xx_HAL_Driver/Src/stm32f4xx_hal_tim.o
 .text.TIM_TI2_SetConfig
                0x0000000008007e06       0x7a ./Drivers/STM32F4xx_HAL_Driver/Src/stm32f4xx_hal_tim.o
 .text.TIM_TI2_ConfigInputStage
                0x0000000008007e80       0x60 ./Drivers/STM32F4xx_HAL_Driver/Src/stm32f4xx_hal_tim.o
 .text.TIM_TI3_SetConfig
                0x0000000008007ee0       0x78 ./Drivers/STM32F4xx_HAL_Driver/Src/stm32f4xx_hal_tim.o
 .text.TIM_TI4_SetConfig
                0x0000000008007f58       0x7a ./Drivers/STM32F4xx_HAL_Driver/Src/stm32f4xx_hal_tim.o
 .text.TIM_ITRx_SetConfig
                0x0000000008007fd2       0x36 ./Drivers/STM32F4xx_HAL_Driver/Src/stm32f4xx_hal_tim.o
 .text.TIM_ETR_SetConfig
                0x0000000008008008       0x40 ./Drivers/STM32F4xx_HAL_Driver/Src/stm32f4xx_hal_tim.o
                0x0000000008008008                TIM_ETR_SetConfig
 .text.TIM_CCxChannelCmd
                0x0000000008008048       0x4a ./Drivers/STM32F4xx_HAL_Driver/Src/stm32f4xx_hal_tim.o
                0x0000000008008048                TIM_CCxChannelCmd
 *fill*         0x0000000008008092        0x2 
 .text.HAL_TIMEx_MasterConfigSynchronization
                0x0000000008008094       0xf8 ./Drivers/STM32F4xx_HAL_Driver/Src/stm32f4xx_hal_tim_ex.o
                0x0000000008008094                HAL_TIMEx_MasterConfigSynchronization
 .text.HAL_TIMEx_ConfigBreakDeadTime
                0x000000000800818c       0xa4 ./Drivers/STM32F4xx_HAL_Driver/Src/stm32f4xx_hal_tim_ex.o
                0x000000000800818c                HAL_TIMEx_ConfigBreakDeadTime
 .text.HAL_TIMEx_CommutCallback
                0x0000000008008230       0x14 ./Drivers/STM32F4xx_HAL_Driver/Src/stm32f4xx_hal_tim_ex.o
                0x0000000008008230                HAL_TIMEx_CommutCallback
 .text.HAL_TIMEx_BreakCallback
                0x0000000008008244       0x14 ./Drivers/STM32F4xx_HAL_Driver/Src/stm32f4xx_hal_tim_ex.o
                0x0000000008008244                HAL_TIMEx_BreakCallback
 .text.HAL_UART_Init
                0x0000000008008258       0x9a ./Drivers/STM32F4xx_HAL_Driver/Src/stm32f4xx_hal_uart.o
                0x0000000008008258                HAL_UART_Init
 *fill*         0x00000000080082f2        0x2 
 .text.HAL_UART_IRQHandler
                0x00000000080082f4      0x51c ./Drivers/STM32F4xx_HAL_Driver/Src/stm32f4xx_hal_uart.o
                0x00000000080082f4                HAL_UART_IRQHandler
 .text.HAL_UART_RxCpltCallback
                0x0000000008008810       0x14 ./Drivers/STM32F4xx_HAL_Driver/Src/stm32f4xx_hal_uart.o
                0x0000000008008810                HAL_UART_RxCpltCallback
 .text.HAL_UART_ErrorCallback
                0x0000000008008824       0x14 ./Drivers/STM32F4xx_HAL_Driver/Src/stm32f4xx_hal_uart.o
                0x0000000008008824                HAL_UART_ErrorCallback
 .text.HAL_UARTEx_RxEventCallback
                0x0000000008008838       0x18 ./Drivers/STM32F4xx_HAL_Driver/Src/stm32f4xx_hal_uart.o
                0x0000000008008838                HAL_UARTEx_RxEventCallback
 .text.UART_EndRxTransfer
                0x0000000008008850       0xc6 ./Drivers/STM32F4xx_HAL_Driver/Src/stm32f4xx_hal_uart.o
 .text.UART_DMAAbortOnError
                0x0000000008008916       0x28 ./Drivers/STM32F4xx_HAL_Driver/Src/stm32f4xx_hal_uart.o
 .text.UART_Transmit_IT
                0x000000000800893e       0xa0 ./Drivers/STM32F4xx_HAL_Driver/Src/stm32f4xx_hal_uart.o
 .text.UART_EndTransmit_IT
                0x00000000080089de       0x30 ./Drivers/STM32F4xx_HAL_Driver/Src/stm32f4xx_hal_uart.o
 .text.UART_Receive_IT
                0x0000000008008a0e      0x176 ./Drivers/STM32F4xx_HAL_Driver/Src/stm32f4xx_hal_uart.o
 .text.UART_SetConfig
                0x0000000008008b84      0x390 ./Drivers/STM32F4xx_HAL_Driver/Src/stm32f4xx_hal_uart.o
 .text.__NVIC_SetPriority
                0x0000000008008f14       0x54 ./Middlewares/Third_Party/FreeRTOS/Source/CMSIS_RTOS_V2/cmsis_os2.o
 .text.SysTick_Handler
                0x0000000008008f68       0x20 ./Middlewares/Third_Party/FreeRTOS/Source/CMSIS_RTOS_V2/cmsis_os2.o
                0x0000000008008f68                SysTick_Handler
 .text.SVC_Setup
                0x0000000008008f88       0x12 ./Middlewares/Third_Party/FreeRTOS/Source/CMSIS_RTOS_V2/cmsis_os2.o
 *fill*         0x0000000008008f9a        0x2 
 .text.osKernelInitialize
                0x0000000008008f9c       0x48 ./Middlewares/Third_Party/FreeRTOS/Source/CMSIS_RTOS_V2/cmsis_os2.o
                0x0000000008008f9c                osKernelInitialize
 .text.osKernelStart
                0x0000000008008fe4       0x4c ./Middlewares/Third_Party/FreeRTOS/Source/CMSIS_RTOS_V2/cmsis_os2.o
                0x0000000008008fe4                osKernelStart
 .text.osThreadNew
                0x0000000008009030      0x124 ./Middlewares/Third_Party/FreeRTOS/Source/CMSIS_RTOS_V2/cmsis_os2.o
                0x0000000008009030                osThreadNew
 .text.osDelay  0x0000000008009154       0x36 ./Middlewares/Third_Party/FreeRTOS/Source/CMSIS_RTOS_V2/cmsis_os2.o
                0x0000000008009154                osDelay
 .text.osMessageQueueNew
                0x000000000800918a       0xe6 ./Middlewares/Third_Party/FreeRTOS/Source/CMSIS_RTOS_V2/cmsis_os2.o
                0x000000000800918a                osMessageQueueNew
 .text.vApplicationGetIdleTaskMemory
                0x0000000008009270       0x34 ./Middlewares/Third_Party/FreeRTOS/Source/CMSIS_RTOS_V2/cmsis_os2.o
                0x0000000008009270                vApplicationGetIdleTaskMemory
 .text.vApplicationGetTimerTaskMemory
                0x00000000080092a4       0x34 ./Middlewares/Third_Party/FreeRTOS/Source/CMSIS_RTOS_V2/cmsis_os2.o
                0x00000000080092a4                vApplicationGetTimerTaskMemory
 .text.vListInitialise
                0x00000000080092d8       0x40 ./Middlewares/Third_Party/FreeRTOS/Source/list.o
                0x00000000080092d8                vListInitialise
 .text.vListInitialiseItem
                0x0000000008009318       0x1a ./Middlewares/Third_Party/FreeRTOS/Source/list.o
                0x0000000008009318                vListInitialiseItem
 .text.vListInsertEnd
                0x0000000008009332       0x48 ./Middlewares/Third_Party/FreeRTOS/Source/list.o
                0x0000000008009332                vListInsertEnd
 .text.vListInsert
                0x000000000800937a       0x72 ./Middlewares/Third_Party/FreeRTOS/Source/list.o
                0x000000000800937a                vListInsert
 .text.uxListRemove
                0x00000000080093ec       0x54 ./Middlewares/Third_Party/FreeRTOS/Source/list.o
                0x00000000080093ec                uxListRemove
 .text.xQueueGenericReset
                0x0000000008009440       0xd0 ./Middlewares/Third_Party/FreeRTOS/Source/queue.o
                0x0000000008009440                xQueueGenericReset
 .text.xQueueGenericCreateStatic
                0x0000000008009510       0xf0 ./Middlewares/Third_Party/FreeRTOS/Source/queue.o
                0x0000000008009510                xQueueGenericCreateStatic
 .text.xQueueGenericCreate
                0x0000000008009600       0x74 ./Middlewares/Third_Party/FreeRTOS/Source/queue.o
                0x0000000008009600                xQueueGenericCreate
 .text.prvInitialiseNewQueue
                0x0000000008009674       0x46 ./Middlewares/Third_Party/FreeRTOS/Source/queue.o
 *fill*         0x00000000080096ba        0x2 
 .text.xQueueGenericSend
                0x00000000080096bc      0x1fc ./Middlewares/Third_Party/FreeRTOS/Source/queue.o
                0x00000000080096bc                xQueueGenericSend
 .text.xQueueGenericSendFromISR
                0x00000000080098b8      0x136 ./Middlewares/Third_Party/FreeRTOS/Source/queue.o
                0x00000000080098b8                xQueueGenericSendFromISR
 *fill*         0x00000000080099ee        0x2 
 .text.xQueueReceive
                0x00000000080099f0      0x1c0 ./Middlewares/Third_Party/FreeRTOS/Source/queue.o
                0x00000000080099f0                xQueueReceive
 .text.prvCopyDataToQueue
                0x0000000008009bb0       0xd4 ./Middlewares/Third_Party/FreeRTOS/Source/queue.o
 .text.prvCopyDataFromQueue
                0x0000000008009c84       0x4c ./Middlewares/Third_Party/FreeRTOS/Source/queue.o
 .text.prvUnlockQueue
                0x0000000008009cd0       0xa4 ./Middlewares/Third_Party/FreeRTOS/Source/queue.o
 .text.prvIsQueueEmpty
                0x0000000008009d74       0x2c ./Middlewares/Third_Party/FreeRTOS/Source/queue.o
 .text.prvIsQueueFull
                0x0000000008009da0       0x30 ./Middlewares/Third_Party/FreeRTOS/Source/queue.o
 .text.vQueueAddToRegistry
                0x0000000008009dd0       0x54 ./Middlewares/Third_Party/FreeRTOS/Source/queue.o
                0x0000000008009dd0                vQueueAddToRegistry
 .text.vQueueWaitForMessageRestricted
                0x0000000008009e24       0x68 ./Middlewares/Third_Party/FreeRTOS/Source/queue.o
                0x0000000008009e24                vQueueWaitForMessageRestricted
 .text.xTaskCreateStatic
                0x0000000008009e8c       0xba ./Middlewares/Third_Party/FreeRTOS/Source/tasks.o
                0x0000000008009e8c                xTaskCreateStatic
 .text.xTaskCreate
                0x0000000008009f46       0x8a ./Middlewares/Third_Party/FreeRTOS/Source/tasks.o
                0x0000000008009f46                xTaskCreate
 .text.prvInitialiseNewTask
                0x0000000008009fd0      0x14c ./Middlewares/Third_Party/FreeRTOS/Source/tasks.o
 .text.prvAddNewTaskToReadyList
                0x000000000800a11c       0xe0 ./Middlewares/Third_Party/FreeRTOS/Source/tasks.o
 .text.vTaskDelay
                0x000000000800a1fc       0x68 ./Middlewares/Third_Party/FreeRTOS/Source/tasks.o
                0x000000000800a1fc                vTaskDelay
 .text.vTaskStartScheduler
                0x000000000800a264       0xe0 ./Middlewares/Third_Party/FreeRTOS/Source/tasks.o
                0x000000000800a264                vTaskStartScheduler
 .text.vTaskSuspendAll
                0x000000000800a344       0x1c ./Middlewares/Third_Party/FreeRTOS/Source/tasks.o
                0x000000000800a344                vTaskSuspendAll
 .text.xTaskResumeAll
                0x000000000800a360      0x13c ./Middlewares/Third_Party/FreeRTOS/Source/tasks.o
                0x000000000800a360                xTaskResumeAll
 .text.xTaskGetTickCount
                0x000000000800a49c       0x20 ./Middlewares/Third_Party/FreeRTOS/Source/tasks.o
                0x000000000800a49c                xTaskGetTickCount
 .text.xTaskIncrementTick
                0x000000000800a4bc      0x174 ./Middlewares/Third_Party/FreeRTOS/Source/tasks.o
                0x000000000800a4bc                xTaskIncrementTick
 .text.vTaskSwitchContext
                0x000000000800a630       0xc8 ./Middlewares/Third_Party/FreeRTOS/Source/tasks.o
                0x000000000800a630                vTaskSwitchContext
 .text.vTaskPlaceOnEventList
                0x000000000800a6f8       0x48 ./Middlewares/Third_Party/FreeRTOS/Source/tasks.o
                0x000000000800a6f8                vTaskPlaceOnEventList
 .text.vTaskPlaceOnEventListRestricted
                0x000000000800a740       0x58 ./Middlewares/Third_Party/FreeRTOS/Source/tasks.o
                0x000000000800a740                vTaskPlaceOnEventListRestricted
 .text.xTaskRemoveFromEventList
                0x000000000800a798       0xc8 ./Middlewares/Third_Party/FreeRTOS/Source/tasks.o
                0x000000000800a798                xTaskRemoveFromEventList
 .text.vTaskInternalSetTimeOutState
                0x000000000800a860       0x2c ./Middlewares/Third_Party/FreeRTOS/Source/tasks.o
                0x000000000800a860                vTaskInternalSetTimeOutState
 .text.xTaskCheckForTimeOut
                0x000000000800a88c       0xc4 ./Middlewares/Third_Party/FreeRTOS/Source/tasks.o
                0x000000000800a88c                xTaskCheckForTimeOut
 .text.vTaskMissedYield
                0x000000000800a950       0x18 ./Middlewares/Third_Party/FreeRTOS/Source/tasks.o
                0x000000000800a950                vTaskMissedYield
 .text.prvIdleTask
                0x000000000800a968       0x30 ./Middlewares/Third_Party/FreeRTOS/Source/tasks.o
 .text.prvInitialiseTaskLists
                0x000000000800a998       0x80 ./Middlewares/Third_Party/FreeRTOS/Source/tasks.o
 .text.prvCheckTasksWaitingTermination
                0x000000000800aa18       0x5c ./Middlewares/Third_Party/FreeRTOS/Source/tasks.o
 .text.prvDeleteTCB
                0x000000000800aa74       0x68 ./Middlewares/Third_Party/FreeRTOS/Source/tasks.o
 .text.prvResetNextTaskUnblockTime
                0x000000000800aadc       0x40 ./Middlewares/Third_Party/FreeRTOS/Source/tasks.o
 .text.xTaskGetSchedulerState
                0x000000000800ab1c       0x3c ./Middlewares/Third_Party/FreeRTOS/Source/tasks.o
                0x000000000800ab1c                xTaskGetSchedulerState
 .text.xTaskPriorityDisinherit
                0x000000000800ab58       0xdc ./Middlewares/Third_Party/FreeRTOS/Source/tasks.o
                0x000000000800ab58                xTaskPriorityDisinherit
 .text.prvAddCurrentTaskToDelayedList
                0x000000000800ac34       0xa8 ./Middlewares/Third_Party/FreeRTOS/Source/tasks.o
 .text.xTimerCreateTimerTask
                0x000000000800acdc       0x90 ./Middlewares/Third_Party/FreeRTOS/Source/timers.o
                0x000000000800acdc                xTimerCreateTimerTask
 .text.xTimerGenericCommand
                0x000000000800ad6c       0x9c ./Middlewares/Third_Party/FreeRTOS/Source/timers.o
                0x000000000800ad6c                xTimerGenericCommand
 .text.prvProcessExpiredTimer
                0x000000000800ae08       0x98 ./Middlewares/Third_Party/FreeRTOS/Source/timers.o
 .text.prvTimerTask
                0x000000000800aea0       0x24 ./Middlewares/Third_Party/FreeRTOS/Source/timers.o
 .text.prvProcessTimerOrBlockTask
                0x000000000800aec4       0x9c ./Middlewares/Third_Party/FreeRTOS/Source/timers.o
 .text.prvGetNextExpireTime
                0x000000000800af60       0x48 ./Middlewares/Third_Party/FreeRTOS/Source/timers.o
 .text.prvSampleTimeNow
                0x000000000800afa8       0x40 ./Middlewares/Third_Party/FreeRTOS/Source/timers.o
 .text.prvInsertTimerInActiveList
                0x000000000800afe8       0x84 ./Middlewares/Third_Party/FreeRTOS/Source/timers.o
 .text.prvProcessReceivedCommands
                0x000000000800b06c      0x1c4 ./Middlewares/Third_Party/FreeRTOS/Source/timers.o
 .text.prvSwitchTimerLists
                0x000000000800b230       0xc8 ./Middlewares/Third_Party/FreeRTOS/Source/timers.o
 .text.prvCheckForValidListAndQueue
                0x000000000800b2f8       0x80 ./Middlewares/Third_Party/FreeRTOS/Source/timers.o
 .text.pxPortInitialiseStack
                0x000000000800b378       0x68 ./Middlewares/Third_Party/FreeRTOS/Source/portable/GCC/ARM_CM4F/port.o
                0x000000000800b378                pxPortInitialiseStack
 .text.prvTaskExitError
                0x000000000800b3e0       0x58 ./Middlewares/Third_Party/FreeRTOS/Source/portable/GCC/ARM_CM4F/port.o
 *fill*         0x000000000800b438        0x8 
 .text.SVC_Handler
                0x000000000800b440       0x28 ./Middlewares/Third_Party/FreeRTOS/Source/portable/GCC/ARM_CM4F/port.o
                0x000000000800b440                SVC_Handler
 .text.prvPortStartFirstTask
                0x000000000800b468       0x28 ./Middlewares/Third_Party/FreeRTOS/Source/portable/GCC/ARM_CM4F/port.o
 .text.xPortStartScheduler
                0x000000000800b490      0x144 ./Middlewares/Third_Party/FreeRTOS/Source/portable/GCC/ARM_CM4F/port.o
                0x000000000800b490                xPortStartScheduler
 .text.vPortEnterCritical
                0x000000000800b5d4       0x60 ./Middlewares/Third_Party/FreeRTOS/Source/portable/GCC/ARM_CM4F/port.o
                0x000000000800b5d4                vPortEnterCritical
 .text.vPortExitCritical
                0x000000000800b634       0x54 ./Middlewares/Third_Party/FreeRTOS/Source/portable/GCC/ARM_CM4F/port.o
                0x000000000800b634                vPortExitCritical
 *fill*         0x000000000800b688        0x8 
 .text.PendSV_Handler
                0x000000000800b690       0x68 ./Middlewares/Third_Party/FreeRTOS/Source/portable/GCC/ARM_CM4F/port.o
                0x000000000800b690                PendSV_Handler
 .text.xPortSysTickHandler
                0x000000000800b6f8       0x44 ./Middlewares/Third_Party/FreeRTOS/Source/portable/GCC/ARM_CM4F/port.o
                0x000000000800b6f8                xPortSysTickHandler
 .text.vPortSetupTimerInterrupt
                0x000000000800b73c       0x48 ./Middlewares/Third_Party/FreeRTOS/Source/portable/GCC/ARM_CM4F/port.o
                0x000000000800b73c                vPortSetupTimerInterrupt
 .text.vPortEnableVFP
                0x000000000800b784       0x14 ./Middlewares/Third_Party/FreeRTOS/Source/portable/GCC/ARM_CM4F/port.o
 .text.vPortValidateInterruptPriority
                0x000000000800b798       0x80 ./Middlewares/Third_Party/FreeRTOS/Source/portable/GCC/ARM_CM4F/port.o
                0x000000000800b798                vPortValidateInterruptPriority
 .text.pvPortMalloc
                0x000000000800b818      0x198 ./Middlewares/Third_Party/FreeRTOS/Source/portable/MemMang/heap_4.o
                0x000000000800b818                pvPortMalloc
 .text.vPortFree
                0x000000000800b9b0       0xc4 ./Middlewares/Third_Party/FreeRTOS/Source/portable/MemMang/heap_4.o
                0x000000000800b9b0                vPortFree
 .text.prvHeapInit
                0x000000000800ba74       0xc4 ./Middlewares/Third_Party/FreeRTOS/Source/portable/MemMang/heap_4.o
 .text.prvInsertBlockIntoFreeList
                0x000000000800bb38       0xb4 ./Middlewares/Third_Party/FreeRTOS/Source/portable/MemMang/heap_4.o
 .text.master_set_tx_rx
                0x000000000800bbec       0x32 ./Modbus_RTU/mb_master.o
                0x000000000800bbec                master_set_tx_rx
 .text.slave_set_tx_rx
                0x000000000800bc1e       0x32 ./Modbus_RTU/mb_slave.o
                0x000000000800bc1e                slave_set_tx_rx
 .text.__errno  0x000000000800bc50        0xc c:/st/stm32cubeide_1.7.0/stm32cubeide/plugins/com.st.stm32cube.ide.mcu.externaltools.gnu-tools-for-stm32.9-2020-q2-update.win32_2.0.0.202105311346/tools/bin/../lib/gcc/arm-none-eabi/9.3.1/../../../../arm-none-eabi/lib/thumb/v7e-m+fp/hard\libc_nano.a(lib_a-errno.o)
                0x000000000800bc50                __errno
 .text.__libc_init_array
                0x000000000800bc5c       0x48 c:/st/stm32cubeide_1.7.0/stm32cubeide/plugins/com.st.stm32cube.ide.mcu.externaltools.gnu-tools-for-stm32.9-2020-q2-update.win32_2.0.0.202105311346/tools/bin/../lib/gcc/arm-none-eabi/9.3.1/../../../../arm-none-eabi/lib/thumb/v7e-m+fp/hard\libc_nano.a(lib_a-init.o)
                0x000000000800bc5c                __libc_init_array
 .text.__retarget_lock_acquire_recursive
                0x000000000800bca4        0x2 c:/st/stm32cubeide_1.7.0/stm32cubeide/plugins/com.st.stm32cube.ide.mcu.externaltools.gnu-tools-for-stm32.9-2020-q2-update.win32_2.0.0.202105311346/tools/bin/../lib/gcc/arm-none-eabi/9.3.1/../../../../arm-none-eabi/lib/thumb/v7e-m+fp/hard\libc_nano.a(lib_a-lock.o)
                0x000000000800bca4                __retarget_lock_acquire_recursive
 .text.__retarget_lock_release_recursive
                0x000000000800bca6        0x2 c:/st/stm32cubeide_1.7.0/stm32cubeide/plugins/com.st.stm32cube.ide.mcu.externaltools.gnu-tools-for-stm32.9-2020-q2-update.win32_2.0.0.202105311346/tools/bin/../lib/gcc/arm-none-eabi/9.3.1/../../../../arm-none-eabi/lib/thumb/v7e-m+fp/hard\libc_nano.a(lib_a-lock.o)
                0x000000000800bca6                __retarget_lock_release_recursive
 .text.memcpy   0x000000000800bca8       0x1c c:/st/stm32cubeide_1.7.0/stm32cubeide/plugins/com.st.stm32cube.ide.mcu.externaltools.gnu-tools-for-stm32.9-2020-q2-update.win32_2.0.0.202105311346/tools/bin/../lib/gcc/arm-none-eabi/9.3.1/../../../../arm-none-eabi/lib/thumb/v7e-m+fp/hard\libc_nano.a(lib_a-memcpy-stub.o)
                0x000000000800bca8                memcpy
 .text.memset   0x000000000800bcc4       0x10 c:/st/stm32cubeide_1.7.0/stm32cubeide/plugins/com.st.stm32cube.ide.mcu.externaltools.gnu-tools-for-stm32.9-2020-q2-update.win32_2.0.0.202105311346/tools/bin/../lib/gcc/arm-none-eabi/9.3.1/../../../../arm-none-eabi/lib/thumb/v7e-m+fp/hard\libc_nano.a(lib_a-memset.o)
                0x000000000800bcc4                memset
 .text.cleanup_glue
                0x000000000800bcd4       0x1a c:/st/stm32cubeide_1.7.0/stm32cubeide/plugins/com.st.stm32cube.ide.mcu.externaltools.gnu-tools-for-stm32.9-2020-q2-update.win32_2.0.0.202105311346/tools/bin/../lib/gcc/arm-none-eabi/9.3.1/../../../../arm-none-eabi/lib/thumb/v7e-m+fp/hard\libc_nano.a(lib_a-reent.o)
                0x000000000800bcd4                cleanup_glue
 *fill*         0x000000000800bcee        0x2 
 .text._reclaim_reent
                0x000000000800bcf0       0xb8 c:/st/stm32cubeide_1.7.0/stm32cubeide/plugins/com.st.stm32cube.ide.mcu.externaltools.gnu-tools-for-stm32.9-2020-q2-update.win32_2.0.0.202105311346/tools/bin/../lib/gcc/arm-none-eabi/9.3.1/../../../../arm-none-eabi/lib/thumb/v7e-m+fp/hard\libc_nano.a(lib_a-reent.o)
                0x000000000800bcf0                _reclaim_reent
 .text.__malloc_lock
                0x000000000800bda8        0xc c:/st/stm32cubeide_1.7.0/stm32cubeide/plugins/com.st.stm32cube.ide.mcu.externaltools.gnu-tools-for-stm32.9-2020-q2-update.win32_2.0.0.202105311346/tools/bin/../lib/gcc/arm-none-eabi/9.3.1/../../../../arm-none-eabi/lib/thumb/v7e-m+fp/hard\libc_nano.a(lib_a-mlock.o)
                0x000000000800bda8                __malloc_lock
 .text.__malloc_unlock
                0x000000000800bdb4        0xc c:/st/stm32cubeide_1.7.0/stm32cubeide/plugins/com.st.stm32cube.ide.mcu.externaltools.gnu-tools-for-stm32.9-2020-q2-update.win32_2.0.0.202105311346/tools/bin/../lib/gcc/arm-none-eabi/9.3.1/../../../../arm-none-eabi/lib/thumb/v7e-m+fp/hard\libc_nano.a(lib_a-mlock.o)
                0x000000000800bdb4                __malloc_unlock
 .text._free_r  0x000000000800bdc0       0xa0 c:/st/stm32cubeide_1.7.0/stm32cubeide/plugins/com.st.stm32cube.ide.mcu.externaltools.gnu-tools-for-stm32.9-2020-q2-update.win32_2.0.0.202105311346/tools/bin/../lib/gcc/arm-none-eabi/9.3.1/../../../../arm-none-eabi/lib/thumb/v7e-m+fp/hard\libc_nano.a(lib_a-nano-freer.o)
                0x000000000800bdc0                _free_r
 .text.log      0x000000000800be60       0x90 c:/st/stm32cubeide_1.7.0/stm32cubeide/plugins/com.st.stm32cube.ide.mcu.externaltools.gnu-tools-for-stm32.9-2020-q2-update.win32_2.0.0.202105311346/tools/bin/../lib/gcc/arm-none-eabi/9.3.1/../../../../arm-none-eabi/lib/thumb/v7e-m+fp/hard\libm.a(lib_a-w_log.o)
                0x000000000800be60                log
 .text.__ieee754_log
                0x000000000800bef0      0x374 c:/st/stm32cubeide_1.7.0/stm32cubeide/plugins/com.st.stm32cube.ide.mcu.externaltools.gnu-tools-for-stm32.9-2020-q2-update.win32_2.0.0.202105311346/tools/bin/../lib/gcc/arm-none-eabi/9.3.1/../../../../arm-none-eabi/lib/thumb/v7e-m+fp/hard\libm.a(lib_a-e_log.o)
                0x000000000800bef0                __ieee754_log
 *fill*         0x000000000800c264        0x4 
 .text.nan      0x000000000800c268       0x10 c:/st/stm32cubeide_1.7.0/stm32cubeide/plugins/com.st.stm32cube.ide.mcu.externaltools.gnu-tools-for-stm32.9-2020-q2-update.win32_2.0.0.202105311346/tools/bin/../lib/gcc/arm-none-eabi/9.3.1/../../../../arm-none-eabi/lib/thumb/v7e-m+fp/hard\libm.a(lib_a-s_nan.o)
                0x000000000800c268                nan
 *(.glue_7)
 .glue_7        0x000000000800c278        0x0 linker stubs
 *(.glue_7t)
 .glue_7t       0x000000000800c278        0x0 linker stubs
 *(.eh_frame)
 .eh_frame      0x000000000800c278        0x0 c:/st/stm32cubeide_1.7.0/stm32cubeide/plugins/com.st.stm32cube.ide.mcu.externaltools.gnu-tools-for-stm32.9-2020-q2-update.win32_2.0.0.202105311346/tools/bin/../lib/gcc/arm-none-eabi/9.3.1/thumb/v7e-m+fp/hard/crtbegin.o
 *(.init)
 .init          0x000000000800c278        0x4 c:/st/stm32cubeide_1.7.0/stm32cubeide/plugins/com.st.stm32cube.ide.mcu.externaltools.gnu-tools-for-stm32.9-2020-q2-update.win32_2.0.0.202105311346/tools/bin/../lib/gcc/arm-none-eabi/9.3.1/thumb/v7e-m+fp/hard/crti.o
                0x000000000800c278                _init
 .init          0x000000000800c27c        0x8 c:/st/stm32cubeide_1.7.0/stm32cubeide/plugins/com.st.stm32cube.ide.mcu.externaltools.gnu-tools-for-stm32.9-2020-q2-update.win32_2.0.0.202105311346/tools/bin/../lib/gcc/arm-none-eabi/9.3.1/thumb/v7e-m+fp/hard/crtn.o
 *(.fini)
 .fini          0x000000000800c284        0x4 c:/st/stm32cubeide_1.7.0/stm32cubeide/plugins/com.st.stm32cube.ide.mcu.externaltools.gnu-tools-for-stm32.9-2020-q2-update.win32_2.0.0.202105311346/tools/bin/../lib/gcc/arm-none-eabi/9.3.1/thumb/v7e-m+fp/hard/crti.o
                0x000000000800c284                _fini
 .fini          0x000000000800c288        0x8 c:/st/stm32cubeide_1.7.0/stm32cubeide/plugins/com.st.stm32cube.ide.mcu.externaltools.gnu-tools-for-stm32.9-2020-q2-update.win32_2.0.0.202105311346/tools/bin/../lib/gcc/arm-none-eabi/9.3.1/thumb/v7e-m+fp/hard/crtn.o
                0x000000000800c290                . = ALIGN (0x4)
                0x000000000800c290                _etext = .

.vfp11_veneer   0x000000000800c290        0x0
 .vfp11_veneer  0x000000000800c290        0x0 linker stubs

.v4_bx          0x000000000800c290        0x0
 .v4_bx         0x000000000800c290        0x0 linker stubs

.iplt           0x000000000800c290        0x0
 .iplt          0x000000000800c290        0x0 c:/st/stm32cubeide_1.7.0/stm32cubeide/plugins/com.st.stm32cube.ide.mcu.externaltools.gnu-tools-for-stm32.9-2020-q2-update.win32_2.0.0.202105311346/tools/bin/../lib/gcc/arm-none-eabi/9.3.1/thumb/v7e-m+fp/hard/crtbegin.o

.rodata         0x000000000800c290      0x23c
                0x000000000800c290                . = ALIGN (0x4)
 *(.rodata)
 .rodata        0x000000000800c290       0x50 ./Core/Src/freertos.o
 .rodata        0x000000000800c2e0        0x5 ./Middlewares/Third_Party/FreeRTOS/Source/tasks.o
 *fill*         0x000000000800c2e5        0x3 
 .rodata        0x000000000800c2e8        0xd ./Middlewares/Third_Party/FreeRTOS/Source/timers.o
 *(.rodata*)
 *fill*         0x000000000800c2f5        0x3 
 .rodata.Task01_attributes
                0x000000000800c2f8       0x24 ./Core/Src/freertos.o
                0x000000000800c2f8                Task01_attributes
 .rodata.Task02_attributes
                0x000000000800c31c       0x24 ./Core/Src/freertos.o
                0x000000000800c31c                Task02_attributes
 .rodata.Task03_attributes
                0x000000000800c340       0x24 ./Core/Src/freertos.o
                0x000000000800c340                Task03_attributes
 .rodata.Task04_attributes
                0x000000000800c364       0x24 ./Core/Src/freertos.o
                0x000000000800c364                Task04_attributes
 .rodata.Task05_attributes
                0x000000000800c388       0x24 ./Core/Src/freertos.o
                0x000000000800c388                Task05_attributes
 .rodata.Task06_attributes
                0x000000000800c3ac       0x24 ./Core/Src/freertos.o
                0x000000000800c3ac                Task06_attributes
 .rodata.Task07_attributes
                0x000000000800c3d0       0x24 ./Core/Src/freertos.o
                0x000000000800c3d0                Task07_attributes
 .rodata.Task08_attributes
                0x000000000800c3f4       0x24 ./Core/Src/freertos.o
                0x000000000800c3f4                Task08_attributes
 .rodata.Queue01_attributes
                0x000000000800c418       0x18 ./Core/Src/freertos.o
                0x000000000800c418                Queue01_attributes
 .rodata.Queue02_attributes
                0x000000000800c430       0x18 ./Core/Src/freertos.o
                0x000000000800c430                Queue02_attributes
 .rodata.AHBPrescTable
                0x000000000800c448       0x10 ./Core/Src/system_stm32f4xx.o
                0x000000000800c448                AHBPrescTable
 .rodata.APBPrescTable
                0x000000000800c458        0x8 ./Core/Src/system_stm32f4xx.o
                0x000000000800c458                APBPrescTable
 .rodata.flagBitshiftOffset.9069
                0x000000000800c460        0x8 ./Drivers/STM32F4xx_HAL_Driver/Src/stm32f4xx_hal_dma.o
 .rodata.__sf_fake_stderr
                0x000000000800c468       0x20 c:/st/stm32cubeide_1.7.0/stm32cubeide/plugins/com.st.stm32cube.ide.mcu.externaltools.gnu-tools-for-stm32.9-2020-q2-update.win32_2.0.0.202105311346/tools/bin/../lib/gcc/arm-none-eabi/9.3.1/../../../../arm-none-eabi/lib/thumb/v7e-m+fp/hard\libc_nano.a(lib_a-findfp.o)
                0x000000000800c468                __sf_fake_stderr
 .rodata.__sf_fake_stdin
                0x000000000800c488       0x20 c:/st/stm32cubeide_1.7.0/stm32cubeide/plugins/com.st.stm32cube.ide.mcu.externaltools.gnu-tools-for-stm32.9-2020-q2-update.win32_2.0.0.202105311346/tools/bin/../lib/gcc/arm-none-eabi/9.3.1/../../../../arm-none-eabi/lib/thumb/v7e-m+fp/hard\libc_nano.a(lib_a-findfp.o)
                0x000000000800c488                __sf_fake_stdin
 .rodata.__sf_fake_stdout
                0x000000000800c4a8       0x20 c:/st/stm32cubeide_1.7.0/stm32cubeide/plugins/com.st.stm32cube.ide.mcu.externaltools.gnu-tools-for-stm32.9-2020-q2-update.win32_2.0.0.202105311346/tools/bin/../lib/gcc/arm-none-eabi/9.3.1/../../../../arm-none-eabi/lib/thumb/v7e-m+fp/hard\libc_nano.a(lib_a-findfp.o)
                0x000000000800c4a8                __sf_fake_stdout
 .rodata.log.str1.1
                0x000000000800c4c8        0x1 c:/st/stm32cubeide_1.7.0/stm32cubeide/plugins/com.st.stm32cube.ide.mcu.externaltools.gnu-tools-for-stm32.9-2020-q2-update.win32_2.0.0.202105311346/tools/bin/../lib/gcc/arm-none-eabi/9.3.1/../../../../arm-none-eabi/lib/thumb/v7e-m+fp/hard\libm.a(lib_a-w_log.o)
                0x000000000800c4cc                . = ALIGN (0x4)
 *fill*         0x000000000800c4c9        0x3 

.ARM.extab      0x000000000800c4cc        0x0
                0x000000000800c4cc                . = ALIGN (0x4)
 *(.ARM.extab* .gnu.linkonce.armextab.*)
                0x000000000800c4cc                . = ALIGN (0x4)

.ARM            0x000000000800c4cc        0x8
                0x000000000800c4cc                . = ALIGN (0x4)
                0x000000000800c4cc                __exidx_start = .
 *(.ARM.exidx*)
 .ARM.exidx     0x000000000800c4cc        0x8 c:/st/stm32cubeide_1.7.0/stm32cubeide/plugins/com.st.stm32cube.ide.mcu.externaltools.gnu-tools-for-stm32.9-2020-q2-update.win32_2.0.0.202105311346/tools/bin/../lib/gcc/arm-none-eabi/9.3.1/thumb/v7e-m+fp/hard\libgcc.a(_udivmoddi4.o)
                0x000000000800c4d4                __exidx_end = .
                0x000000000800c4d4                . = ALIGN (0x4)

.rel.dyn        0x000000000800c4d4        0x0
 .rel.iplt      0x000000000800c4d4        0x0 c:/st/stm32cubeide_1.7.0/stm32cubeide/plugins/com.st.stm32cube.ide.mcu.externaltools.gnu-tools-for-stm32.9-2020-q2-update.win32_2.0.0.202105311346/tools/bin/../lib/gcc/arm-none-eabi/9.3.1/thumb/v7e-m+fp/hard/crtbegin.o

.preinit_array  0x000000000800c4d4        0x0
                0x000000000800c4d4                . = ALIGN (0x4)
                0x000000000800c4d4                PROVIDE (__preinit_array_start = .)
 *(.preinit_array*)
                0x000000000800c4d4                PROVIDE (__preinit_array_end = .)
                0x000000000800c4d4                . = ALIGN (0x4)

.init_array     0x000000000800c4d4        0x4
                0x000000000800c4d4                . = ALIGN (0x4)
                0x000000000800c4d4                PROVIDE (__init_array_start = .)
 *(SORT_BY_NAME(.init_array.*))
 *(.init_array*)
 .init_array    0x000000000800c4d4        0x4 c:/st/stm32cubeide_1.7.0/stm32cubeide/plugins/com.st.stm32cube.ide.mcu.externaltools.gnu-tools-for-stm32.9-2020-q2-update.win32_2.0.0.202105311346/tools/bin/../lib/gcc/arm-none-eabi/9.3.1/thumb/v7e-m+fp/hard/crtbegin.o
                0x000000000800c4d8                PROVIDE (__init_array_end = .)
                0x000000000800c4d8                . = ALIGN (0x4)

.fini_array     0x000000000800c4d8        0x4
                0x000000000800c4d8                . = ALIGN (0x4)
                [!provide]                        PROVIDE (__fini_array_start = .)
 *(SORT_BY_NAME(.fini_array.*))
 *(.fini_array*)
 .fini_array    0x000000000800c4d8        0x4 c:/st/stm32cubeide_1.7.0/stm32cubeide/plugins/com.st.stm32cube.ide.mcu.externaltools.gnu-tools-for-stm32.9-2020-q2-update.win32_2.0.0.202105311346/tools/bin/../lib/gcc/arm-none-eabi/9.3.1/thumb/v7e-m+fp/hard/crtbegin.o
                [!provide]                        PROVIDE (__fini_array_end = .)
                0x000000000800c4dc                . = ALIGN (0x4)
                0x000000000800c4dc                _sidata = LOADADDR (.data)

.data           0x0000000020000000      0x14c load address 0x000000000800c4dc
                0x0000000020000000                . = ALIGN (0x4)
                0x0000000020000000                _sdata = .
 *(.data)
 *(.data*)
 .data.SystemCoreClock
                0x0000000020000000        0x4 ./Core/Src/system_stm32f4xx.o
                0x0000000020000000                SystemCoreClock
 .data.gpio_input_port
                0x0000000020000004       0x10 ./Csro/Foundation/fnd_input/fnd_input_gpio.o
                0x0000000020000004                gpio_input_port
 .data.gpio_input_pin
                0x0000000020000014        0x8 ./Csro/Foundation/fnd_input/fnd_input_gpio.o
                0x0000000020000014                gpio_input_pin
 .data.gpio_id_port
                0x000000002000001c       0x20 ./Csro/Foundation/fnd_input/fnd_input_gpio.o
                0x000000002000001c                gpio_id_port
 .data.gpio_id_pin
                0x000000002000003c       0x10 ./Csro/Foundation/fnd_input/fnd_input_gpio.o
                0x000000002000003c                gpio_id_pin
 .data.sht_i2c  0x000000002000004c        0x8 ./Csro/Foundation/fnd_input/fnd_input_i2c.o
                0x000000002000004c                sht_i2c
 .data.relay_port
                0x0000000020000054       0x18 ./Csro/Foundation/fnd_output/fnd_output_gpio.o
                0x0000000020000054                relay_port
 .data.relay_pin
                0x000000002000006c        0xc ./Csro/Foundation/fnd_output/fnd_output_gpio.o
                0x000000002000006c                relay_pin
 .data.stepper_port
                0x0000000020000078       0x40 ./Csro/Foundation/fnd_output/fnd_output_stepper.o
                0x0000000020000078                stepper_port
 .data.stepper_pin
                0x00000000200000b8       0x20 ./Csro/Foundation/fnd_output/fnd_output_stepper.o
                0x00000000200000b8                stepper_pin
 .data.uwTickPrio
                0x00000000200000d8        0x4 ./Drivers/STM32F4xx_HAL_Driver/Src/stm32f4xx_hal.o
                0x00000000200000d8                uwTickPrio
 .data.uwTickFreq
                0x00000000200000dc        0x1 ./Drivers/STM32F4xx_HAL_Driver/Src/stm32f4xx_hal.o
                0x00000000200000dc                uwTickFreq
 *fill*         0x00000000200000dd        0x3 
 .data.uxCriticalNesting
                0x00000000200000e0        0x4 ./Middlewares/Third_Party/FreeRTOS/Source/portable/GCC/ARM_CM4F/port.o
 .data._impure_ptr
                0x00000000200000e4        0x4 c:/st/stm32cubeide_1.7.0/stm32cubeide/plugins/com.st.stm32cube.ide.mcu.externaltools.gnu-tools-for-stm32.9-2020-q2-update.win32_2.0.0.202105311346/tools/bin/../lib/gcc/arm-none-eabi/9.3.1/../../../../arm-none-eabi/lib/thumb/v7e-m+fp/hard\libc_nano.a(lib_a-impure.o)
                0x00000000200000e4                _impure_ptr
 .data.impure_data
                0x00000000200000e8       0x60 c:/st/stm32cubeide_1.7.0/stm32cubeide/plugins/com.st.stm32cube.ide.mcu.externaltools.gnu-tools-for-stm32.9-2020-q2-update.win32_2.0.0.202105311346/tools/bin/../lib/gcc/arm-none-eabi/9.3.1/../../../../arm-none-eabi/lib/thumb/v7e-m+fp/hard\libc_nano.a(lib_a-impure.o)
 .data.__fdlib_version
                0x0000000020000148        0x1 c:/st/stm32cubeide_1.7.0/stm32cubeide/plugins/com.st.stm32cube.ide.mcu.externaltools.gnu-tools-for-stm32.9-2020-q2-update.win32_2.0.0.202105311346/tools/bin/../lib/gcc/arm-none-eabi/9.3.1/../../../../arm-none-eabi/lib/thumb/v7e-m+fp/hard\libm.a(lib_a-s_lib_ver.o)
                0x0000000020000148                __fdlib_version
 *(.RamFunc)
 *(.RamFunc*)
                0x000000002000014c                . = ALIGN (0x4)
 *fill*         0x0000000020000149        0x3 
                0x000000002000014c                _edata = .
                0x000000000800c628                _siccmram = LOADADDR (.ccmram)

.igot.plt       0x000000002000014c        0x0 load address 0x000000000800c628
 .igot.plt      0x000000002000014c        0x0 c:/st/stm32cubeide_1.7.0/stm32cubeide/plugins/com.st.stm32cube.ide.mcu.externaltools.gnu-tools-for-stm32.9-2020-q2-update.win32_2.0.0.202105311346/tools/bin/../lib/gcc/arm-none-eabi/9.3.1/thumb/v7e-m+fp/hard/crtbegin.o

.ccmram         0x0000000010000000        0x0 load address 0x000000000800c628
                0x0000000010000000                . = ALIGN (0x4)
                0x0000000010000000                _sccmram = .
 *(.ccmram)
 *(.ccmram*)
                0x0000000010000000                . = ALIGN (0x4)
                0x0000000010000000                _eccmram = .
                0x0000000010000000                . = ALIGN (0x4)

.bss            0x000000002000014c     0x6a38
                0x000000002000014c                _sbss = .
                0x000000002000014c                __bss_start__ = _sbss
 *(.bss)
 .bss           0x000000002000014c       0x1c c:/st/stm32cubeide_1.7.0/stm32cubeide/plugins/com.st.stm32cube.ide.mcu.externaltools.gnu-tools-for-stm32.9-2020-q2-update.win32_2.0.0.202105311346/tools/bin/../lib/gcc/arm-none-eabi/9.3.1/thumb/v7e-m+fp/hard/crtbegin.o
 *(.bss*)
 .bss.count.10222
                0x0000000020000168        0x1 ./Csro/Foundation/fnd_input/fnd_input.o
 *fill*         0x0000000020000169        0x3 
 .bss.KernelState
                0x000000002000016c        0x4 ./Middlewares/Third_Party/FreeRTOS/Source/CMSIS_RTOS_V2/cmsis_os2.o
 .bss.Idle_TCB.10952
                0x0000000020000170       0xbc ./Middlewares/Third_Party/FreeRTOS/Source/CMSIS_RTOS_V2/cmsis_os2.o
 .bss.Idle_Stack.10953
                0x000000002000022c      0x200 ./Middlewares/Third_Party/FreeRTOS/Source/CMSIS_RTOS_V2/cmsis_os2.o
 .bss.Timer_TCB.10959
                0x000000002000042c       0xbc ./Middlewares/Third_Party/FreeRTOS/Source/CMSIS_RTOS_V2/cmsis_os2.o
 .bss.Timer_Stack.10960
                0x00000000200004e8      0x400 ./Middlewares/Third_Party/FreeRTOS/Source/CMSIS_RTOS_V2/cmsis_os2.o
 .bss.pxCurrentTCB
                0x00000000200008e8        0x4 ./Middlewares/Third_Party/FreeRTOS/Source/tasks.o
                0x00000000200008e8                pxCurrentTCB
 .bss.pxReadyTasksLists
                0x00000000200008ec      0x460 ./Middlewares/Third_Party/FreeRTOS/Source/tasks.o
 .bss.xDelayedTaskList1
                0x0000000020000d4c       0x14 ./Middlewares/Third_Party/FreeRTOS/Source/tasks.o
 .bss.xDelayedTaskList2
                0x0000000020000d60       0x14 ./Middlewares/Third_Party/FreeRTOS/Source/tasks.o
 .bss.pxDelayedTaskList
                0x0000000020000d74        0x4 ./Middlewares/Third_Party/FreeRTOS/Source/tasks.o
 .bss.pxOverflowDelayedTaskList
                0x0000000020000d78        0x4 ./Middlewares/Third_Party/FreeRTOS/Source/tasks.o
 .bss.xPendingReadyList
                0x0000000020000d7c       0x14 ./Middlewares/Third_Party/FreeRTOS/Source/tasks.o
 .bss.xTasksWaitingTermination
                0x0000000020000d90       0x14 ./Middlewares/Third_Party/FreeRTOS/Source/tasks.o
 .bss.uxDeletedTasksWaitingCleanUp
                0x0000000020000da4        0x4 ./Middlewares/Third_Party/FreeRTOS/Source/tasks.o
 .bss.xSuspendedTaskList
                0x0000000020000da8       0x14 ./Middlewares/Third_Party/FreeRTOS/Source/tasks.o
 .bss.uxCurrentNumberOfTasks
                0x0000000020000dbc        0x4 ./Middlewares/Third_Party/FreeRTOS/Source/tasks.o
 .bss.xTickCount
                0x0000000020000dc0        0x4 ./Middlewares/Third_Party/FreeRTOS/Source/tasks.o
 .bss.uxTopReadyPriority
                0x0000000020000dc4        0x4 ./Middlewares/Third_Party/FreeRTOS/Source/tasks.o
 .bss.xSchedulerRunning
                0x0000000020000dc8        0x4 ./Middlewares/Third_Party/FreeRTOS/Source/tasks.o
 .bss.xPendedTicks
                0x0000000020000dcc        0x4 ./Middlewares/Third_Party/FreeRTOS/Source/tasks.o
 .bss.xYieldPending
                0x0000000020000dd0        0x4 ./Middlewares/Third_Party/FreeRTOS/Source/tasks.o
 .bss.xNumOfOverflows
                0x0000000020000dd4        0x4 ./Middlewares/Third_Party/FreeRTOS/Source/tasks.o
 .bss.uxTaskNumber
                0x0000000020000dd8        0x4 ./Middlewares/Third_Party/FreeRTOS/Source/tasks.o
 .bss.xNextTaskUnblockTime
                0x0000000020000ddc        0x4 ./Middlewares/Third_Party/FreeRTOS/Source/tasks.o
 .bss.xIdleTaskHandle
                0x0000000020000de0        0x4 ./Middlewares/Third_Party/FreeRTOS/Source/tasks.o
 .bss.uxSchedulerSuspended
                0x0000000020000de4        0x4 ./Middlewares/Third_Party/FreeRTOS/Source/tasks.o
 .bss.xActiveTimerList1
                0x0000000020000de8       0x14 ./Middlewares/Third_Party/FreeRTOS/Source/timers.o
 .bss.xActiveTimerList2
                0x0000000020000dfc       0x14 ./Middlewares/Third_Party/FreeRTOS/Source/timers.o
 .bss.pxCurrentTimerList
                0x0000000020000e10        0x4 ./Middlewares/Third_Party/FreeRTOS/Source/timers.o
 .bss.pxOverflowTimerList
                0x0000000020000e14        0x4 ./Middlewares/Third_Party/FreeRTOS/Source/timers.o
 .bss.xTimerQueue
                0x0000000020000e18        0x4 ./Middlewares/Third_Party/FreeRTOS/Source/timers.o
 .bss.xTimerTaskHandle
                0x0000000020000e1c        0x4 ./Middlewares/Third_Party/FreeRTOS/Source/timers.o
 .bss.xLastTime.7010
                0x0000000020000e20        0x4 ./Middlewares/Third_Party/FreeRTOS/Source/timers.o
 .bss.ucStaticTimerQueueStorage.7061
                0x0000000020000e24       0xa0 ./Middlewares/Third_Party/FreeRTOS/Source/timers.o
 .bss.xStaticTimerQueue.7060
                0x0000000020000ec4       0x50 ./Middlewares/Third_Party/FreeRTOS/Source/timers.o
 .bss.ucMaxSysCallPriority
                0x0000000020000f14        0x1 ./Middlewares/Third_Party/FreeRTOS/Source/portable/GCC/ARM_CM4F/port.o
 *fill*         0x0000000020000f15        0x3 
 .bss.ulMaxPRIGROUPValue
                0x0000000020000f18        0x4 ./Middlewares/Third_Party/FreeRTOS/Source/portable/GCC/ARM_CM4F/port.o
 .bss.ucHeap    0x0000000020000f1c     0x3c00 ./Middlewares/Third_Party/FreeRTOS/Source/portable/MemMang/heap_4.o
 .bss.xStart    0x0000000020004b1c        0x8 ./Middlewares/Third_Party/FreeRTOS/Source/portable/MemMang/heap_4.o
 .bss.pxEnd     0x0000000020004b24        0x4 ./Middlewares/Third_Party/FreeRTOS/Source/portable/MemMang/heap_4.o
 .bss.xFreeBytesRemaining
                0x0000000020004b28        0x4 ./Middlewares/Third_Party/FreeRTOS/Source/portable/MemMang/heap_4.o
 .bss.xMinimumEverFreeBytesRemaining
                0x0000000020004b2c        0x4 ./Middlewares/Third_Party/FreeRTOS/Source/portable/MemMang/heap_4.o
 .bss.xNumberOfSuccessfulAllocations
                0x0000000020004b30        0x4 ./Middlewares/Third_Party/FreeRTOS/Source/portable/MemMang/heap_4.o
 .bss.xNumberOfSuccessfulFrees
                0x0000000020004b34        0x4 ./Middlewares/Third_Party/FreeRTOS/Source/portable/MemMang/heap_4.o
 .bss.xBlockAllocatedBit
                0x0000000020004b38        0x4 ./Middlewares/Third_Party/FreeRTOS/Source/portable/MemMang/heap_4.o
 .bss.__malloc_free_list
                0x0000000020004b3c        0x4 c:/st/stm32cubeide_1.7.0/stm32cubeide/plugins/com.st.stm32cube.ide.mcu.externaltools.gnu-tools-for-stm32.9-2020-q2-update.win32_2.0.0.202105311346/tools/bin/../lib/gcc/arm-none-eabi/9.3.1/../../../../arm-none-eabi/lib/thumb/v7e-m+fp/hard\libc_nano.a(lib_a-nano-mallocr.o)
                0x0000000020004b3c                __malloc_free_list
 *(COMMON)
 COMMON         0x0000000020004b40       0xa8 ./Core/Src/adc.o
                0x0000000020004b40                hadc1
                0x0000000020004b88                hdma_adc1
 COMMON         0x0000000020004be8       0x4c ./Core/Src/freertos.o
                0x0000000020004be8                ida
                0x0000000020004bec                Task02Handle
                0x0000000020004bf0                Queue01Handle
                0x0000000020004bf4                Task04Handle
                0x0000000020004bf8                di
                0x0000000020004bfc                Task07Handle
                0x0000000020004c00                Task08Handle
                0x0000000020004c04                Task01Handle
                0x0000000020004c08                Task06Handle
                0x0000000020004c0c                ntc_temp
                0x0000000020004c24                Task03Handle
                0x0000000020004c28                Task05Handle
                0x0000000020004c2c                idb
                0x0000000020004c30                Queue02Handle
 COMMON         0x0000000020004c34       0xa8 ./Core/Src/i2c.o
                0x0000000020004c34                hi2c3
                0x0000000020004c88                hi2c1
 COMMON         0x0000000020004cdc       0x48 ./Core/Src/stm32f4xx_hal_timebase_tim.o
                0x0000000020004cdc                htim14
 COMMON         0x0000000020004d24       0xd8 ./Core/Src/tim.o
                0x0000000020004d24                htim3
                0x0000000020004d6c                htim1
                0x0000000020004db4                htim2
 COMMON         0x0000000020004dfc      0x410 ./Core/Src/usart.o
                0x0000000020004dfc                hdma_usart2_rx
                0x0000000020004e5c                hdma_usart6_rx
                0x0000000020004ebc                hdma_usart3_rx
                0x0000000020004f1c                huart3
                0x0000000020004f60                hdma_usart3_tx
                0x0000000020004fc0                hdma_usart1_tx
                0x0000000020005020                hdma_usart6_tx
                0x0000000020005080                hdma_usart1_rx
                0x00000000200050e0                hdma_usart2_tx
                0x0000000020005140                huart1
                0x0000000020005184                huart6
                0x00000000200051c8                huart2
 COMMON         0x000000002000520c     0x1688 ./Csro/Foundation/fnd_com/fnd_com.o
                0x000000002000520c                slaves
                0x0000000020005a4c                sys_regs
                0x000000002000604c                master
 COMMON         0x0000000020006894      0x208 ./Csro/Foundation/fnd_input/fnd_input_adc.o
                0x0000000020006894                fnd_adc_data
 COMMON         0x0000000020006a9c        0x8 ./Csro/Foundation/fnd_input/fnd_input_tim.o
                0x0000000020006a9c                spd_pulse
 COMMON         0x0000000020006aa4       0x90 ./Csro/Foundation/fnd_output/fnd_output_stepper.o
                0x0000000020006aa4                motor
 COMMON         0x0000000020006b34        0x4 ./Drivers/STM32F4xx_HAL_Driver/Src/stm32f4xx_hal.o
                0x0000000020006b34                uwTick
 COMMON         0x0000000020006b38       0x40 ./Middlewares/Third_Party/FreeRTOS/Source/queue.o
                0x0000000020006b38                xQueueRegistry
 COMMON         0x0000000020006b78        0x9 c:/st/stm32cubeide_1.7.0/stm32cubeide/plugins/com.st.stm32cube.ide.mcu.externaltools.gnu-tools-for-stm32.9-2020-q2-update.win32_2.0.0.202105311346/tools/bin/../lib/gcc/arm-none-eabi/9.3.1/../../../../arm-none-eabi/lib/thumb/v7e-m+fp/hard\libc_nano.a(lib_a-lock.o)
                0x0000000020006b78                __lock___atexit_recursive_mutex
                0x0000000020006b79                __lock___arc4random_mutex
                0x0000000020006b7a                __lock___env_recursive_mutex
                0x0000000020006b7b                __lock___sinit_recursive_mutex
                0x0000000020006b7c                __lock___malloc_recursive_mutex
                0x0000000020006b7d                __lock___at_quick_exit_mutex
                0x0000000020006b7e                __lock___dd_hash_mutex
                0x0000000020006b7f                __lock___tz_mutex
                0x0000000020006b80                __lock___sfp_recursive_mutex
                0x0000000020006b84                . = ALIGN (0x4)
 *fill*         0x0000000020006b81        0x3 
                0x0000000020006b84                _ebss = .